Archive member included to satisfy reference by file (symbol)

C:/Program Files (x86)/ABOV/eMStudio32/bin/13.2 Rel1/bin/../lib/gcc/arm-none-eabi/13.2.1/thumb/v7e-m/nofp\libgcc.a(_aeabi_uldivmod.o)
                              ./Main/prv_user_code.o (__aeabi_uldivmod)
C:/Program Files (x86)/ABOV/eMStudio32/bin/13.2 Rel1/bin/../lib/gcc/arm-none-eabi/13.2.1/thumb/v7e-m/nofp\libgcc.a(_udivmoddi4.o)
                              C:/Program Files (x86)/ABOV/eMStudio32/bin/13.2 Rel1/bin/../lib/gcc/arm-none-eabi/13.2.1/thumb/v7e-m/nofp\libgcc.a(_aeabi_uldivmod.o) (__udivmoddi4)
C:/Program Files (x86)/ABOV/eMStudio32/bin/13.2 Rel1/bin/../lib/gcc/arm-none-eabi/13.2.1/thumb/v7e-m/nofp\libgcc.a(_dvmd_tls.o)
                              C:/Program Files (x86)/ABOV/eMStudio32/bin/13.2 Rel1/bin/../lib/gcc/arm-none-eabi/13.2.1/thumb/v7e-m/nofp\libgcc.a(_aeabi_uldivmod.o) (__aeabi_ldiv0)
C:/Program Files (x86)/ABOV/eMStudio32/bin/13.2 Rel1/bin/../lib/gcc/arm-none-eabi/13.2.1/thumb/v7e-m/nofp\libg_nano.a(libc_a-exit.o)
                              C:/Program Files (x86)/ABOV/eMStudio32/bin/13.2 Rel1/bin/../lib/gcc/arm-none-eabi/13.2.1/thumb/v7e-m/nofp/crt0.o (exit)
C:/Program Files (x86)/ABOV/eMStudio32/bin/13.2 Rel1/bin/../lib/gcc/arm-none-eabi/13.2.1/thumb/v7e-m/nofp\libg_nano.a(libc_a-findfp.o)
                              C:/Program Files (x86)/ABOV/eMStudio32/bin/13.2 Rel1/bin/../lib/gcc/arm-none-eabi/13.2.1/thumb/v7e-m/nofp\libg_nano.a(libc_a-exit.o) (__stdio_exit_handler)
C:/Program Files (x86)/ABOV/eMStudio32/bin/13.2 Rel1/bin/../lib/gcc/arm-none-eabi/13.2.1/thumb/v7e-m/nofp\libg_nano.a(libc_a-fwalk.o)
                              C:/Program Files (x86)/ABOV/eMStudio32/bin/13.2 Rel1/bin/../lib/gcc/arm-none-eabi/13.2.1/thumb/v7e-m/nofp\libg_nano.a(libc_a-findfp.o) (_fwalk_sglue)
C:/Program Files (x86)/ABOV/eMStudio32/bin/13.2 Rel1/bin/../lib/gcc/arm-none-eabi/13.2.1/thumb/v7e-m/nofp\libg_nano.a(libc_a-stdio.o)
                              C:/Program Files (x86)/ABOV/eMStudio32/bin/13.2 Rel1/bin/../lib/gcc/arm-none-eabi/13.2.1/thumb/v7e-m/nofp\libg_nano.a(libc_a-findfp.o) (__sread)
C:/Program Files (x86)/ABOV/eMStudio32/bin/13.2 Rel1/bin/../lib/gcc/arm-none-eabi/13.2.1/thumb/v7e-m/nofp\libg_nano.a(libc_a-vsnprintf.o)
                              ./Main/DebugLibrary/debug_framework.o (vsnprintf)
C:/Program Files (x86)/ABOV/eMStudio32/bin/13.2 Rel1/bin/../lib/gcc/arm-none-eabi/13.2.1/thumb/v7e-m/nofp\libg_nano.a(libc_a-memset.o)
                              C:/Program Files (x86)/ABOV/eMStudio32/bin/13.2 Rel1/bin/../lib/gcc/arm-none-eabi/13.2.1/thumb/v7e-m/nofp/crt0.o (memset)
C:/Program Files (x86)/ABOV/eMStudio32/bin/13.2 Rel1/bin/../lib/gcc/arm-none-eabi/13.2.1/thumb/v7e-m/nofp\libg_nano.a(libc_a-closer.o)
                              C:/Program Files (x86)/ABOV/eMStudio32/bin/13.2 Rel1/bin/../lib/gcc/arm-none-eabi/13.2.1/thumb/v7e-m/nofp\libg_nano.a(libc_a-stdio.o) (_close_r)
C:/Program Files (x86)/ABOV/eMStudio32/bin/13.2 Rel1/bin/../lib/gcc/arm-none-eabi/13.2.1/thumb/v7e-m/nofp\libg_nano.a(libc_a-reent.o)
                              C:/Program Files (x86)/ABOV/eMStudio32/bin/13.2 Rel1/bin/../lib/gcc/arm-none-eabi/13.2.1/thumb/v7e-m/nofp\libg_nano.a(libc_a-closer.o) (errno)
C:/Program Files (x86)/ABOV/eMStudio32/bin/13.2 Rel1/bin/../lib/gcc/arm-none-eabi/13.2.1/thumb/v7e-m/nofp\libg_nano.a(libc_a-impure.o)
                              C:/Program Files (x86)/ABOV/eMStudio32/bin/13.2 Rel1/bin/../lib/gcc/arm-none-eabi/13.2.1/thumb/v7e-m/nofp\libg_nano.a(libc_a-vsnprintf.o) (_impure_ptr)
C:/Program Files (x86)/ABOV/eMStudio32/bin/13.2 Rel1/bin/../lib/gcc/arm-none-eabi/13.2.1/thumb/v7e-m/nofp\libg_nano.a(libc_a-lseekr.o)
                              C:/Program Files (x86)/ABOV/eMStudio32/bin/13.2 Rel1/bin/../lib/gcc/arm-none-eabi/13.2.1/thumb/v7e-m/nofp\libg_nano.a(libc_a-stdio.o) (_lseek_r)
C:/Program Files (x86)/ABOV/eMStudio32/bin/13.2 Rel1/bin/../lib/gcc/arm-none-eabi/13.2.1/thumb/v7e-m/nofp\libg_nano.a(libc_a-readr.o)
                              C:/Program Files (x86)/ABOV/eMStudio32/bin/13.2 Rel1/bin/../lib/gcc/arm-none-eabi/13.2.1/thumb/v7e-m/nofp\libg_nano.a(libc_a-stdio.o) (_read_r)
C:/Program Files (x86)/ABOV/eMStudio32/bin/13.2 Rel1/bin/../lib/gcc/arm-none-eabi/13.2.1/thumb/v7e-m/nofp\libg_nano.a(libc_a-writer.o)
                              C:/Program Files (x86)/ABOV/eMStudio32/bin/13.2 Rel1/bin/../lib/gcc/arm-none-eabi/13.2.1/thumb/v7e-m/nofp\libg_nano.a(libc_a-stdio.o) (_write_r)
C:/Program Files (x86)/ABOV/eMStudio32/bin/13.2 Rel1/bin/../lib/gcc/arm-none-eabi/13.2.1/thumb/v7e-m/nofp\libg_nano.a(libc_a-init.o)
                              C:/Program Files (x86)/ABOV/eMStudio32/bin/13.2 Rel1/bin/../lib/gcc/arm-none-eabi/13.2.1/thumb/v7e-m/nofp/crt0.o (__libc_init_array)
C:/Program Files (x86)/ABOV/eMStudio32/bin/13.2 Rel1/bin/../lib/gcc/arm-none-eabi/13.2.1/thumb/v7e-m/nofp\libg_nano.a(libc_a-lock.o)
[...]
Memory Configuration

Name             Origin             Length             Attributes
FLASH            0x00000000         0x00200000         xr
RAM              0x20000000         0x00040000         xrw
*default*        0x00000000         0xffffffff

Linker script and memory map

LOAD C:/Program Files (x86)/ABOV/eMStudio32/bin/13.2 Rel1/bin/../lib/gcc/arm-none-eabi/13.2.1/thumb/v7e-m/nofp/crti.o
LOAD C:/Program Files (x86)/ABOV/eMStudio32/bin/13.2 Rel1/bin/../lib/gcc/arm-none-eabi/13.2.1/thumb/v7e-m/nofp/crtbegin.o
LOAD C:/Program Files (x86)/ABOV/eMStudio32/bin/13.2 Rel1/bin/../lib/gcc/arm-none-eabi/13.2.1/thumb/v7e-m/nofp/crt0.o
LOAD ./Main/MP23ABS1/mp23abs1_sensor.o
LOAD ./Main/DebugLibrary/debug_framework.o
LOAD ./Main/main.o
LOAD ./Main/prv_scu_clk.o
LOAD ./Main/prv_user_code.o
LOAD ./Main/user_adc.o
LOAD ./Main/user_adc_isr.o
LOAD ./Main/user_uart.o
LOAD ./Main/user_uart_isr.o
LOAD ./HAL/WDT/hal_wdt.o
LOAD ./HAL/VREFBUF/hal_vrefbuf.o
LOAD ./HAL/USART/hal_usart.o
LOAD ./HAL/UART/hal_uart.o
LOAD ./HAL/Timer1/hal_timer1.o
LOAD ./HAL/SPI/hal_spi.o
LOAD ./HAL/SCU/hal_scu.o
LOAD ./HAL/SCU/hal_scu_clk.o
LOAD ./HAL/SCU/hal_scu_lvd.o
LOAD ./HAL/SCU/hal_scu_pwr.o
LOAD ./HAL/RTC/hal_rtc.o
LOAD ./HAL/RNG/hal_rng.o
LOAD ./HAL/QSPI/hal_qspi.o
LOAD ./HAL/QEI/hal_qei.o
LOAD ./HAL/PWM/hal_pwm.o
LOAD ./HAL/PGA/hal_pga.o
LOAD ./HAL/PCU/hal_pcu.o
LOAD ./HAL/MPWM/hal_mpwm.o
LOAD ./HAL/LPUART/hal_lpuart.o
LOAD ./HAL/LCD/hal_lcd.o
LOAD ./HAL/I2C/hal_i2c.o
LOAD ./HAL/HPL/NMI/hpl_nmi.o
LOAD ./HAL/HPL/DMA/hpl_dma.o
LOAD ./HAL/FRT/hal_frt.o
LOAD ./HAL/FMC/hal_fmc.o
LOAD ./HAL/DAC/hal_dac.o
LOAD ./HAL/CRC/hal_crc.o
LOAD ./HAL/CMP/hal_cmp.o
LOAD ./HAL/AES/hal_aes.o
LOAD ./HAL/ADC/hal_adc.o
LOAD ./Debug/Source/debug.o
LOAD ./Debug/Source/debug_cmd.o
LOAD ./Debug/Source/debug_hardfault.o
LOAD ./Debug/Source/debug_log.o
LOAD ./Debug/Source/debug_retarget.o
LOAD ./Debug/Source/debug_serial.o
LOAD ./ABOV/Source/startup_a34xxxx.o
LOAD ./ABOV/Source/system_a34xxxx.o
START GROUP
LOAD C:/Program Files (x86)/ABOV/eMStudio32/bin/13.2 Rel1/bin/../lib/gcc/arm-none-eabi/13.2.1/thumb/v7e-m/nofp\libgcc.a
LOAD C:/Program Files (x86)/ABOV/eMStudio32/bin/13.2 Rel1/bin/../lib/gcc/arm-none-eabi/13.2.1/thumb/v7e-m/nofp\libg_nano.a
LOAD C:/Program Files (x86)/ABOV/eMStudio32/bin/13.2 Rel1/bin/../lib/gcc/arm-none-eabi/13.2.1/thumb/v7e-m/nofp\libc_nano.a
END GROUP
START GROUP
LOAD C:/Program Files (x86)/ABOV/eMStudio32/bin/13.2 Rel1/bin/../lib/gcc/arm-none-eabi/13.2.1/thumb/v7e-m/nofp\libgcc.a
LOAD C:/Program Files (x86)/ABOV/eMStudio32/bin/13.2 Rel1/bin/../lib/gcc/arm-none-eabi/13.2.1/thumb/v7e-m/nofp\libc_nano.a
LOAD C:/Program Files (x86)/ABOV/eMStudio32/bin/13.2 Rel1/bin/../lib/gcc/arm-none-eabi/13.2.1/thumb/v7e-m/nofp\libnosys.a
END GROUP
START GROUP
LOAD C:/Program Files (x86)/ABOV/eMStudio32/bin/13.2 Rel1/bin/../lib/gcc/arm-none-eabi/13.2.1/thumb/v7e-m/nofp\libgcc.a
LOAD C:/Program Files (x86)/ABOV/eMStudio32/bin/13.2 Rel1/bin/../lib/gcc/arm-none-eabi/13.2.1/thumb/v7e-m/nofp\libc_nano.a
LOAD C:/Program Files (x86)/ABOV/eMStudio32/bin/13.2 Rel1/bin/../lib/gcc/arm-none-eabi/13.2.1/thumb/v7e-m/nofp\libnosys.a
END GROUP
LOAD C:/Program Files (x86)/ABOV/eMStudio32/bin/13.2 Rel1/bin/../lib/gcc/arm-none-eabi/13.2.1/thumb/v7e-m/nofp/crtend.o
LOAD C:/Program Files (x86)/ABOV/eMStudio32/bin/13.2 Rel1/bin/../lib/gcc/arm-none-eabi/13.2.1/thumb/v7e-m/nofp/crtn.o
                0x00000000                        __ROM_BASE = 0x0
                0x00200000                        __ROM_SIZE = 0x200000
                0x20000000                        __RAM_BASE = 0x20000000
                0x00040000                        __RAM_SIZE = 0x40000
                0x00000400                        __STACK_SIZE = 0x400
                0x00000400                        __HEAP_SIZE = 0x400

.text           0x00000000     0x31f4
 *(.vectors)
 .vectors       0x00000000      0x3c0 ./ABOV/Source/startup_a34xxxx.o
                0x00000000                __Vectors
 *(.text*)
 .text.deregister_tm_clones
                0x000003c0       0x1c C:/Program Files (x86)/ABOV/eMStudio32/bin/13.2 Rel1/bin/../lib/gcc/arm-none-eabi/13.2.1/thumb/v7e-m/nofp/crtbegin.o
 .text.register_tm_clones
                0x000003dc       0x24 C:/Program Files (x86)/ABOV/eMStudio32/bin/13.2 Rel1/bin/../lib/gcc/arm-none-eabi/13.2.1/thumb/v7e-m/nofp/crtbegin.o
 .text.__do_global_dtors_aux
                0x00000400       0x28 C:/Program Files (x86)/ABOV/eMStudio32/bin/13.2 Rel1/bin/../lib/gcc/arm-none-eabi/13.2.1/thumb/v7e-m/nofp/crtbegin.o
 .text.frame_dummy
                0x00000428       0x24 C:/Program Files (x86)/ABOV/eMStudio32/bin/13.2 Rel1/bin/../lib/gcc/arm-none-eabi/13.2.1/thumb/v7e-m/nofp/crtbegin.o
 .text          0x0000044c       0x7c C:/Program Files (x86)/ABOV/eMStudio32/bin/13.2 Rel1/bin/../lib/gcc/arm-none-eabi/13.2.1/thumb/v7e-m/nofp/crt0.o
                0x0000044c                _stack_init
                0x00000454                _start
                0x00000454                _mainCRTStartup
 .text.MP23ABS1_GPIO_Init
                0x000004c8       0x28 ./Main/MP23ABS1/mp23abs1_sensor.o
 .text.MP23ABS1_Init
                0x000004f0       0x9c ./Main/MP23ABS1/mp23abs1_sensor.o
                0x000004f0                MP23ABS1_Init
 .text.MP23ABS1_StartRecording
                0x0000058c       0x38 ./Main/MP23ABS1/mp23abs1_sensor.o
                0x0000058c                MP23ABS1_StartRecording
 .text.MP23ABS1_StopRecording
                0x000005c4       0x28 ./Main/MP23ABS1/mp23abs1_sensor.o
                0x000005c4                MP23ABS1_StopRecording
 .text.MP23ABS1_GetSampleCount
                0x000005ec        0xc ./Main/MP23ABS1/mp23abs1_sensor.o
                0x000005ec                MP23ABS1_GetSampleCount
 .text.MP23ABS1_ApplyHPFilter
                0x000005f8       0x6c ./Main/MP23ABS1/mp23abs1_sensor.o
                0x000005f8                MP23ABS1_ApplyHPFilter
 .text.MP23ABS1_BufferReady_Callback
                0x00000664        0x2 ./Main/MP23ABS1/mp23abs1_sensor.o
                0x00000664                MP23ABS1_BufferReady_Callback
 *fill*         0x00000666        0x2 
 .text.MP23ABS1_ProcessSample
                0x00000668       0x48 ./Main/MP23ABS1/mp23abs1_sensor.o
 .text.MP23ABS1_TimerHandler
                0x000006b0       0x2c ./Main/MP23ABS1/mp23abs1_sensor.o
                0x000006b0                MP23ABS1_TimerHandler
 .text.PRV_SendByte
                0x000006dc       0x30 ./Main/DebugLibrary/debug_framework.o
 .text.DebugFramework_Init
                0x0000070c       0x1c ./Main/DebugLibrary/debug_framework.o
                0x0000070c                DebugFramework_Init
 .text.DebugFramework_Puts
                0x00000728       0x28 ./Main/DebugLibrary/debug_framework.o
                0x00000728                DebugFramework_Puts
 .text.DebugFramework_Printf
                0x00000750       0x50 ./Main/DebugLibrary/debug_framework.o
                0x00000750                DebugFramework_Printf
 .text.PRV_PORT_Init
                0x000007a0       0xf0 ./Main/main.o
 .text.main     0x00000890       0x1a ./Main/main.o
                0x00000890                main
 *fill*         0x000008aa        0x2 
 .text.PRV_SCU_CLK_Init
                0x000008ac       0x90 ./Main/prv_scu_clk.o
                0x000008ac                PRV_SCU_CLK_Init
 .text.Compute_RMS
                0x0000093c       0xa2 ./Main/prv_user_code.o
 *fill*         0x000009de        0x2 
 .text.SeqAdc_RunOnce
                0x000009e0       0x90 ./Main/prv_user_code.o
 .text.Mic_Init
                0x00000a70       0x30 ./Main/prv_user_code.o
 .text.Print_MicAndAvdd
                0x00000aa0       0x4c ./Main/prv_user_code.o
 .text.SysTick_Handler
                0x00000aec       0x34 ./Main/prv_user_code.o
                0x00000aec                SysTick_Handler
 .text.SYSTICK_Wait
                0x00000b20       0x14 ./Main/prv_user_code.o
                0x00000b20                SYSTICK_Wait
 .text.ADC_SequentialMode_Run
                0x00000b34       0x5c ./Main/prv_user_code.o
 .text.SeqAdc_ReadMicSample
                0x00000b90       0x2c ./Main/prv_user_code.o
                0x00000b90                SeqAdc_ReadMicSample
 .text.PRV_USER_Code
                0x00000bbc       0x60 ./Main/prv_user_code.o
                0x00000bbc                PRV_USER_Code
 .text.Init_ADC_ID_0
                0x00000c1c       0xac ./Main/user_adc.o
 .text.PRV_ADC_Init
                0x00000cc8        0x8 ./Main/user_adc.o
                0x00000cc8                PRV_ADC_Init
 .text.ADC_IRQHandler_ADC_ID_0
                0x00000cd0        0x2 ./Main/user_adc_isr.o
                0x00000cd0                ADC_IRQHandler_ADC_ID_0
 *fill*         0x00000cd2        0x2 
 .text.Init_UART_ID_0
                0x00000cd4       0x5c ./Main/user_uart.o
 .text.PRV_UART_Init
                0x00000d30        0x8 ./Main/user_uart.o
                0x00000d30                PRV_UART_Init
 .text.UART_IRQHandler_UART_ID_0
                0x00000d38        0x2 ./Main/user_uart_isr.o
                0x00000d38                UART_IRQHandler_UART_ID_0
 *fill*         0x00000d3a        0x2 
 .text.__NVIC_EnableIRQ
                0x00000d3c       0x1c ./HAL/UART/hal_uart.o
 .text.__NVIC_DisableIRQ
                0x00000d58       0x24 ./HAL/UART/hal_uart.o
 .text.__NVIC_SetPriority
                0x00000d7c       0x28 ./HAL/UART/hal_uart.o
 .text.UART_SetScuEnable
                0x00000da4       0xb0 ./HAL/UART/hal_uart.o
 .text.UART_GetIRQNum
                0x00000e54       0x50 ./HAL/UART/hal_uart.o
 .text.UART_SetClk
                0x00000ea4       0xc0 ./HAL/UART/hal_uart.o
 .text.PRV_UART_GetReg
                0x00000f64        0xa ./HAL/UART/hal_uart.o
 .text.PRV_UART_SetScuEnable
                0x00000f6e        0x8 ./HAL/UART/hal_uart.o
 *fill*         0x00000f76        0x2 
 .text.PRV_UART_IRQHandler
                0x00000f78      0x130 ./HAL/UART/hal_uart.o
 .text.PRV_UART_NMIHandler
                0x000010a8       0x2c ./HAL/UART/hal_uart.o
 .text.HAL_UART_Init
                0x000010d4       0x58 ./HAL/UART/hal_uart.o
                0x000010d4                HAL_UART_Init
 .text.HAL_UART_SetClkConfig
                0x0000112c       0x16 ./HAL/UART/hal_uart.o
                0x0000112c                HAL_UART_SetClkConfig
 *fill*         0x00001142        0x2 
 .text.HAL_UART_SetConfig
                0x00001144       0xa8 ./HAL/UART/hal_uart.o
                0x00001144                HAL_UART_SetConfig
 .text.HAL_UART_SetIRQ
                0x000011ec      0x114 ./HAL/UART/hal_uart.o
                0x000011ec                HAL_UART_SetIRQ
 .text.HAL_UART_Transmit
                0x00001300       0xc4 ./HAL/UART/hal_uart.o
                0x00001300                HAL_UART_Transmit
 .text.Interrupt63_Handler
                0x000013c4        0xa ./HAL/UART/hal_uart.o
                0x000013c4                Interrupt63_Handler
 .text.Interrupt64_Handler
                0x000013ce        0xa ./HAL/UART/hal_uart.o
                0x000013ce                Interrupt64_Handler
 .text.Interrupt65_Handler
                0x000013d8        0xa ./HAL/UART/hal_uart.o
                0x000013d8                Interrupt65_Handler
 .text.Interrupt66_Handler
                0x000013e2        0xa ./HAL/UART/hal_uart.o
                0x000013e2                Interrupt66_Handler
 .text.Interrupt67_Handler
                0x000013ec        0xa ./HAL/UART/hal_uart.o
                0x000013ec                Interrupt67_Handler
 .text.Interrupt68_Handler
                0x000013f6        0xa ./HAL/UART/hal_uart.o
                0x000013f6                Interrupt68_Handler
 .text.Interrupt108_Handler
                0x00001400        0xa ./HAL/UART/hal_uart.o
                0x00001400                Interrupt108_Handler
 .text.Interrupt109_Handler
                0x0000140a        0xa ./HAL/UART/hal_uart.o
                0x0000140a                Interrupt109_Handler
 .text.Interrupt110_Handler
                0x00001414        0xa ./HAL/UART/hal_uart.o
                0x00001414                Interrupt110_Handler
 .text.Interrupt111_Handler
                0x0000141e        0xa ./HAL/UART/hal_uart.o
                0x0000141e                Interrupt111_Handler
 .text.Interrupt112_Handler
                0x00001428        0xa ./HAL/UART/hal_uart.o
                0x00001428                Interrupt112_Handler
 .text.Interrupt113_Handler
                0x00001432        0xa ./HAL/UART/hal_uart.o
                0x00001432                Interrupt113_Handler
 .text.Interrupt114_Handler
                0x0000143c        0xa ./HAL/UART/hal_uart.o
                0x0000143c                Interrupt114_Handler
 *fill*         0x00001446        0x2 
 .text.SCUCLK_SetFlashLatency
                0x00001448       0x58 ./HAL/SCU/hal_scu_clk.o
 .text.SCUCLK_SetMClk
                0x000014a0       0xe4 ./HAL/SCU/hal_scu_clk.o
 .text.SCUCLK_SetClkOut
                0x00001584       0x68 ./HAL/SCU/hal_scu_clk.o
 .text.SCUCLK_SetPLLSrcDiv
                0x000015ec       0x78 ./HAL/SCU/hal_scu_clk.o
 .text.PRV_SCUCLK_PLLDelay
                0x00001664       0x40 ./HAL/SCU/hal_scu_clk.o
 .text.PRV_SCUCLK_IRQHandler
                0x000016a4       0x78 ./HAL/SCU/hal_scu_clk.o
 .text.HAL_SCU_CLK_SetMClk
                0x0000171c       0xc0 ./HAL/SCU/hal_scu_clk.o
                0x0000171c                HAL_SCU_CLK_SetMClk
 .text.HAL_SCU_CLK_SetSrcEnable
                0x000017dc       0x62 ./HAL/SCU/hal_scu_clk.o
                0x000017dc                HAL_SCU_CLK_SetSrcEnable
 *fill*         0x0000183e        0x2 
 .text.HAL_SCU_CLK_SetPLLConfig
                0x00001840       0xe4 ./HAL/SCU/hal_scu_clk.o
                0x00001840                HAL_SCU_CLK_SetPLLConfig
 .text.HAL_SCU_CLK_SetOutput
                0x00001924       0x1c ./HAL/SCU/hal_scu_clk.o
                0x00001924                HAL_SCU_CLK_SetOutput
 .text.HAL_SCU_CLK_SetPClkDiv
                0x00001940       0x30 ./HAL/SCU/hal_scu_clk.o
                0x00001940                HAL_SCU_CLK_SetPClkDiv
 .text.Interrupt1_Handler
                0x00001970        0xa ./HAL/SCU/hal_scu_clk.o
                0x00001970                Interrupt1_Handler
 .text.Interrupt2_Handler
                0x0000197a        0xa ./HAL/SCU/hal_scu_clk.o
                0x0000197a                Interrupt2_Handler
 .text.Interrupt3_Handler
                0x00001984        0xa ./HAL/SCU/hal_scu_clk.o
                0x00001984                Interrupt3_Handler
 .text.PRV_PCU_GetVaildPort
                0x0000198e        0xe ./HAL/PCU/hal_pcu.o
 .text.PRV_PCU_IRQHandler
                0x0000199c       0x54 ./HAL/PCU/hal_pcu.o
 .text.PCU0_INT_IRQHandler
                0x000019f0       0x18 ./HAL/PCU/hal_pcu.o
 .text.PCU1_INT_IRQHandler
                0x00001a08       0x18 ./HAL/PCU/hal_pcu.o
 .text.PCU2_INT_IRQHandler
                0x00001a20       0x18 ./HAL/PCU/hal_pcu.o
 .text.PCU3_INT_IRQHandler
                0x00001a38       0x18 ./HAL/PCU/hal_pcu.o
 .text.PCU4_INT_IRQHandler
                0x00001a50       0x18 ./HAL/PCU/hal_pcu.o
 .text.PCU5_INT_IRQHandler
                0x00001a68       0x18 ./HAL/PCU/hal_pcu.o
 .text.PCU6_INT_IRQHandler
                0x00001a80       0x18 ./HAL/PCU/hal_pcu.o
 .text.HAL_PCU_SetAltMode
                0x00001a98       0xa0 ./HAL/PCU/hal_pcu.o
                0x00001a98                HAL_PCU_SetAltMode
 .text.HAL_PCU_SetInOutMode
                0x00001b38       0xa0 ./HAL/PCU/hal_pcu.o
                0x00001b38                HAL_PCU_SetInOutMode
 .text.Interrupt36_Handler
                0x00001bd8        0x8 ./HAL/PCU/hal_pcu.o
                0x00001bd8                Interrupt36_Handler
 .text.Interrupt37_Handler
                0x00001be0        0x8 ./HAL/PCU/hal_pcu.o
                0x00001be0                Interrupt37_Handler
 .text.Interrupt38_Handler
                0x00001be8        0x8 ./HAL/PCU/hal_pcu.o
                0x00001be8                Interrupt38_Handler
 .text.Interrupt39_Handler
                0x00001bf0        0x8 ./HAL/PCU/hal_pcu.o
                0x00001bf0                Interrupt39_Handler
 .text.Interrupt40_Handler
                0x00001bf8        0x8 ./HAL/PCU/hal_pcu.o
                0x00001bf8                Interrupt40_Handler
 .text.Interrupt41_Handler
                0x00001c00        0x8 ./HAL/PCU/hal_pcu.o
                0x00001c00                Interrupt41_Handler
 .text.Interrupt42_Handler
                0x00001c08        0x8 ./HAL/PCU/hal_pcu.o
                0x00001c08                Interrupt42_Handler
 .text.PRV_NMI_IRQHandler
                0x00001c10       0x70 ./HAL/HPL/NMI/hpl_nmi.o
 .text.HPL_NMI_SetSource
                0x00001c80       0x58 ./HAL/HPL/NMI/hpl_nmi.o
                0x00001c80                HPL_NMI_SetSource
 .text.NMI_Handler
                0x00001cd8        0x8 ./HAL/HPL/NMI/hpl_nmi.o
                0x00001cd8                NMI_Handler
 .text.__NVIC_EnableIRQ
                0x00001ce0       0x1c ./HAL/ADC/hal_adc.o
 .text.__NVIC_DisableIRQ
                0x00001cfc       0x24 ./HAL/ADC/hal_adc.o
 .text.__NVIC_SetPriority
                0x00001d20       0x28 ./HAL/ADC/hal_adc.o
 .text.ADC_SetScuEnable
                0x00001d48       0x32 ./HAL/ADC/hal_adc.o
 .text.ADC_SetSeqTrgIndependent
                0x00001d7a       0x9a ./HAL/ADC/hal_adc.o
 .text.PRV_ADC_GetReg
                0x00001e14        0xc ./HAL/ADC/hal_adc.o
 .text.PRV_ADC_SetScuEnable
                0x00001e20        0x8 ./HAL/ADC/hal_adc.o
 .text.PRV_ADC_PreInit
                0x00001e28       0x58 ./HAL/ADC/hal_adc.o
 .text.PRV_ADC_IRQHandler
                0x00001e80       0x54 ./HAL/ADC/hal_adc.o
 .text.PRV_ADC_NMIHandler
                0x00001ed4       0x28 ./HAL/ADC/hal_adc.o
 .text.HAL_ADC_Init
                0x00001efc       0x38 ./HAL/ADC/hal_adc.o
                0x00001efc                HAL_ADC_Init
 .text.HAL_ADC_SetClkConfig
                0x00001f34       0x30 ./HAL/ADC/hal_adc.o
                0x00001f34                HAL_ADC_SetClkConfig
 .text.HAL_ADC_SetConfig
                0x00001f64       0x88 ./HAL/ADC/hal_adc.o
                0x00001f64                HAL_ADC_SetConfig
 .text.HAL_ADC_SetIRQ
                0x00001fec      0x11c ./HAL/ADC/hal_adc.o
                0x00001fec                HAL_ADC_SetIRQ
 .text.HAL_ADC_Start
                0x00002108       0x68 ./HAL/ADC/hal_adc.o
                0x00002108                HAL_ADC_Start
 .text.HAL_ADC_Stop
                0x00002170       0x60 ./HAL/ADC/hal_adc.o
                0x00002170                HAL_ADC_Stop
 .text.HAL_ADC_SetWaitComplete
                0x000021d0       0x2e ./HAL/ADC/hal_adc.o
                0x000021d0                HAL_ADC_SetWaitComplete
 .text.HAL_ADC_GetData
                0x000021fe       0x46 ./HAL/ADC/hal_adc.o
                0x000021fe                HAL_ADC_GetData
 .text.HAL_ADC_SetSeqConfig
                0x00002244       0x50 ./HAL/ADC/hal_adc.o
                0x00002244                HAL_ADC_SetSeqConfig
 .text.Interrupt74_Handler
                0x00002294        0xa ./HAL/ADC/hal_adc.o
                0x00002294                Interrupt74_Handler
 .text.Interrupt75_Handler
                0x0000229e        0xa ./HAL/ADC/hal_adc.o
                0x0000229e                Interrupt75_Handler
 .text.Interrupt76_Handler
                0x000022a8        0xa ./HAL/ADC/hal_adc.o
                0x000022a8                Interrupt76_Handler
 .text.HardFault_Handler
                0x000022b2        0x2 ./ABOV/Source/startup_a34xxxx.o
                0x000022b2                HardFault_Handler
 .text.Default_Handler
                0x000022b4        0x2 ./ABOV/Source/startup_a34xxxx.o
                0x000022b4                DebugMon_Handler
                0x000022b4                Interrupt31_Handler
                0x000022b4                Interrupt71_Handler
                0x000022b4                Interrupt93_Handler
                0x000022b4                Interrupt107_Handler
                0x000022b4                PendSV_Handler
                0x000022b4                Interrupt18_Handler
                0x000022b4                Interrupt11_Handler
                0x000022b4                Interrupt56_Handler
                0x000022b4                Interrupt117_Handler
                0x000022b4                Interrupt29_Handler
                0x000022b4                Interrupt103_Handler
                0x000022b4                Interrupt106_Handler
                0x000022b4                Interrupt72_Handler
                0x000022b4                Interrupt89_Handler
                0x000022b4                Interrupt21_Handler
                0x000022b4                Interrupt81_Handler
                0x000022b4                Interrupt28_Handler
                0x000022b4                Interrupt33_Handler
                0x000022b4                Interrupt8_Handler
                0x000022b4                Interrupt73_Handler
                0x000022b4                Interrupt61_Handler
                0x000022b4                Interrupt5_Handler
                0x000022b4                UsageFault_Handler
                0x000022b4                Interrupt35_Handler
                0x000022b4                Interrupt27_Handler
                0x000022b4                Interrupt26_Handler
                0x000022b4                Interrupt87_Handler
                0x000022b4                Interrupt123_Handler
                0x000022b4                Interrupt124_Handler
                0x000022b4                Interrupt90_Handler
                0x000022b4                Interrupt83_Handler
                0x000022b4                Interrupt122_Handler
                0x000022b4                Interrupt44_Handler
                0x000022b4                Interrupt34_Handler
                0x000022b4                Interrupt121_Handler
                0x000022b4                Interrupt7_Handler
                0x000022b4                Interrupt0_Handler
                0x000022b4                Interrupt54_Handler
                0x000022b4                Interrupt22_Handler
                0x000022b4                Interrupt120_Handler
                0x000022b4                Interrupt52_Handler
                0x000022b4                Interrupt105_Handler
                0x000022b4                Interrupt69_Handler
                0x000022b4                Interrupt4_Handler
                0x000022b4                Interrupt115_Handler
                0x000022b4                Interrupt24_Handler
                0x000022b4                Interrupt16_Handler
                0x000022b4                Default_Handler
                0x000022b4                Interrupt23_Handler
                0x000022b4                Interrupt17_Handler
                0x000022b4                Interrupt92_Handler
                0x000022b4                Interrupt9_Handler
                0x000022b4                Interrupt19_Handler
                0x000022b4                Interrupt118_Handler
                0x000022b4                Interrupt97_Handler
                0x000022b4                Interrupt32_Handler
                0x000022b4                Interrupt6_Handler
                0x000022b4                Interrupt53_Handler
                0x000022b4                Interrupt60_Handler
                0x000022b4                Interrupt79_Handler
                0x000022b4                Interrupt85_Handler
                0x000022b4                Interrupt98_Handler
                0x000022b4                Interrupt96_Handler
                0x000022b4                Interrupt45_Handler
                0x000022b4                MemManage_Handler
                0x000022b4                SVC_Handler
                0x000022b4                Interrupt10_Handler
                0x000022b4                Interrupt25_Handler
                0x000022b4                Interrupt88_Handler
                0x000022b4                Interrupt20_Handler
                0x000022b4                Interrupt101_Handler
                0x000022b4                Interrupt100_Handler
                0x000022b4                Interrupt43_Handler
                0x000022b4                Interrupt116_Handler
                0x000022b4                Interrupt91_Handler
                0x000022b4                Interrupt99_Handler
                0x000022b4                Interrupt102_Handler
                0x000022b4                Interrupt14_Handler
                0x000022b4                Interrupt82_Handler
                0x000022b4                Interrupt13_Handler
                0x000022b4                Interrupt58_Handler
                0x000022b4                Interrupt59_Handler
                0x000022b4                Interrupt46_Handler
                0x000022b4                Interrupt15_Handler
                0x000022b4                Interrupt51_Handler
                0x000022b4                Interrupt119_Handler
                0x000022b4                Interrupt70_Handler
                0x000022b4                Interrupt86_Handler
                0x000022b4                Interrupt48_Handler
                0x000022b4                BusFault_Handler
                0x000022b4                Interrupt94_Handler
                0x000022b4                Interrupt77_Handler
                0x000022b4                Interrupt55_Handler
                0x000022b4                Interrupt95_Handler
                0x000022b4                Interrupt50_Handler
                0x000022b4                Interrupt78_Handler
                0x000022b4                Interrupt30_Handler
                0x000022b4                Interrupt47_Handler
                0x000022b4                Interrupt57_Handler
                0x000022b4                Interrupt12_Handler
                0x000022b4                Interrupt84_Handler
                0x000022b4                Interrupt62_Handler
                0x000022b4                Interrupt104_Handler
                0x000022b4                Interrupt49_Handler
                0x000022b4                Interrupt80_Handler
 *fill*         0x000022b6        0x2 
 .text.Reset_Handler
                0x000022b8       0x60 ./ABOV/Source/startup_a34xxxx.o
                0x000022b8                Reset_Handler
 .text.SystemInit
                0x00002318       0x48 ./ABOV/Source/system_a34xxxx.o
                0x00002318                SystemInit
 .text.SystemDelayUS
                0x00002360       0x1c ./ABOV/Source/system_a34xxxx.o
                0x00002360                SystemDelayUS
 .text          0x0000237c       0x30 C:/Program Files (x86)/ABOV/eMStudio32/bin/13.2 Rel1/bin/../lib/gcc/arm-none-eabi/13.2.1/thumb/v7e-m/nofp\libgcc.a(_aeabi_uldivmod.o)
                0x0000237c                __aeabi_uldivmod
 .text.__udivmoddi4
                0x000023ac      0x2bc C:/Program Files (x86)/ABOV/eMStudio32/bin/13.2 Rel1/bin/../lib/gcc/arm-none-eabi/13.2.1/thumb/v7e-m/nofp\libgcc.a(_udivmoddi4.o)
                0x000023ac                __udivmoddi4
 .text          0x00002668        0x4 C:/Program Files (x86)/ABOV/eMStudio32/bin/13.2 Rel1/bin/../lib/gcc/arm-none-eabi/13.2.1/thumb/v7e-m/nofp\libgcc.a(_dvmd_tls.o)
                0x00002668                __aeabi_idiv0
                0x00002668                __aeabi_ldiv0
 .text.exit     0x0000266c       0x24 C:/Program Files (x86)/ABOV/eMStudio32/bin/13.2 Rel1/bin/../lib/gcc/arm-none-eabi/13.2.1/thumb/v7e-m/nofp\libg_nano.a(libc_a-exit.o)
                0x0000266c                exit
 .text._vsnprintf_r
                0x00002690       0x56 C:/Program Files (x86)/ABOV/eMStudio32/bin/13.2 Rel1/bin/../lib/gcc/arm-none-eabi/13.2.1/thumb/v7e-m/nofp\libg_nano.a(libc_a-vsnprintf.o)
                0x00002690                _vsniprintf_r
                0x00002690                _vsnprintf_r
 *fill*         0x000026e6        0x2 
 .text.vsnprintf
                0x000026e8       0x1c C:/Program Files (x86)/ABOV/eMStudio32/bin/13.2 Rel1/bin/../lib/gcc/arm-none-eabi/13.2.1/thumb/v7e-m/nofp\libg_nano.a(libc_a-vsnprintf.o)
                0x000026e8                vsniprintf
                0x000026e8                vsnprintf
 .text.memset   0x00002704       0x10 C:/Program Files (x86)/ABOV/eMStudio32/bin/13.2 Rel1/bin/../lib/gcc/arm-none-eabi/13.2.1/thumb/v7e-m/nofp\libg_nano.a(libc_a-memset.o)
                0x00002704                memset
 .text.__libc_init_array
                0x00002714       0x48 C:/Program Files (x86)/ABOV/eMStudio32/bin/13.2 Rel1/bin/../lib/gcc/arm-none-eabi/13.2.1/thumb/v7e-m/nofp\libg_nano.a(libc_a-init.o)
                0x00002714                __libc_init_array
 .text.__retarget_lock_acquire_recursive
                0x0000275c        0x2 C:/Program Files (x86)/ABOV/eMStudio32/bin/13.2 Rel1/bin/../lib/gcc/arm-none-eabi/13.2.1/thumb/v7e-m/nofp\libg_nano.a(libc_a-lock.o)
                0x0000275c                __retarget_lock_acquire_recursive
 .text.__retarget_lock_release_recursive
                0x0000275e        0x2 C:/Program Files (x86)/ABOV/eMStudio32/bin/13.2 Rel1/bin/../lib/gcc/arm-none-eabi/13.2.1/thumb/v7e-m/nofp\libg_nano.a(libc_a-lock.o)
                0x0000275e                __retarget_lock_release_recursive
 .text._free_r  0x00002760       0x94 C:/Program Files (x86)/ABOV/eMStudio32/bin/13.2 Rel1/bin/../lib/gcc/arm-none-eabi/13.2.1/thumb/v7e-m/nofp\libg_nano.a(libc_a-freer.o)
                0x00002760                _free_r
 .text.sbrk_aligned
                0x000027f4       0x44 C:/Program Files (x86)/ABOV/eMStudio32/bin/13.2 Rel1/bin/../lib/gcc/arm-none-eabi/13.2.1/thumb/v7e-m/nofp\libg_nano.a(libc_a-mallocr.o)
 .text._malloc_r
                0x00002838      0x100 C:/Program Files (x86)/ABOV/eMStudio32/bin/13.2 Rel1/bin/../lib/gcc/arm-none-eabi/13.2.1/thumb/v7e-m/nofp\libg_nano.a(libc_a-mallocr.o)
                0x00002838                _malloc_r
 .text.__malloc_lock
                0x00002938        0xc C:/Program Files (x86)/ABOV/eMStudio32/bin/13.2 Rel1/bin/../lib/gcc/arm-none-eabi/13.2.1/thumb/v7e-m/nofp\libg_nano.a(libc_a-mlock.o)
                0x00002938                __malloc_lock
 .text.__malloc_unlock
                0x00002944        0xc C:/Program Files (x86)/ABOV/eMStudio32/bin/13.2 Rel1/bin/../lib/gcc/arm-none-eabi/13.2.1/thumb/v7e-m/nofp\libg_nano.a(libc_a-mlock.o)
                0x00002944                __malloc_unlock
 .text.__ssputs_r
                0x00002950       0xb6 C:/Program Files (x86)/ABOV/eMStudio32/bin/13.2 Rel1/bin/../lib/gcc/arm-none-eabi/13.2.1/thumb/v7e-m/nofp\libg_nano.a(libc_a-nano-svfprintf.o)
                0x00002950                __ssputs_r
 *fill*         0x00002a06        0x2 
 .text._svfprintf_r
                0x00002a08      0x1f8 C:/Program Files (x86)/ABOV/eMStudio32/bin/13.2 Rel1/bin/../lib/gcc/arm-none-eabi/13.2.1/thumb/v7e-m/nofp\libg_nano.a(libc_a-nano-svfprintf.o)
                0x00002a08                _svfiprintf_r
                0x00002a08                _svfprintf_r
 .text._printf_common
                0x00002c00       0xda C:/Program Files (x86)/ABOV/eMStudio32/bin/13.2 Rel1/bin/../lib/gcc/arm-none-eabi/13.2.1/thumb/v7e-m/nofp\libg_nano.a(libc_a-nano-vfprintf_i.o)
                0x00002c00                _printf_common
 *fill*         0x00002cda        0x2 
 .text._printf_i
                0x00002cdc      0x23c C:/Program Files (x86)/ABOV/eMStudio32/bin/13.2 Rel1/bin/../lib/gcc/arm-none-eabi/13.2.1/thumb/v7e-m/nofp\libg_nano.a(libc_a-nano-vfprintf_i.o)
                0x00002cdc                _printf_i
 .text.memmove  0x00002f18       0x34 C:/Program Files (x86)/ABOV/eMStudio32/bin/13.2 Rel1/bin/../lib/gcc/arm-none-eabi/13.2.1/thumb/v7e-m/nofp\libg_nano.a(libc_a-memmove.o)
                0x00002f18                memmove
 .text._sbrk_r  0x00002f4c       0x20 C:/Program Files (x86)/ABOV/eMStudio32/bin/13.2 Rel1/bin/../lib/gcc/arm-none-eabi/13.2.1/thumb/v7e-m/nofp\libg_nano.a(libc_a-sbrkr.o)
                0x00002f4c                _sbrk_r
 *fill*         0x00002f6c        0x4 
 .text          0x00002f70       0xa0 C:/Program Files (x86)/ABOV/eMStudio32/bin/13.2 Rel1/bin/../lib/gcc/arm-none-eabi/13.2.1/thumb/v7e-m/nofp\libg_nano.a(libc_a-memchr.o)
                0x00002f70                memchr
 .text.memcpy   0x00003010       0x1c C:/Program Files (x86)/ABOV/eMStudio32/bin/13.2 Rel1/bin/../lib/gcc/arm-none-eabi/13.2.1/thumb/v7e-m/nofp\libg_nano.a(libc_a-memcpy-stub.o)
                0x00003010                memcpy
 .text._realloc_r
                0x0000302c       0x5c C:/Program Files (x86)/ABOV/eMStudio32/bin/13.2 Rel1/bin/../lib/gcc/arm-none-eabi/13.2.1/thumb/v7e-m/nofp\libg_nano.a(libc_a-reallocr.o)
                0x0000302c                _realloc_r
 .text._malloc_usable_size_r
                0x00003088       0x10 C:/Program Files (x86)/ABOV/eMStudio32/bin/13.2 Rel1/bin/../lib/gcc/arm-none-eabi/13.2.1/thumb/v7e-m/nofp\libg_nano.a(libc_a-msizer.o)
                0x00003088                _malloc_usable_size_r
 .text._sbrk    0x00003098       0x1c C:/Program Files (x86)/ABOV/eMStudio32/bin/13.2 Rel1/bin/../lib/gcc/arm-none-eabi/13.2.1/thumb/v7e-m/nofp\libnosys.a(sbrk.o)
                0x00003098                _sbrk
 .text._exit    0x000030b4        0x4 C:/Program Files (x86)/ABOV/eMStudio32/bin/13.2 Rel1/bin/../lib/gcc/arm-none-eabi/13.2.1/thumb/v7e-m/nofp\libnosys.a(_exit.o)
                0x000030b4                _exit
 *(.init)
 .init          0x000030b8        0x4 C:/Program Files (x86)/ABOV/eMStudio32/bin/13.2 Rel1/bin/../lib/gcc/arm-none-eabi/13.2.1/thumb/v7e-m/nofp/crti.o
                0x000030b8                _init
 .init          0x000030bc        0x8 C:/Program Files (x86)/ABOV/eMStudio32/bin/13.2 Rel1/bin/../lib/gcc/arm-none-eabi/13.2.1/thumb/v7e-m/nofp/crtn.o
 *(.fini)
 .fini          0x000030c4        0x4 C:/Program Files (x86)/ABOV/eMStudio32/bin/13.2 Rel1/bin/../lib/gcc/arm-none-eabi/13.2.1/thumb/v7e-m/nofp/crti.o
                0x000030c4                _fini
 .fini          0x000030c8        0x8 C:/Program Files (x86)/ABOV/eMStudio32/bin/13.2 Rel1/bin/../lib/gcc/arm-none-eabi/13.2.1/thumb/v7e-m/nofp/crtn.o
 *crtbegin.o(.ctors)
 *crtbegin?.o(.ctors)
 *(EXCLUDE_FILE(*crtend.o *crtend?.o) .ctors)
 *(SORT_BY_NAME(.ctors.*))
 *(.ctors)
 *crtbegin.o(.dtors)
 *crtbegin?.o(.dtors)
 *(EXCLUDE_FILE(*crtend.o *crtend?.o) .dtors)
 *(SORT_BY_NAME(.dtors.*))
 *(.dtors)
 *(.rodata*)
 .rodata        0x000030d0        0x9 ./Main/prv_scu_clk.o
 *fill*         0x000030d9        0x3 
 .rodata.Print_MicAndAvdd.str1.4
                0x000030dc       0x83 ./Main/prv_user_code.o
                                 0x44 (size before relaxing)
 .rodata.ADC_SequentialMode_Run.str1.4
                0x0000315f       0x26 ./Main/prv_user_code.o
 .rodata.PRV_USER_Code.str1.4
                0x0000315f       0x17 ./Main/prv_user_code.o
 *fill*         0x0000315f        0x1 
 .rodata        0x00003160        0xc ./Main/user_uart.o
 .rodata._svfprintf_r.str1.1
                0x0000316c       0x33 C:/Program Files (x86)/ABOV/eMStudio32/bin/13.2 Rel1/bin/../lib/gcc/arm-none-eabi/13.2.1/thumb/v7e-m/nofp\libg_nano.a(libc_a-nano-svfprintf.o)
                                 0x11 (size before relaxing)
 .rodata._printf_i.str1.1
                0x0000319f       0x22 C:/Program Files (x86)/ABOV/eMStudio32/bin/13.2 Rel1/bin/../lib/gcc/arm-none-eabi/13.2.1/thumb/v7e-m/nofp\libg_nano.a(libc_a-nano-vfprintf_i.o)
 *(.eh_frame*)
 *fill*         0x0000319f        0x1 
 .eh_frame      0x000031a0        0x0 C:/Program Files (x86)/ABOV/eMStudio32/bin/13.2 Rel1/bin/../lib/gcc/arm-none-eabi/13.2.1/thumb/v7e-m/nofp/crtbegin.o
 .eh_frame      0x000031a0       0x50 C:/Program Files (x86)/ABOV/eMStudio32/bin/13.2 Rel1/bin/../lib/gcc/arm-none-eabi/13.2.1/thumb/v7e-m/nofp\libg_nano.a(libc_a-memchr.o)
 .eh_frame      0x000031f0        0x4 C:/Program Files (x86)/ABOV/eMStudio32/bin/13.2 Rel1/bin/../lib/gcc/arm-none-eabi/13.2.1/thumb/v7e-m/nofp/crtend.o

.glue_7         0x000031f4        0x0
 .glue_7        0x000031f4        0x0 linker stubs

.glue_7t        0x000031f4        0x0
 .glue_7t       0x000031f4        0x0 linker stubs

.vfp11_veneer   0x000031f4        0x0
 .vfp11_veneer  0x000031f4        0x0 linker stubs

.v4_bx          0x000031f4        0x0
 .v4_bx         0x000031f4        0x0 linker stubs

.iplt           0x000031f4        0x0
 .iplt          0x000031f4        0x0 C:/Program Files (x86)/ABOV/eMStudio32/bin/13.2 Rel1/bin/../lib/gcc/arm-none-eabi/13.2.1/thumb/v7e-m/nofp/crtbegin.o

.ARM.extab
 *(.ARM.extab* .gnu.linkonce.armextab.*)
                0x000031f4                        __exidx_start = .

.ARM.exidx      0x000031f4        0x8
 *(.ARM.exidx* .gnu.linkonce.armexidx.*)
 .ARM.exidx     0x000031f4        0x8 C:/Program Files (x86)/ABOV/eMStudio32/bin/13.2 Rel1/bin/../lib/gcc/arm-none-eabi/13.2.1/thumb/v7e-m/nofp/crt0.o
                                 0x10 (size before relaxing)
 .ARM.exidx.text.__udivmoddi4
                0x000031fc        0x0 C:/Program Files (x86)/ABOV/eMStudio32/bin/13.2 Rel1/bin/../lib/gcc/arm-none-eabi/13.2.1/thumb/v7e-m/nofp\libgcc.a(_udivmoddi4.o)
                                  0x8 (size before relaxing)
 .ARM.exidx     0x000031fc        0x0 C:/Program Files (x86)/ABOV/eMStudio32/bin/13.2 Rel1/bin/../lib/gcc/arm-none-eabi/13.2.1/thumb/v7e-m/nofp\libg_nano.a(libc_a-memchr.o)
                                  0x8 (size before relaxing)
                0x000031fc                        __exidx_end = .
                0x000031fc                        __ram_func = .

.rel.dyn        0x000031fc        0x0
 .rel.iplt      0x000031fc        0x0 C:/Program Files (x86)/ABOV/eMStudio32/bin/13.2 Rel1/bin/../lib/gcc/arm-none-eabi/13.2.1/thumb/v7e-m/nofp/crtbegin.o

.code_section_on_ram
                0x20000000        0x0 load address 0x000031fc
                0x20000000                        __code_section_on_ram_start__ = .
 *(.code_section_on_ram*)
                0x20000000                        __code_section_on_ram_end__ = .
                0x20000000                        . = ALIGN (0x4)

.copy.table     0x000031fc       0x18
                0x000031fc                        . = ALIGN (0x4)
                0x000031fc                        __copy_table_start__ = .
                0x000031fc        0x4 LONG 0x3214 __etext
                0x00003200        0x4 LONG 0x20000000 __data_start__
                0x00003204        0x4 LONG 0x1b ((__data_end__ - __data_start__) / 0x4)
                0x00003208        0x4 LONG 0x31fc __ram_func
                0x0000320c        0x4 LONG 0x20000000 __code_section_on_ram_start__
                0x00003210        0x4 LONG 0x0 ((__code_section_on_ram_end__ - __code_section_on_ram_start__) / 0x4)
                0x00003214                        __copy_table_end__ = .

.zero.table     0x00003214        0x0
                0x00003214                        . = ALIGN (0x4)
                0x00003214                        __zero_table_start__ = .
                0x00003214                        __zero_table_end__ = .
                0x00003214                        __etext = ALIGN (0x4)

.data           0x20000000       0x6c load address 0x00003214
                0x20000000                        __data_start__ = .
 *(vtable)
 *(.data)
 *(.data.*)
 .data.s_eUartId
                0x20000000        0x1 ./Main/DebugLibrary/debug_framework.o
 *fill*         0x20000001        0x3 
 .data.SystemDelayUSCount
                0x20000004        0x4 ./HAL/SCU/hal_scu_clk.o
                0x20000004                SystemDelayUSCount
 .data.SystemDelayMSCount
                0x20000008        0x4 ./HAL/SCU/hal_scu_clk.o
                0x20000008                SystemDelayMSCount
 .data.SystemPeriClock
                0x2000000c        0x4 ./HAL/SCU/hal_scu_clk.o
                0x2000000c                SystemPeriClock
 .data.SystemCoreClock
                0x20000010        0x4 ./HAL/SCU/hal_scu_clk.o
                0x20000010                SystemCoreClock
 .data._impure_ptr
                0x20000014        0x4 C:/Program Files (x86)/ABOV/eMStudio32/bin/13.2 Rel1/bin/../lib/gcc/arm-none-eabi/13.2.1/thumb/v7e-m/nofp\libg_nano.a(libc_a-impure.o)
                0x20000014                _impure_ptr
 .data._impure_data
                0x20000018       0x4c C:/Program Files (x86)/ABOV/eMStudio32/bin/13.2 Rel1/bin/../lib/gcc/arm-none-eabi/13.2.1/thumb/v7e-m/nofp\libg_nano.a(libc_a-impure.o)
                0x20000018                _impure_data
                0x20000064                        . = ALIGN (0x4)
                0x20000064                        PROVIDE (__preinit_array_start = .)
 *(.preinit_array)
                0x20000064                        PROVIDE (__preinit_array_end = .)
                0x20000064                        . = ALIGN (0x4)
                0x20000064                        PROVIDE (__init_array_start = .)
 *(SORT_BY_NAME(.init_array.*))
 *(.init_array)
 .init_array    0x20000064        0x4 C:/Program Files (x86)/ABOV/eMStudio32/bin/13.2 Rel1/bin/../lib/gcc/arm-none-eabi/13.2.1/thumb/v7e-m/nofp/crtbegin.o
                0x20000068                        PROVIDE (__init_array_end = .)
                0x20000068                        . = ALIGN (0x4)
                [!provide]                        PROVIDE (__fini_array_start = .)
 *(SORT_BY_NAME(.fini_array.*))
 *(.fini_array)
 .fini_array    0x20000068        0x4 C:/Program Files (x86)/ABOV/eMStudio32/bin/13.2 Rel1/bin/../lib/gcc/arm-none-eabi/13.2.1/thumb/v7e-m/nofp/crtbegin.o
                [!provide]                        PROVIDE (__fini_array_end = .)
 *(.jcr*)
                0x2000006c                        . = ALIGN (0x4)
                0x2000006c                        __data_end__ = .

.tm_clone_table
                0x2000006c        0x0 load address 0x00003280
 .tm_clone_table
                0x2000006c        0x0 C:/Program Files (x86)/ABOV/eMStudio32/bin/13.2 Rel1/bin/../lib/gcc/arm-none-eabi/13.2.1/thumb/v7e-m/nofp/crtbegin.o
 .tm_clone_table
                0x2000006c        0x0 C:/Program Files (x86)/ABOV/eMStudio32/bin/13.2 Rel1/bin/../lib/gcc/arm-none-eabi/13.2.1/thumb/v7e-m/nofp/crtend.o

.igot.plt       0x2000006c        0x0 load address 0x00003280
 .igot.plt      0x2000006c        0x0 C:/Program Files (x86)/ABOV/eMStudio32/bin/13.2 Rel1/bin/../lib/gcc/arm-none-eabi/13.2.1/thumb/v7e-m/nofp/crtbegin.o

.bss            0x2000006c      0xd14
                0x2000006c                        . = ALIGN (0x4)
                0x2000006c                        __bss_start__ = .
 *(.bss)
 *(.bss.*)
 .bss.completed.1
                0x2000006c        0x1 C:/Program Files (x86)/ABOV/eMStudio32/bin/13.2 Rel1/bin/../lib/gcc/arm-none-eabi/13.2.1/thumb/v7e-m/nofp/crtbegin.o
 *fill*         0x2000006d        0x3 
 .bss.object.0  0x20000070       0x18 C:/Program Files (x86)/ABOV/eMStudio32/bin/13.2 Rel1/bin/../lib/gcc/arm-none-eabi/13.2.1/thumb/v7e-m/nofp/crtbegin.o
 .bss.s_debugFirstSample
                0x20000088        0x1 ./Main/MP23ABS1/mp23abs1_sensor.o
 *fill*         0x20000089        0x3 
 .bss.MP23ABS1_Context
                0x2000008c       0x2c ./Main/MP23ABS1/mp23abs1_sensor.o
 .bss.s_bInitialized
                0x200000b8        0x1 ./Main/DebugLibrary/debug_framework.o
 *fill*         0x200000b9        0x3 
 .bss.s_un32TickCounter.0
                0x200000bc        0x4 ./Main/prv_user_code.o
 .bss.s_un16LastVcoreRaw
                0x200000c0        0x2 ./Main/prv_user_code.o
 *fill*         0x200000c2        0x2 
 .bss.s_aun16AudioBuffer
                0x200000c4      0x800 ./Main/prv_user_code.o
 .bss.s_un32SysTimerVal
                0x200008c4        0x4 ./Main/prv_user_code.o
 .bss.s_tUcb    0x200008c8      0x23c ./HAL/UART/hal_uart.o
 .bss.un32UartBdrClock
                0x20000b04        0x4 ./HAL/UART/hal_uart.o
 .bss.s_tCcb    0x20000b08       0x24 ./HAL/SCU/hal_scu_clk.o
 .bss.s_un32PLLClock
                0x20000b2c        0x4 ./HAL/SCU/hal_scu_clk.o
 .bss.s_tPcb    0x20000b30       0x70 ./HAL/PCU/hal_pcu.o
 .bss.s_tNrb    0x20000ba0       0x60 ./HAL/HPL/NMI/hpl_nmi.o
 .bss.s_tAcb    0x20000c00       0x30 ./HAL/ADC/hal_adc.o
 .bss.__sf      0x20000c30      0x138 C:/Program Files (x86)/ABOV/eMStudio32/bin/13.2 Rel1/bin/../lib/gcc/arm-none-eabi/13.2.1/thumb/v7e-m/nofp\libg_nano.a(libc_a-findfp.o)
                0x20000c30                __sf
 .bss.__stdio_exit_handler
                0x20000d68        0x4 C:/Program Files (x86)/ABOV/eMStudio32/bin/13.2 Rel1/bin/../lib/gcc/arm-none-eabi/13.2.1/thumb/v7e-m/nofp\libg_nano.a(libc_a-findfp.o)
                0x20000d68                __stdio_exit_handler
 .bss.errno     0x20000d6c        0x4 C:/Program Files (x86)/ABOV/eMStudio32/bin/13.2 Rel1/bin/../lib/gcc/arm-none-eabi/13.2.1/thumb/v7e-m/nofp\libg_nano.a(libc_a-reent.o)
                0x20000d6c                errno
 .bss.__lock___malloc_recursive_mutex
                0x20000d70        0x1 C:/Program Files (x86)/ABOV/eMStudio32/bin/13.2 Rel1/bin/../lib/gcc/arm-none-eabi/13.2.1/thumb/v7e-m/nofp\libg_nano.a(libc_a-lock.o)
                0x20000d70                __lock___malloc_recursive_mutex
 *fill*         0x20000d71        0x3 
 .bss.__malloc_sbrk_start
                0x20000d74        0x4 C:/Program Files (x86)/ABOV/eMStudio32/bin/13.2 Rel1/bin/../lib/gcc/arm-none-eabi/13.2.1/thumb/v7e-m/nofp\libg_nano.a(libc_a-mallocr.o)
                0x20000d74                __malloc_sbrk_start
 .bss.__malloc_free_list
                0x20000d78        0x4 C:/Program Files (x86)/ABOV/eMStudio32/bin/13.2 Rel1/bin/../lib/gcc/arm-none-eabi/13.2.1/thumb/v7e-m/nofp\libg_nano.a(libc_a-mallocr.o)
                0x20000d78                __malloc_free_list
 .bss.heap_end.0
                0x20000d7c        0x4 C:/Program Files (x86)/ABOV/eMStudio32/bin/13.2 Rel1/bin/../lib/gcc/arm-none-eabi/13.2.1/thumb/v7e-m/nofp\libnosys.a(sbrk.o)
 *(COMMON)
                0x20000d80                        . = ALIGN (0x4)
                0x20000d80                        __bss_end__ = .

.heap           0x20000d80      0x400
                0x20000d80                        . = ALIGN (0x8)
                0x20000d80                        __end__ = .
                0x20000d80                        PROVIDE (end = .)
                0x20001180                        . = (. + __HEAP_SIZE)
 *fill*         0x20000d80      0x400 
                0x20001180                        . = ALIGN (0x8)
                0x20001180                        __HeapLimit = .

.stack          0x2003fc00      0x400
                0x2003fc00                        . = ALIGN (0x8)
                0x2003fc00                        __StackLimit = .
                0x20040000                        . = (. + __STACK_SIZE)
 *fill*         0x2003fc00      0x400 
                0x20040000                        . = ALIGN (0x8)
                0x20040000                        __StackTop = .
                0x20040000                        PROVIDE (__stack = __StackTop)
                0x00000001                        ASSERT ((__StackLimit >= __HeapLimit), region RAM overflowed with stack)
OUTPUT(ADC_SequentialMode.elf elf32-littlearm)
LOAD linker stubs

.ARM.attributes
                0x00000000       0x2a
 .ARM.attributes
                0x00000000       0x1e C:/Program Files (x86)/ABOV/eMStudio32/bin/13.2 Rel1/bin/../lib/gcc/arm-none-eabi/13.2.1/thumb/v7e-m/nofp/crti.o
 .ARM.attributes
                0x0000001e       0x2e C:/Program Files (x86)/ABOV/eMStudio32/bin/13.2 Rel1/bin/../lib/gcc/arm-none-eabi/13.2.1/thumb/v7e-m/nofp/crtbegin.o
 .ARM.attributes
                0x0000004c       0x1c C:/Program Files (x86)/ABOV/eMStudio32/bin/13.2 Rel1/bin/../lib/gcc/arm-none-eabi/13.2.1/thumb/v7e-m/nofp/crt0.o
 .ARM.attributes
                0x00000068       0x2e ./Main/MP23ABS1/mp23abs1_sensor.o
 .ARM.attributes
                0x00000096       0x2e ./Main/DebugLibrary/debug_framework.o
 .ARM.attributes
                0x000000c4       0x2e ./Main/main.o
 .ARM.attributes
                0x000000f2       0x2e ./Main/prv_scu_clk.o
 .ARM.attributes
                0x00000120       0x2e ./Main/prv_user_code.o
 .ARM.attributes
                0x0000014e       0x2e ./Main/user_adc.o
 .ARM.attributes
                0x0000017c       0x2e ./Main/user_adc_isr.o
 .ARM.attributes
                0x000001aa       0x2e ./Main/user_uart.o
 .ARM.attributes
                0x000001d8       0x2e ./Main/user_uart_isr.o
 .ARM.attributes
                0x00000206       0x2e ./HAL/UART/hal_uart.o
 .ARM.attributes
                0x00000234       0x2e ./HAL/SCU/hal_scu_clk.o
 .ARM.attributes
                0x00000262       0x2e ./HAL/PCU/hal_pcu.o
 .ARM.attributes
                0x00000290       0x2e ./HAL/HPL/NMI/hpl_nmi.o
 .ARM.attributes
                0x000002be       0x2e ./HAL/ADC/hal_adc.o
 .ARM.attributes
                0x000002ec       0x2e ./ABOV/Source/startup_a34xxxx.o
 .ARM.attributes
                0x0000031a       0x2e ./ABOV/Source/system_a34xxxx.o
 .ARM.attributes
                0x00000348       0x1e C:/Program Files (x86)/ABOV/eMStudio32/bin/13.2 Rel1/bin/../lib/gcc/arm-none-eabi/13.2.1/thumb/v7e-m/nofp\libgcc.a(_aeabi_uldivmod.o)
 .ARM.attributes
                0x00000366       0x2e C:/Program Files (x86)/ABOV/eMStudio32/bin/13.2 Rel1/bin/../lib/gcc/arm-none-eabi/13.2.1/thumb/v7e-m/nofp\libgcc.a(_udivmoddi4.o)
 .ARM.attributes
                0x00000394       0x1e C:/Program Files (x86)/ABOV/eMStudio32/bin/13.2 Rel1/bin/../lib/gcc/arm-none-eabi/13.2.1/thumb/v7e-m/nofp\libgcc.a(_dvmd_tls.o)
 .ARM.attributes
                0x000003b2       0x2e C:/Program Files (x86)/ABOV/eMStudio32/bin/13.2 Rel1/bin/../lib/gcc/arm-none-eabi/13.2.1/thumb/v7e-m/nofp\libg_nano.a(libc_a-exit.o)
 .ARM.attributes
                0x000003e0       0x2e C:/Program Files (x86)/ABOV/eMStudio32/bin/13.2 Rel1/bin/../lib/gcc/arm-none-eabi/13.2.1/thumb/v7e-m/nofp\libg_nano.a(libc_a-findfp.o)
 .ARM.attributes
                0x0000040e       0x2e C:/Program Files (x86)/ABOV/eMStudio32/bin/13.2 Rel1/bin/../lib/gcc/arm-none-eabi/13.2.1/thumb/v7e-m/nofp\libg_nano.a(libc_a-vsnprintf.o)
 .ARM.attributes
                0x0000043c       0x2e C:/Program Files (x86)/ABOV/eMStudio32/bin/13.2 Rel1/bin/../lib/gcc/arm-none-eabi/13.2.1/thumb/v7e-m/nofp\libg_nano.a(libc_a-memset.o)
 .ARM.attributes
                0x0000046a       0x2e C:/Program Files (x86)/ABOV/eMStudio32/bin/13.2 Rel1/bin/../lib/gcc/arm-none-eabi/13.2.1/thumb/v7e-m/nofp\libg_nano.a(libc_a-reent.o)
 .ARM.attributes
                0x00000498       0x2e C:/Program Files (x86)/ABOV/eMStudio32/bin/13.2 Rel1/bin/../lib/gcc/arm-none-eabi/13.2.1/thumb/v7e-m/nofp\libg_nano.a(libc_a-impure.o)
 .ARM.attributes
                0x000004c6       0x2e C:/Program Files (x86)/ABOV/eMStudio32/bin/13.2 Rel1/bin/../lib/gcc/arm-none-eabi/13.2.1/thumb/v7e-m/nofp\libg_nano.a(libc_a-init.o)
 .ARM.attributes
                0x000004f4       0x2e C:/Program Files (x86)/ABOV/eMStudio32/bin/13.2 Rel1/bin/../lib/gcc/arm-none-eabi/13.2.1/thumb/v7e-m/nofp\libg_nano.a(libc_a-lock.o)
 .ARM.attributes
                0x00000522       0x2e C:/Program Files (x86)/ABOV/eMStudio32/bin/13.2 Rel1/bin/../lib/gcc/arm-none-eabi/13.2.1/thumb/v7e-m/nofp\libg_nano.a(libc_a-freer.o)
 .ARM.attributes
                0x00000550       0x2e C:/Program Files (x86)/ABOV/eMStudio32/bin/13.2 Rel1/bin/../lib/gcc/arm-none-eabi/13.2.1/thumb/v7e-m/nofp\libg_nano.a(libc_a-mallocr.o)
 .ARM.attributes
                0x0000057e       0x2e C:/Program Files (x86)/ABOV/eMStudio32/bin/13.2 Rel1/bin/../lib/gcc/arm-none-eabi/13.2.1/thumb/v7e-m/nofp\libg_nano.a(libc_a-mlock.o)
 .ARM.attributes
                0x000005ac       0x2e C:/Program Files (x86)/ABOV/eMStudio32/bin/13.2 Rel1/bin/../lib/gcc/arm-none-eabi/13.2.1/thumb/v7e-m/nofp\libg_nano.a(libc_a-nano-svfprintf.o)
 .ARM.attributes
                0x000005da       0x2e C:/Program Files (x86)/ABOV/eMStudio32/bin/13.2 Rel1/bin/../lib/gcc/arm-none-eabi/13.2.1/thumb/v7e-m/nofp\libg_nano.a(libc_a-nano-vfprintf_i.o)
 .ARM.attributes
                0x00000608       0x2e C:/Program Files (x86)/ABOV/eMStudio32/bin/13.2 Rel1/bin/../lib/gcc/arm-none-eabi/13.2.1/thumb/v7e-m/nofp\libg_nano.a(libc_a-memmove.o)
 .ARM.attributes
                0x00000636       0x2e C:/Program Files (x86)/ABOV/eMStudio32/bin/13.2 Rel1/bin/../lib/gcc/arm-none-eabi/13.2.1/thumb/v7e-m/nofp\libg_nano.a(libc_a-sbrkr.o)
 .ARM.attributes
                0x00000664       0x1c C:/Program Files (x86)/ABOV/eMStudio32/bin/13.2 Rel1/bin/../lib/gcc/arm-none-eabi/13.2.1/thumb/v7e-m/nofp\libg_nano.a(libc_a-memchr.o)
 .ARM.attributes
                0x00000680       0x2e C:/Program Files (x86)/ABOV/eMStudio32/bin/13.2 Rel1/bin/../lib/gcc/arm-none-eabi/13.2.1/thumb/v7e-m/nofp\libg_nano.a(libc_a-memcpy-stub.o)
 .ARM.attributes
                0x000006ae       0x2e C:/Program Files (x86)/ABOV/eMStudio32/bin/13.2 Rel1/bin/../lib/gcc/arm-none-eabi/13.2.1/thumb/v7e-m/nofp\libg_nano.a(libc_a-reallocr.o)
 .ARM.attributes
                0x000006dc       0x2e C:/Program Files (x86)/ABOV/eMStudio32/bin/13.2 Rel1/bin/../lib/gcc/arm-none-eabi/13.2.1/thumb/v7e-m/nofp\libg_nano.a(libc_a-msizer.o)
 .ARM.attributes
                0x0000070a       0x2e C:/Program Files (x86)/ABOV/eMStudio32/bin/13.2 Rel1/bin/../lib/gcc/arm-none-eabi/13.2.1/thumb/v7e-m/nofp\libnosys.a(sbrk.o)
 .ARM.attributes
                0x00000738       0x2e C:/Program Files (x86)/ABOV/eMStudio32/bin/13.2 Rel1/bin/../lib/gcc/arm-none-eabi/13.2.1/thumb/v7e-m/nofp\libnosys.a(_exit.o)
 .ARM.attributes
                0x00000766       0x2e C:/Program Files (x86)/ABOV/eMStudio32/bin/13.2 Rel1/bin/../lib/gcc/arm-none-eabi/13.2.1/thumb/v7e-m/nofp/crtend.o
 .ARM.attributes
                0x00000794       0x1e C:/Program Files (x86)/ABOV/eMStudio32/bin/13.2 Rel1/bin/../lib/gcc/arm-none-eabi/13.2.1/thumb/v7e-m/nofp/crtn.o

.comment        0x00000000       0x44
 .comment       0x00000000       0x44 ./Main/MP23ABS1/mp23abs1_sensor.o
                                 0x45 (size before relaxing)
 .comment       0x00000044       0x45 ./Main/DebugLibrary/debug_framework.o
 .comment       0x00000044       0x45 ./Main/main.o
 .comment       0x00000044       0x45 ./Main/prv_scu_clk.o
 .comment       0x00000044       0x45 ./Main/prv_user_code.o
 .comment       0x00000044       0x45 ./Main/user_adc.o
 .comment       0x00000044       0x45 ./Main/user_adc_isr.o
 .comment       0x00000044       0x45 ./Main/user_uart.o
 .comment       0x00000044       0x45 ./Main/user_uart_isr.o
 .comment       0x00000044       0x45 ./HAL/UART/hal_uart.o
 .comment       0x00000044       0x45 ./HAL/SCU/hal_scu_clk.o
 .comment       0x00000044       0x45 ./HAL/PCU/hal_pcu.o
 .comment       0x00000044       0x45 ./HAL/HPL/NMI/hpl_nmi.o
 .comment       0x00000044       0x45 ./HAL/ADC/hal_adc.o
 .comment       0x00000044       0x45 ./ABOV/Source/startup_a34xxxx.o
 .comment       0x00000044       0x45 ./ABOV/Source/system_a34xxxx.o

.debug_line_str
                0x00000000      0x283
 .debug_line_str
                0x00000000      0x283 C:/Program Files (x86)/ABOV/eMStudio32/bin/13.2 Rel1/bin/../lib/gcc/arm-none-eabi/13.2.1/thumb/v7e-m/nofp/crt0.o
                                 0xd3 (size before relaxing)
 .debug_line_str
                0x00000283       0xc6 C:/Program Files (x86)/ABOV/eMStudio32/bin/13.2 Rel1/bin/../lib/gcc/arm-none-eabi/13.2.1/thumb/v7e-m/nofp\libgcc.a(_aeabi_uldivmod.o)
 .debug_line_str
                0x00000283       0xca C:/Program Files (x86)/ABOV/eMStudio32/bin/13.2 Rel1/bin/../lib/gcc/arm-none-eabi/13.2.1/thumb/v7e-m/nofp\libgcc.a(_dvmd_tls.o)
 .debug_line_str
                0x00000283       0xde C:/Program Files (x86)/ABOV/eMStudio32/bin/13.2 Rel1/bin/../lib/gcc/arm-none-eabi/13.2.1/thumb/v7e-m/nofp\libg_nano.a(libc_a-memchr.o)

.debug_info     0x00000000     0xd2e4
 .debug_info    0x00000000      0x8ed ./Main/MP23ABS1/mp23abs1_sensor.o
 .debug_info    0x000008ed      0x83a ./Main/DebugLibrary/debug_framework.o
 .debug_info    0x00001127      0x9ae ./Main/main.o
 .debug_info    0x00001ad5      0x51d ./Main/prv_scu_clk.o
 .debug_info    0x00001ff2      0xf3d ./Main/prv_user_code.o
 .debug_info    0x00002f2f      0x6b5 ./Main/user_adc.o
 .debug_info    0x000035e4      0x12b ./Main/user_adc_isr.o
 .debug_info    0x0000370f      0x4c5 ./Main/user_uart.o
 .debug_info    0x00003bd4      0x33a ./Main/user_uart_isr.o
 .debug_info    0x00003f0e     0x1dc8 ./HAL/UART/hal_uart.o
 .debug_info    0x00005cd6     0x1d2e ./HAL/SCU/hal_scu_clk.o
 .debug_info    0x00007a04     0x2417 ./HAL/PCU/hal_pcu.o
 .debug_info    0x00009e1b      0xaad ./HAL/HPL/NMI/hpl_nmi.o
 .debug_info    0x0000a8c8     0x1ff8 ./HAL/ADC/hal_adc.o
 .debug_info    0x0000c8c0      0x2c6 ./ABOV/Source/startup_a34xxxx.o
 .debug_info    0x0000cb86      0x75e ./ABOV/Source/system_a34xxxx.o

.debug_abbrev   0x00000000     0x24d9
 .debug_abbrev  0x00000000      0x26e ./Main/MP23ABS1/mp23abs1_sensor.o
 .debug_abbrev  0x0000026e      0x1f7 ./Main/DebugLibrary/debug_framework.o
 .debug_abbrev  0x00000465      0x117 ./Main/main.o
 .debug_abbrev  0x0000057c      0x124 ./Main/prv_scu_clk.o
 .debug_abbrev  0x000006a0      0x347 ./Main/prv_user_code.o
 .debug_abbrev  0x000009e7      0x1a4 ./Main/user_adc.o
 .debug_abbrev  0x00000b8b       0x8a ./Main/user_adc_isr.o
 .debug_abbrev  0x00000c15      0x152 ./Main/user_uart.o
 .debug_abbrev  0x00000d67       0xa6 ./Main/user_uart_isr.o
 .debug_abbrev  0x00000e0d      0x4cd ./HAL/UART/hal_uart.o
 .debug_abbrev  0x000012da      0x40e ./HAL/SCU/hal_scu_clk.o
 .debug_abbrev  0x000016e8      0x42f ./HAL/PCU/hal_pcu.o
 .debug_abbrev  0x00001b17      0x226 ./HAL/HPL/NMI/hpl_nmi.o
 .debug_abbrev  0x00001d3d      0x472 ./HAL/ADC/hal_adc.o
 .debug_abbrev  0x000021af      0x1ac ./ABOV/Source/startup_a34xxxx.o
 .debug_abbrev  0x0000235b      0x17e ./ABOV/Source/system_a34xxxx.o

.debug_loclists
                0x00000000     0x44c0
 .debug_loclists
                0x00000000      0x225 ./Main/MP23ABS1/mp23abs1_sensor.o
 .debug_loclists
                0x00000225      0x2e7 ./Main/DebugLibrary/debug_framework.o
 .debug_loclists
                0x0000050c      0x38b ./Main/prv_user_code.o
 .debug_loclists
                0x00000897       0x45 ./Main/user_adc.o
 .debug_loclists
                0x000008dc       0x36 ./Main/user_uart.o
 .debug_loclists
                0x00000912      0xf15 ./HAL/UART/hal_uart.o
 .debug_loclists
                0x00001827      0xdf4 ./HAL/SCU/hal_scu_clk.o
 .debug_loclists
                0x0000261b      0xebd ./HAL/PCU/hal_pcu.o
 .debug_loclists
                0x000034d8      0x281 ./HAL/HPL/NMI/hpl_nmi.o
 .debug_loclists
                0x00003759      0xca9 ./HAL/ADC/hal_adc.o
 .debug_loclists
                0x00004402       0x38 ./ABOV/Source/startup_a34xxxx.o
 .debug_loclists
                0x0000443a       0x86 ./ABOV/Source/system_a34xxxx.o

.debug_aranges  0x00000000      0x7f8
 .debug_aranges
                0x00000000       0xa8 ./Main/MP23ABS1/mp23abs1_sensor.o
 .debug_aranges
                0x000000a8       0xa0 ./Main/DebugLibrary/debug_framework.o
 .debug_aranges
                0x00000148       0x28 ./Main/main.o
 .debug_aranges
                0x00000170       0x20 ./Main/prv_scu_clk.o
 .debug_aranges
                0x00000190       0x60 ./Main/prv_user_code.o
 .debug_aranges
                0x000001f0       0x28 ./Main/user_adc.o
 .debug_aranges
                0x00000218       0x30 ./Main/user_adc_isr.o
 .debug_aranges
                0x00000248       0x28 ./Main/user_uart.o
 .debug_aranges
                0x00000270       0x80 ./Main/user_uart_isr.o
 .debug_aranges
                0x000002f0      0x128 ./HAL/UART/hal_uart.o
 .debug_aranges
                0x00000418       0xf0 ./HAL/SCU/hal_scu_clk.o
 .debug_aranges
                0x00000508      0x148 ./HAL/PCU/hal_pcu.o
 .debug_aranges
                0x00000650       0x50 ./HAL/HPL/NMI/hpl_nmi.o
 .debug_aranges
                0x000006a0       0xf8 ./HAL/ADC/hal_adc.o
 .debug_aranges
                0x00000798       0x30 ./ABOV/Source/startup_a34xxxx.o
 .debug_aranges
                0x000007c8       0x30 ./ABOV/Source/system_a34xxxx.o

.debug_rnglists
                0x00000000      0x601
 .debug_rnglists
                0x00000000       0x7a ./Main/MP23ABS1/mp23abs1_sensor.o
 .debug_rnglists
                0x0000007a       0x73 ./Main/DebugLibrary/debug_framework.o
 .debug_rnglists
                0x000000ed       0x1a ./Main/main.o
 .debug_rnglists
                0x00000107       0x14 ./Main/prv_scu_clk.o
 .debug_rnglists
                0x0000011b       0x51 ./Main/prv_user_code.o
 .debug_rnglists
                0x0000016c       0x1a ./Main/user_adc.o
 .debug_rnglists
                0x00000186       0x1f ./Main/user_adc_isr.o
 .debug_rnglists
                0x000001a5       0x19 ./Main/user_uart.o
 .debug_rnglists
                0x000001be       0x5b ./Main/user_uart_isr.o
 .debug_rnglists
                0x00000219       0xe0 ./HAL/UART/hal_uart.o
 .debug_rnglists
                0x000002f9       0xb4 ./HAL/SCU/hal_scu_clk.o
 .debug_rnglists
                0x000003ad       0xf5 ./HAL/PCU/hal_pcu.o
 .debug_rnglists
                0x000004a2       0x37 ./HAL/HPL/NMI/hpl_nmi.o
 .debug_rnglists
                0x000004d9       0xd2 ./HAL/ADC/hal_adc.o
 .debug_rnglists
                0x000005ab       0x37 ./ABOV/Source/startup_a34xxxx.o
 .debug_rnglists
                0x000005e2       0x1f ./ABOV/Source/system_a34xxxx.o

.debug_macro    0x00000000    0x1a839
 .debug_macro   0x00000000      0x1ef ./Main/MP23ABS1/mp23abs1_sensor.o
 .debug_macro   0x000001ef      0xac0 ./Main/MP23ABS1/mp23abs1_sensor.o
 .debug_macro   0x00000caf       0x22 ./Main/MP23ABS1/mp23abs1_sensor.o
 .debug_macro   0x00000cd1       0x8e ./Main/MP23ABS1/mp23abs1_sensor.o
 .debug_macro   0x00000d5f       0x51 ./Main/MP23ABS1/mp23abs1_sensor.o
 .debug_macro   0x00000db0      0x103 ./Main/MP23ABS1/mp23abs1_sensor.o
 .debug_macro   0x00000eb3       0x6a ./Main/MP23ABS1/mp23abs1_sensor.o
 .debug_macro   0x00000f1d      0x1df ./Main/MP23ABS1/mp23abs1_sensor.o
 .debug_macro   0x000010fc       0x22 ./Main/MP23ABS1/mp23abs1_sensor.o
 .debug_macro   0x0000111e       0x7b ./Main/MP23ABS1/mp23abs1_sensor.o
 .debug_macro   0x00001199       0x24 ./Main/MP23ABS1/mp23abs1_sensor.o
 .debug_macro   0x000011bd       0x3c ./Main/MP23ABS1/mp23abs1_sensor.o
 .debug_macro   0x000011f9       0x34 ./Main/MP23ABS1/mp23abs1_sensor.o
 .debug_macro   0x0000122d       0x16 ./Main/MP23ABS1/mp23abs1_sensor.o
 .debug_macro   0x00001243       0x9e ./Main/MP23ABS1/mp23abs1_sensor.o
 .debug_macro   0x000012e1      0x370 ./Main/MP23ABS1/mp23abs1_sensor.o
 .debug_macro   0x00001651      0x112 ./Main/MP23ABS1/mp23abs1_sensor.o
 .debug_macro   0x00001763       0x10 ./Main/MP23ABS1/mp23abs1_sensor.o
 .debug_macro   0x00001773       0x16 ./Main/MP23ABS1/mp23abs1_sensor.o
 .debug_macro   0x00001789       0x4a ./Main/MP23ABS1/mp23abs1_sensor.o
 .debug_macro   0x000017d3       0x34 ./Main/MP23ABS1/mp23abs1_sensor.o
 .debug_macro   0x00001807       0x10 ./Main/MP23ABS1/mp23abs1_sensor.o
 .debug_macro   0x00001817       0x58 ./Main/MP23ABS1/mp23abs1_sensor.o
 .debug_macro   0x0000186f      0x1de ./Main/MP23ABS1/mp23abs1_sensor.o
 .debug_macro   0x00001a4d       0x16 ./Main/MP23ABS1/mp23abs1_sensor.o
 .debug_macro   0x00001a63       0x16 ./Main/MP23ABS1/mp23abs1_sensor.o
 .debug_macro   0x00001a79      0x170 ./Main/MP23ABS1/mp23abs1_sensor.o
 .debug_macro   0x00001be9       0x16 ./Main/MP23ABS1/mp23abs1_sensor.o
 .debug_macro   0x00001bff       0x3c ./Main/MP23ABS1/mp23abs1_sensor.o
 .debug_macro   0x00001c3b       0x16 ./Main/MP23ABS1/mp23abs1_sensor.o
 .debug_macro   0x00001c51       0x29 ./Main/MP23ABS1/mp23abs1_sensor.o
 .debug_macro   0x00001c7a       0x16 ./Main/MP23ABS1/mp23abs1_sensor.o
 .debug_macro   0x00001c90       0xe6 ./Main/MP23ABS1/mp23abs1_sensor.o
 .debug_macro   0x00001d76       0x72 ./Main/MP23ABS1/mp23abs1_sensor.o
 .debug_macro   0x00001de8      0x1c5 ./Main/DebugLibrary/debug_framework.o
 .debug_macro   0x00001fad       0x4c ./Main/DebugLibrary/debug_framework.o
 .debug_macro   0x00001ff9      0x12c ./Main/main.o
 .debug_macro   0x00002125       0xe7 ./Main/main.o
 .debug_macro   0x0000220c       0x34 ./Main/main.o
 .debug_macro   0x00002240       0x1c ./Main/main.o
 .debug_macro   0x0000225c       0x22 ./Main/main.o
 .debug_macro   0x0000227e       0xfb ./Main/main.o
 .debug_macro   0x00002379     0x1011 ./Main/main.o
 .debug_macro   0x0000338a      0x11f ./Main/main.o
 .debug_macro   0x000034a9    0x14a95 ./Main/main.o
 .debug_macro   0x00017f3e       0x10 ./Main/main.o
 .debug_macro   0x00017f4e       0x10 ./Main/main.o
 .debug_macro   0x00017f5e       0xb6 ./Main/main.o
 .debug_macro   0x00018014       0x16 ./Main/main.o
 .debug_macro   0x0001802a      0x248 ./Main/main.o
 .debug_macro   0x00018272       0x58 ./Main/main.o
 .debug_macro   0x000182ca       0x64 ./Main/main.o
 .debug_macro   0x0001832e       0x16 ./Main/main.o
 .debug_macro   0x00018344      0x27b ./Main/prv_scu_clk.o
 .debug_macro   0x000185bf      0x2ce ./Main/prv_user_code.o
 .debug_macro   0x0001888d       0x78 ./Main/prv_user_code.o
 .debug_macro   0x00018905      0x27b ./Main/user_adc.o
 .debug_macro   0x00018b80      0x27b ./Main/user_adc_isr.o
 .debug_macro   0x00018dfb      0x27b ./Main/user_uart.o
 .debug_macro   0x00019076      0x27b ./Main/user_uart_isr.o
 .debug_macro   0x000192f1      0x295 ./HAL/UART/hal_uart.o
 .debug_macro   0x00019586       0x34 ./HAL/UART/hal_uart.o
 .debug_macro   0x000195ba      0x1cc ./HAL/UART/hal_uart.o
 .debug_macro   0x00019786      0x2b5 ./HAL/SCU/hal_scu_clk.o
 .debug_macro   0x00019a3b      0x295 ./HAL/PCU/hal_pcu.o
 .debug_macro   0x00019cd0       0x36 ./HAL/PCU/hal_pcu.o
 .debug_macro   0x00019d06       0x10 ./HAL/PCU/hal_pcu.o
 .debug_macro   0x00019d16      0x124 ./HAL/PCU/hal_pcu.o
 .debug_macro   0x00019e3a      0x287 ./HAL/HPL/NMI/hpl_nmi.o
 .debug_macro   0x0001a0c1       0x10 ./HAL/HPL/NMI/hpl_nmi.o
 .debug_macro   0x0001a0d1       0x64 ./HAL/HPL/NMI/hpl_nmi.o
 .debug_macro   0x0001a135      0x2a0 ./HAL/ADC/hal_adc.o
 .debug_macro   0x0001a3d5       0x10 ./HAL/ADC/hal_adc.o
 .debug_macro   0x0001a3e5      0x1f0 ./HAL/ADC/hal_adc.o
 .debug_macro   0x0001a5d5       0x1f ./HAL/ADC/hal_adc.o
 .debug_macro   0x0001a5f4      0x12a ./ABOV/Source/startup_a34xxxx.o
 .debug_macro   0x0001a71e      0x11b ./ABOV/Source/system_a34xxxx.o

.debug_line     0x00000000     0xa679
 .debug_line    0x00000000      0x8a0 ./Main/MP23ABS1/mp23abs1_sensor.o
 .debug_line    0x000008a0      0x76f ./Main/DebugLibrary/debug_framework.o
 .debug_line    0x0000100f      0x79b ./Main/main.o
 .debug_line    0x000017aa      0x721 ./Main/prv_scu_clk.o
 .debug_line    0x00001ecb      0xb82 ./Main/prv_user_code.o
 .debug_line    0x00002a4d      0x795 ./Main/user_adc.o
 .debug_line    0x000031e2      0x6d3 ./Main/user_adc_isr.o
 .debug_line    0x000038b5      0x71f ./Main/user_uart.o
 .debug_line    0x00003fd4      0x808 ./Main/user_uart_isr.o
 .debug_line    0x000047dc     0x140a ./HAL/UART/hal_uart.o
 .debug_line    0x00005be6     0x11eb ./HAL/SCU/hal_scu_clk.o
 .debug_line    0x00006dd1     0x11e5 ./HAL/PCU/hal_pcu.o
 .debug_line    0x00007fb6      0x96a ./HAL/HPL/NMI/hpl_nmi.o
 .debug_line    0x00008920     0x10f3 ./HAL/ADC/hal_adc.o
 .debug_line    0x00009a13      0x630 ./ABOV/Source/startup_a34xxxx.o
 .debug_line    0x0000a043      0x636 ./ABOV/Source/system_a34xxxx.o

.debug_str      0x00000000    0x6c22a
 .debug_str     0x00000000    0x6c22a ./Main/MP23ABS1/mp23abs1_sensor.o
                               0x9081 (size before relaxing)
 .debug_str     0x0006c22a     0x8bd6 ./Main/DebugLibrary/debug_framework.o
 .debug_str     0x0006c22a    0x5e832 ./Main/main.o
 .debug_str     0x0006c22a    0x63368 ./Main/prv_scu_clk.o
 .debug_str     0x0006c22a    0x63c12 ./Main/prv_user_code.o
 .debug_str     0x0006c22a    0x63491 ./Main/user_adc.o
 .debug_str     0x0006c22a    0x62e72 ./Main/user_adc_isr.o
 .debug_str     0x0006c22a    0x632b7 ./Main/user_uart.o
 .debug_str     0x0006c22a    0x6301d ./Main/user_uart_isr.o
 .debug_str     0x0006c22a    0x6505f ./HAL/UART/hal_uart.o
 .debug_str     0x0006c22a    0x66682 ./HAL/SCU/hal_scu_clk.o
 .debug_str     0x0006c22a    0x64e6e ./HAL/PCU/hal_pcu.o
 .debug_str     0x0006c22a    0x63aa2 ./HAL/HPL/NMI/hpl_nmi.o
 .debug_str     0x0006c22a    0x652cb ./HAL/ADC/hal_adc.o
 .debug_str     0x0006c22a    0x5e77a ./ABOV/Source/startup_a34xxxx.o
 .debug_str     0x0006c22a    0x5e8b8 ./ABOV/Source/system_a34xxxx.o

.debug_frame    0x00000000     0x1a78
 .debug_frame   0x00000000      0x18c ./Main/MP23ABS1/mp23abs1_sensor.o
 .debug_frame   0x0000018c      0x1e0 ./Main/DebugLibrary/debug_framework.o
 .debug_frame   0x0000036c       0x44 ./Main/main.o
 .debug_frame   0x000003b0       0x30 ./Main/prv_scu_clk.o
 .debug_frame   0x000003e0      0x124 ./Main/prv_user_code.o
 .debug_frame   0x00000504       0x48 ./Main/user_adc.o
 .debug_frame   0x0000054c       0x40 ./Main/user_adc_isr.o
 .debug_frame   0x0000058c       0x48 ./Main/user_uart.o
 .debug_frame   0x000005d4       0xe0 ./Main/user_uart_isr.o
 .debug_frame   0x000006b4      0x39c ./HAL/UART/hal_uart.o
 .debug_frame   0x00000a50      0x230 ./HAL/SCU/hal_scu_clk.o
 .debug_frame   0x00000c80      0x394 ./HAL/PCU/hal_pcu.o
 .debug_frame   0x00001014       0xbc ./HAL/HPL/NMI/hpl_nmi.o
 .debug_frame   0x000010d0      0x314 ./HAL/ADC/hal_adc.o
 .debug_frame   0x000013e4       0x48 ./ABOV/Source/startup_a34xxxx.o
 .debug_frame   0x0000142c       0x40 ./ABOV/Source/system_a34xxxx.o
 .debug_frame   0x0000146c       0x2c C:/Program Files (x86)/ABOV/eMStudio32/bin/13.2 Rel1/bin/../lib/gcc/arm-none-eabi/13.2.1/thumb/v7e-m/nofp\libgcc.a(_aeabi_uldivmod.o)
 .debug_frame   0x00001498       0x34 C:/Program Files (x86)/ABOV/eMStudio32/bin/13.2 Rel1/bin/../lib/gcc/arm-none-eabi/13.2.1/thumb/v7e-m/nofp\libgcc.a(_udivmoddi4.o)
 .debug_frame   0x000014cc       0x28 C:/Program Files (x86)/ABOV/eMStudio32/bin/13.2 Rel1/bin/../lib/gcc/arm-none-eabi/13.2.1/thumb/v7e-m/nofp\libg_nano.a(libc_a-exit.o)
 .debug_frame   0x000014f4      0x144 C:/Program Files (x86)/ABOV/eMStudio32/bin/13.2 Rel1/bin/../lib/gcc/arm-none-eabi/13.2.1/thumb/v7e-m/nofp\libg_nano.a(libc_a-findfp.o)
 .debug_frame   0x00001638       0x4c C:/Program Files (x86)/ABOV/eMStudio32/bin/13.2 Rel1/bin/../lib/gcc/arm-none-eabi/13.2.1/thumb/v7e-m/nofp\libg_nano.a(libc_a-vsnprintf.o)
 .debug_frame   0x00001684       0x20 C:/Program Files (x86)/ABOV/eMStudio32/bin/13.2 Rel1/bin/../lib/gcc/arm-none-eabi/13.2.1/thumb/v7e-m/nofp\libg_nano.a(libc_a-memset.o)
 .debug_frame   0x000016a4       0x38 C:/Program Files (x86)/ABOV/eMStudio32/bin/13.2 Rel1/bin/../lib/gcc/arm-none-eabi/13.2.1/thumb/v7e-m/nofp\libg_nano.a(libc_a-reent.o)
 .debug_frame   0x000016dc       0x2c C:/Program Files (x86)/ABOV/eMStudio32/bin/13.2 Rel1/bin/../lib/gcc/arm-none-eabi/13.2.1/thumb/v7e-m/nofp\libg_nano.a(libc_a-init.o)
 .debug_frame   0x00001708       0xb0 C:/Program Files (x86)/ABOV/eMStudio32/bin/13.2 Rel1/bin/../lib/gcc/arm-none-eabi/13.2.1/thumb/v7e-m/nofp\libg_nano.a(libc_a-lock.o)
 .debug_frame   0x000017b8       0x38 C:/Program Files (x86)/ABOV/eMStudio32/bin/13.2 Rel1/bin/../lib/gcc/arm-none-eabi/13.2.1/thumb/v7e-m/nofp\libg_nano.a(libc_a-freer.o)
 .debug_frame   0x000017f0       0x50 C:/Program Files (x86)/ABOV/eMStudio32/bin/13.2 Rel1/bin/../lib/gcc/arm-none-eabi/13.2.1/thumb/v7e-m/nofp\libg_nano.a(libc_a-mallocr.o)
 .debug_frame   0x00001840       0x30 C:/Program Files (x86)/ABOV/eMStudio32/bin/13.2 Rel1/bin/../lib/gcc/arm-none-eabi/13.2.1/thumb/v7e-m/nofp\libg_nano.a(libc_a-mlock.o)
 .debug_frame   0x00001870       0x90 C:/Program Files (x86)/ABOV/eMStudio32/bin/13.2 Rel1/bin/../lib/gcc/arm-none-eabi/13.2.1/thumb/v7e-m/nofp\libg_nano.a(libc_a-nano-svfprintf.o)
 .debug_frame   0x00001900       0x60 C:/Program Files (x86)/ABOV/eMStudio32/bin/13.2 Rel1/bin/../lib/gcc/arm-none-eabi/13.2.1/thumb/v7e-m/nofp\libg_nano.a(libc_a-nano-vfprintf_i.o)
 .debug_frame   0x00001960       0x28 C:/Program Files (x86)/ABOV/eMStudio32/bin/13.2 Rel1/bin/../lib/gcc/arm-none-eabi/13.2.1/thumb/v7e-m/nofp\libg_nano.a(libc_a-memmove.o)
 .debug_frame   0x00001988       0x2c C:/Program Files (x86)/ABOV/eMStudio32/bin/13.2 Rel1/bin/../lib/gcc/arm-none-eabi/13.2.1/thumb/v7e-m/nofp\libg_nano.a(libc_a-sbrkr.o)
 .debug_frame   0x000019b4       0x28 C:/Program Files (x86)/ABOV/eMStudio32/bin/13.2 Rel1/bin/../lib/gcc/arm-none-eabi/13.2.1/thumb/v7e-m/nofp\libg_nano.a(libc_a-memcpy-stub.o)
 .debug_frame   0x000019dc       0x3c C:/Program Files (x86)/ABOV/eMStudio32/bin/13.2 Rel1/bin/../lib/gcc/arm-none-eabi/13.2.1/thumb/v7e-m/nofp\libg_nano.a(libc_a-reallocr.o)
 .debug_frame   0x00001a18       0x20 C:/Program Files (x86)/ABOV/eMStudio32/bin/13.2 Rel1/bin/../lib/gcc/arm-none-eabi/13.2.1/thumb/v7e-m/nofp\libg_nano.a(libc_a-msizer.o)
 .debug_frame   0x00001a38       0x20 C:/Program Files (x86)/ABOV/eMStudio32/bin/13.2 Rel1/bin/../lib/gcc/arm-none-eabi/13.2.1/thumb/v7e-m/nofp\libnosys.a(sbrk.o)
 .debug_frame   0x00001a58       0x20 C:/Program Files (x86)/ABOV/eMStudio32/bin/13.2 Rel1/bin/../lib/gcc/arm-none-eabi/13.2.1/thumb/v7e-m/nofp\libnosys.a(_exit.o)
