Archive member included to satisfy reference by file (symbol)

C:/Program Files (x86)/ABOV/eMStudio32/bin/13.2 Rel1/bin/../lib/gcc/arm-none-eabi/13.2.1/thumb/v7e-m/nofp\libgcc.a(_aeabi_uldivmod.o)
                              ./HAL/SCU/hal_scu_clk.o (__aeabi_uldivmod)
C:/Program Files (x86)/ABOV/eMStudio32/bin/13.2 Rel1/bin/../lib/gcc/arm-none-eabi/13.2.1/thumb/v7e-m/nofp\libgcc.a(_udivmoddi4.o)
                              C:/Program Files (x86)/ABOV/eMStudio32/bin/13.2 Rel1/bin/../lib/gcc/arm-none-eabi/13.2.1/thumb/v7e-m/nofp\libgcc.a(_aeabi_uldivmod.o) (__udivmoddi4)
C:/Program Files (x86)/ABOV/eMStudio32/bin/13.2 Rel1/bin/../lib/gcc/arm-none-eabi/13.2.1/thumb/v7e-m/nofp\libgcc.a(_dvmd_tls.o)
                              C:/Program Files (x86)/ABOV/eMStudio32/bin/13.2 Rel1/bin/../lib/gcc/arm-none-eabi/13.2.1/thumb/v7e-m/nofp\libgcc.a(_aeabi_uldivmod.o) (__aeabi_ldiv0)
C:/Program Files (x86)/ABOV/eMStudio32/bin/13.2 Rel1/bin/../lib/gcc/arm-none-eabi/13.2.1/thumb/v7e-m/nofp\libg_nano.a(libc_a-exit.o)
                              C:/Program Files (x86)/ABOV/eMStudio32/bin/13.2 Rel1/bin/../lib/gcc/arm-none-eabi/13.2.1/thumb/v7e-m/nofp/crt0.o (exit)
C:/Program Files (x86)/ABOV/eMStudio32/bin/13.2 Rel1/bin/../lib/gcc/arm-none-eabi/13.2.1/thumb/v7e-m/nofp\libg_nano.a(libc_a-findfp.o)
                              C:/Program Files (x86)/ABOV/eMStudio32/bin/13.2 Rel1/bin/../lib/gcc/arm-none-eabi/13.2.1/thumb/v7e-m/nofp\libg_nano.a(libc_a-exit.o) (__stdio_exit_handler)
C:/Program Files (x86)/ABOV/eMStudio32/bin/13.2 Rel1/bin/../lib/gcc/arm-none-eabi/13.2.1/thumb/v7e-m/nofp\libg_nano.a(libc_a-fwalk.o)
                              C:/Program Files (x86)/ABOV/eMStudio32/bin/13.2 Rel1/bin/../lib/gcc/arm-none-eabi/13.2.1/thumb/v7e-m/nofp\libg_nano.a(libc_a-findfp.o) (_fwalk_sglue)
C:/Program Files (x86)/ABOV/eMStudio32/bin/13.2 Rel1/bin/../lib/gcc/arm-none-eabi/13.2.1/thumb/v7e-m/nofp\libg_nano.a(libc_a-stdio.o)
                              C:/Program Files (x86)/ABOV/eMStudio32/bin/13.2 Rel1/bin/../lib/gcc/arm-none-eabi/13.2.1/thumb/v7e-m/nofp\libg_nano.a(libc_a-findfp.o) (__sread)
C:/Program Files (x86)/ABOV/eMStudio32/bin/13.2 Rel1/bin/../lib/gcc/arm-none-eabi/13.2.1/thumb/v7e-m/nofp\libg_nano.a(libc_a-memset.o)
                              C:/Program Files (x86)/ABOV/eMStudio32/bin/13.2 Rel1/bin/../lib/gcc/arm-none-eabi/13.2.1/thumb/v7e-m/nofp/crt0.o (memset)
C:/Program Files (x86)/ABOV/eMStudio32/bin/13.2 Rel1/bin/../lib/gcc/arm-none-eabi/13.2.1/thumb/v7e-m/nofp\libg_nano.a(libc_a-closer.o)
                              C:/Program Files (x86)/ABOV/eMStudio32/bin/13.2 Rel1/bin/../lib/gcc/arm-none-eabi/13.2.1/thumb/v7e-m/nofp\libg_nano.a(libc_a-stdio.o) (_close_r)
C:/Program Files (x86)/ABOV/eMStudio32/bin/13.2 Rel1/bin/../lib/gcc/arm-none-eabi/13.2.1/thumb/v7e-m/nofp\libg_nano.a(libc_a-reent.o)
                              C:/Program Files (x86)/ABOV/eMStudio32/bin/13.2 Rel1/bin/../lib/gcc/arm-none-eabi/13.2.1/thumb/v7e-m/nofp\libg_nano.a(libc_a-closer.o) (errno)
C:/Program Files (x86)/ABOV/eMStudio32/bin/13.2 Rel1/bin/../lib/gcc/arm-none-eabi/13.2.1/thumb/v7e-m/nofp\libg_nano.a(libc_a-impure.o)
                              C:/Program Files (x86)/ABOV/eMStudio32/bin/13.2 Rel1/bin/../lib/gcc/arm-none-eabi/13.2.1/thumb/v7e-m/nofp\libg_nano.a(libc_a-reent.o) (_impure_ptr)
C:/Program Files (x86)/ABOV/eMStudio32/bin/13.2 Rel1/bin/../lib/gcc/arm-none-eabi/13.2.1/thumb/v7e-m/nofp\libg_nano.a(libc_a-lseekr.o)
                              C:/Program Files (x86)/ABOV/eMStudio32/bin/13.2 Rel1/bin/../lib/gcc/arm-none-eabi/13.2.1/thumb/v7e-m/nofp\libg_nano.a(libc_a-stdio.o) (_lseek_r)
C:/Program Files (x86)/ABOV/eMStudio32/bin/13.2 Rel1/bin/../lib/gcc/arm-none-eabi/13.2.1/thumb/v7e-m/nofp\libg_nano.a(libc_a-readr.o)
                              C:/Program Files (x86)/ABOV/eMStudio32/bin/13.2 Rel1/bin/../lib/gcc/arm-none-eabi/13.2.1/thumb/v7e-m/nofp\libg_nano.a(libc_a-stdio.o) (_read_r)
C:/Program Files (x86)/ABOV/eMStudio32/bin/13.2 Rel1/bin/../lib/gcc/arm-none-eabi/13.2.1/thumb/v7e-m/nofp\libg_nano.a(libc_a-writer.o)
                              C:/Program Files (x86)/ABOV/eMStudio32/bin/13.2 Rel1/bin/../lib/gcc/arm-none-eabi/13.2.1/thumb/v7e-m/nofp\libg_nano.a(libc_a-stdio.o) (_write_r)
C:/Program Files (x86)/ABOV/eMStudio32/bin/13.2 Rel1/bin/../lib/gcc/arm-none-eabi/13.2.1/thumb/v7e-m/nofp\libg_nano.a(libc_a-init.o)
                              C:/Program Files (x86)/ABOV/eMStudio32/bin/13.2 Rel1/bin/../lib/gcc/arm-none-eabi/13.2.1/thumb/v7e-m/nofp/crt0.o (__libc_init_array)
C:/Program Files (x86)/ABOV/eMStudio32/bin/13.2 Rel1/bin/../lib/gcc/arm-none-eabi/13.2.1/thumb/v7e-m/nofp\libg_nano.a(libc_a-lock.o)
                              C:/Program Files (x86)/ABOV/eMStudio32/bin/13.2 Rel1/bin/../lib/gcc/arm-none-eabi/13.2.1/thumb/v7e-m/nofp\libg_nano.a(libc_a-findfp.o) (__retarget_lock_init_recursive)
[...]
Memory Configuration

Name             Origin             Length             Attributes
FLASH            0x00000000         0x00200000         xr
RAM              0x20000000         0x00040000         xrw
*default*        0x00000000         0xffffffff

Linker script and memory map

LOAD C:/Program Files (x86)/ABOV/eMStudio32/bin/13.2 Rel1/bin/../lib/gcc/arm-none-eabi/13.2.1/thumb/v7e-m/nofp/crti.o
LOAD C:/Program Files (x86)/ABOV/eMStudio32/bin/13.2 Rel1/bin/../lib/gcc/arm-none-eabi/13.2.1/thumb/v7e-m/nofp/crtbegin.o
LOAD C:/Program Files (x86)/ABOV/eMStudio32/bin/13.2 Rel1/bin/../lib/gcc/arm-none-eabi/13.2.1/thumb/v7e-m/nofp/crt0.o
LOAD ./Main/main.o
LOAD ./Main/prv_scu_clk.o
LOAD ./Main/prv_user_code.o
LOAD ./HAL/WDT/hal_wdt.o
LOAD ./HAL/VREFBUF/hal_vrefbuf.o
LOAD ./HAL/USART/hal_usart.o
LOAD ./HAL/UART/hal_uart.o
LOAD ./HAL/Timer1/hal_timer1.o
LOAD ./HAL/SPI/hal_spi.o
LOAD ./HAL/SCU/hal_scu.o
LOAD ./HAL/SCU/hal_scu_clk.o
LOAD ./HAL/SCU/hal_scu_lvd.o
LOAD ./HAL/SCU/hal_scu_pwr.o
LOAD ./HAL/RTC/hal_rtc.o
LOAD ./HAL/RNG/hal_rng.o
LOAD ./HAL/QSPI/hal_qspi.o
LOAD ./HAL/QEI/hal_qei.o
LOAD ./HAL/PWM/hal_pwm.o
LOAD ./HAL/PGA/hal_pga.o
LOAD ./HAL/PCU/hal_pcu.o
LOAD ./HAL/MPWM/hal_mpwm.o
LOAD ./HAL/LPUART/hal_lpuart.o
LOAD ./HAL/LCD/hal_lcd.o
LOAD ./HAL/I2C/hal_i2c.o
LOAD ./HAL/HPL/NMI/hpl_nmi.o
LOAD ./HAL/HPL/DMA/hpl_dma.o
LOAD ./HAL/FRT/hal_frt.o
LOAD ./HAL/FMC/hal_fmc.o
LOAD ./HAL/DAC/hal_dac.o
LOAD ./HAL/CRC/hal_crc.o
LOAD ./HAL/CMP/hal_cmp.o
LOAD ./HAL/AES/hal_aes.o
LOAD ./HAL/ADC/hal_adc.o
LOAD ./Debug/Source/debug.o
LOAD ./Debug/Source/debug_cmd.o
LOAD ./Debug/Source/debug_hardfault.o
LOAD ./Debug/Source/debug_log.o
LOAD ./Debug/Source/debug_retarget.o
LOAD ./Debug/Source/debug_serial.o
LOAD ./ABOV/Source/startup_a34xxxx.o
LOAD ./ABOV/Source/system_a34xxxx.o
START GROUP
LOAD C:/Program Files (x86)/ABOV/eMStudio32/bin/13.2 Rel1/bin/../lib/gcc/arm-none-eabi/13.2.1/thumb/v7e-m/nofp\libgcc.a
LOAD C:/Program Files (x86)/ABOV/eMStudio32/bin/13.2 Rel1/bin/../lib/gcc/arm-none-eabi/13.2.1/thumb/v7e-m/nofp\libg_nano.a
LOAD C:/Program Files (x86)/ABOV/eMStudio32/bin/13.2 Rel1/bin/../lib/gcc/arm-none-eabi/13.2.1/thumb/v7e-m/nofp\libc_nano.a
END GROUP
START GROUP
LOAD C:/Program Files (x86)/ABOV/eMStudio32/bin/13.2 Rel1/bin/../lib/gcc/arm-none-eabi/13.2.1/thumb/v7e-m/nofp\libgcc.a
LOAD C:/Program Files (x86)/ABOV/eMStudio32/bin/13.2 Rel1/bin/../lib/gcc/arm-none-eabi/13.2.1/thumb/v7e-m/nofp\libc_nano.a
LOAD C:/Program Files (x86)/ABOV/eMStudio32/bin/13.2 Rel1/bin/../lib/gcc/arm-none-eabi/13.2.1/thumb/v7e-m/nofp\libnosys.a
END GROUP
START GROUP
LOAD C:/Program Files (x86)/ABOV/eMStudio32/bin/13.2 Rel1/bin/../lib/gcc/arm-none-eabi/13.2.1/thumb/v7e-m/nofp\libgcc.a
LOAD C:/Program Files (x86)/ABOV/eMStudio32/bin/13.2 Rel1/bin/../lib/gcc/arm-none-eabi/13.2.1/thumb/v7e-m/nofp\libc_nano.a
LOAD C:/Program Files (x86)/ABOV/eMStudio32/bin/13.2 Rel1/bin/../lib/gcc/arm-none-eabi/13.2.1/thumb/v7e-m/nofp\libnosys.a
END GROUP
LOAD C:/Program Files (x86)/ABOV/eMStudio32/bin/13.2 Rel1/bin/../lib/gcc/arm-none-eabi/13.2.1/thumb/v7e-m/nofp/crtend.o
LOAD C:/Program Files (x86)/ABOV/eMStudio32/bin/13.2 Rel1/bin/../lib/gcc/arm-none-eabi/13.2.1/thumb/v7e-m/nofp/crtn.o
                0x00000000                        __ROM_BASE = 0x0
                0x00200000                        __ROM_SIZE = 0x200000
                0x20000000                        __RAM_BASE = 0x20000000
                0x00040000                        __RAM_SIZE = 0x40000
                0x00000400                        __STACK_SIZE = 0x400
                0x00000400                        __HEAP_SIZE = 0x400

.text           0x00000000     0x1b30
 *(.vectors)
 .vectors       0x00000000      0x3c0 ./ABOV/Source/startup_a34xxxx.o
                0x00000000                __Vectors
 *(.text*)
 .text.deregister_tm_clones
                0x000003c0       0x1c C:/Program Files (x86)/ABOV/eMStudio32/bin/13.2 Rel1/bin/../lib/gcc/arm-none-eabi/13.2.1/thumb/v7e-m/nofp/crtbegin.o
 .text.register_tm_clones
                0x000003dc       0x24 C:/Program Files (x86)/ABOV/eMStudio32/bin/13.2 Rel1/bin/../lib/gcc/arm-none-eabi/13.2.1/thumb/v7e-m/nofp/crtbegin.o
 .text.__do_global_dtors_aux
                0x00000400       0x28 C:/Program Files (x86)/ABOV/eMStudio32/bin/13.2 Rel1/bin/../lib/gcc/arm-none-eabi/13.2.1/thumb/v7e-m/nofp/crtbegin.o
 .text.frame_dummy
                0x00000428       0x24 C:/Program Files (x86)/ABOV/eMStudio32/bin/13.2 Rel1/bin/../lib/gcc/arm-none-eabi/13.2.1/thumb/v7e-m/nofp/crtbegin.o
 .text          0x0000044c       0x7c C:/Program Files (x86)/ABOV/eMStudio32/bin/13.2 Rel1/bin/../lib/gcc/arm-none-eabi/13.2.1/thumb/v7e-m/nofp/crt0.o
                0x0000044c                _stack_init
                0x00000454                _start
                0x00000454                _mainCRTStartup
 .text.PRV_PORT_Init
                0x000004c8       0xfc ./Main/main.o
 .text.main     0x000005c4       0x12 ./Main/main.o
                0x000005c4                main
 *fill*         0x000005d6        0x2 
 .text.PRV_SCU_CLK_Init
                0x000005d8       0x90 ./Main/prv_scu_clk.o
                0x000005d8                PRV_SCU_CLK_Init
 .text.Button_IsPressed
                0x00000668       0x2e ./Main/prv_user_code.o
 .text.LED_ON   0x00000696        0xa ./Main/prv_user_code.o
 .text.LED_OFF  0x000006a0        0xa ./Main/prv_user_code.o
 .text.Button_UpdateLed
                0x000006aa       0x1c ./Main/prv_user_code.o
 *fill*         0x000006c6        0x2 
 .text.PCU_IRQHandler_PCU_ID_C
                0x000006c8       0x28 ./Main/prv_user_code.o
                0x000006c8                PCU_IRQHandler_PCU_ID_C
 .text.GPIO_Configure
                0x000006f0       0x36 ./Main/prv_user_code.o
 *fill*         0x00000726        0x2 
 .text.ButtonIntr_Init
                0x00000728       0x58 ./Main/prv_user_code.o
 .text.SysTick_Handler
                0x00000780       0x14 ./Main/prv_user_code.o
                0x00000780                SysTick_Handler
 .text.SYSTICK_Wait
                0x00000794       0x14 ./Main/prv_user_code.o
                0x00000794                SYSTICK_Wait
 .text.PRV_USER_Code
                0x000007a8       0x60 ./Main/prv_user_code.o
                0x000007a8                PRV_USER_Code
 .text.PRV_UART_GetReg
                0x00000808        0xa ./HAL/UART/hal_uart.o
 *fill*         0x00000812        0x2 
 .text.PRV_UART_IRQHandler
                0x00000814      0x130 ./HAL/UART/hal_uart.o
 .text.Interrupt63_Handler
                0x00000944        0xa ./HAL/UART/hal_uart.o
                0x00000944                Interrupt63_Handler
 .text.Interrupt64_Handler
                0x0000094e        0xa ./HAL/UART/hal_uart.o
                0x0000094e                Interrupt64_Handler
 .text.Interrupt65_Handler
                0x00000958        0xa ./HAL/UART/hal_uart.o
                0x00000958                Interrupt65_Handler
 .text.Interrupt66_Handler
                0x00000962        0xa ./HAL/UART/hal_uart.o
                0x00000962                Interrupt66_Handler
 .text.Interrupt67_Handler
                0x0000096c        0xa ./HAL/UART/hal_uart.o
                0x0000096c                Interrupt67_Handler
 .text.Interrupt68_Handler
                0x00000976        0xa ./HAL/UART/hal_uart.o
                0x00000976                Interrupt68_Handler
 .text.Interrupt108_Handler
                0x00000980        0xa ./HAL/UART/hal_uart.o
                0x00000980                Interrupt108_Handler
 .text.Interrupt109_Handler
                0x0000098a        0xa ./HAL/UART/hal_uart.o
                0x0000098a                Interrupt109_Handler
 .text.Interrupt110_Handler
                0x00000994        0xa ./HAL/UART/hal_uart.o
                0x00000994                Interrupt110_Handler
 .text.Interrupt111_Handler
                0x0000099e        0xa ./HAL/UART/hal_uart.o
                0x0000099e                Interrupt111_Handler
 .text.Interrupt112_Handler
                0x000009a8        0xa ./HAL/UART/hal_uart.o
                0x000009a8                Interrupt112_Handler
 .text.Interrupt113_Handler
                0x000009b2        0xa ./HAL/UART/hal_uart.o
                0x000009b2                Interrupt113_Handler
 .text.Interrupt114_Handler
                0x000009bc        0xa ./HAL/UART/hal_uart.o
                0x000009bc                Interrupt114_Handler
 *fill*         0x000009c6        0x2 
 .text.SCUCLK_SetFlashLatency
                0x000009c8       0x58 ./HAL/SCU/hal_scu_clk.o
 .text.SCUCLK_SetMClk
                0x00000a20       0xe4 ./HAL/SCU/hal_scu_clk.o
 .text.SCUCLK_SetClkOut
                0x00000b04       0x68 ./HAL/SCU/hal_scu_clk.o
 .text.SCUCLK_SetPLLSrcDiv
                0x00000b6c       0x78 ./HAL/SCU/hal_scu_clk.o
 .text.PRV_SCUCLK_PLLDelay
                0x00000be4       0x40 ./HAL/SCU/hal_scu_clk.o
 .text.PRV_SCUCLK_IRQHandler
                0x00000c24       0x78 ./HAL/SCU/hal_scu_clk.o
 .text.HAL_SCU_CLK_SetMClk
                0x00000c9c       0xc0 ./HAL/SCU/hal_scu_clk.o
                0x00000c9c                HAL_SCU_CLK_SetMClk
 .text.HAL_SCU_CLK_SetSrcEnable
                0x00000d5c       0x62 ./HAL/SCU/hal_scu_clk.o
                0x00000d5c                HAL_SCU_CLK_SetSrcEnable
 *fill*         0x00000dbe        0x2 
 .text.HAL_SCU_CLK_SetPLLConfig
                0x00000dc0       0xe4 ./HAL/SCU/hal_scu_clk.o
                0x00000dc0                HAL_SCU_CLK_SetPLLConfig
 .text.HAL_SCU_CLK_SetOutput
                0x00000ea4       0x1c ./HAL/SCU/hal_scu_clk.o
                0x00000ea4                HAL_SCU_CLK_SetOutput
 .text.HAL_SCU_CLK_SetPClkDiv
                0x00000ec0       0x30 ./HAL/SCU/hal_scu_clk.o
                0x00000ec0                HAL_SCU_CLK_SetPClkDiv
 .text.Interrupt1_Handler
                0x00000ef0        0xa ./HAL/SCU/hal_scu_clk.o
                0x00000ef0                Interrupt1_Handler
 .text.Interrupt2_Handler
                0x00000efa        0xa ./HAL/SCU/hal_scu_clk.o
                0x00000efa                Interrupt2_Handler
 .text.Interrupt3_Handler
                0x00000f04        0xa ./HAL/SCU/hal_scu_clk.o
                0x00000f04                Interrupt3_Handler
 *fill*         0x00000f0e        0x2 
 .text.__NVIC_EnableIRQ
                0x00000f10       0x1c ./HAL/PCU/hal_pcu.o
 .text.__NVIC_DisableIRQ
                0x00000f2c       0x24 ./HAL/PCU/hal_pcu.o
 .text.__NVIC_SetPriority
                0x00000f50       0x28 ./HAL/PCU/hal_pcu.o
 .text.PCU_GetIRQNum
                0x00000f78       0x32 ./HAL/PCU/hal_pcu.o
 .text.PCU_SetDebounceClk
                0x00000faa       0xc0 ./HAL/PCU/hal_pcu.o
 *fill*         0x0000106a        0x2 
 .text.PCU_SetIntrPort
                0x0000106c       0x68 ./HAL/PCU/hal_pcu.o
 .text.PRV_PCU_GetVaildPort
                0x000010d4        0xe ./HAL/PCU/hal_pcu.o
 *fill*         0x000010e2        0x2 
 .text.PRV_PCU_IRQHandler
                0x000010e4       0x54 ./HAL/PCU/hal_pcu.o
 .text.PRV_PCU_NMIHandler
                0x00001138       0x38 ./HAL/PCU/hal_pcu.o
 .text.PCU0_INT_IRQHandler
                0x00001170       0x18 ./HAL/PCU/hal_pcu.o
 .text.PCU1_INT_IRQHandler
                0x00001188       0x18 ./HAL/PCU/hal_pcu.o
 .text.PCU2_INT_IRQHandler
                0x000011a0       0x18 ./HAL/PCU/hal_pcu.o
 .text.PCU3_INT_IRQHandler
                0x000011b8       0x18 ./HAL/PCU/hal_pcu.o
 .text.PCU4_INT_IRQHandler
                0x000011d0       0x18 ./HAL/PCU/hal_pcu.o
 .text.PCU5_INT_IRQHandler
                0x000011e8       0x18 ./HAL/PCU/hal_pcu.o
 .text.PCU6_INT_IRQHandler
                0x00001200       0x18 ./HAL/PCU/hal_pcu.o
 .text.HAL_PCU_SetAltMode
                0x00001218       0xa0 ./HAL/PCU/hal_pcu.o
                0x00001218                HAL_PCU_SetAltMode
 .text.HAL_PCU_SetInOutMode
                0x000012b8       0xa0 ./HAL/PCU/hal_pcu.o
                0x000012b8                HAL_PCU_SetInOutMode
 .text.HAL_PCU_SetPullUpDown
                0x00001358       0x68 ./HAL/PCU/hal_pcu.o
                0x00001358                HAL_PCU_SetPullUpDown
 .text.HAL_PCU_GetInputValue
                0x000013c0       0x2e ./HAL/PCU/hal_pcu.o
                0x000013c0                HAL_PCU_GetInputValue
 .text.HAL_PCU_SetOutputBit
                0x000013ee       0x40 ./HAL/PCU/hal_pcu.o
                0x000013ee                HAL_PCU_SetOutputBit
 .text.HAL_PCU_SetIntrPort
                0x0000142e       0x2e ./HAL/PCU/hal_pcu.o
                0x0000142e                HAL_PCU_SetIntrPort
 .text.HAL_PCU_SetPortDebounce
                0x0000145c       0x64 ./HAL/PCU/hal_pcu.o
                0x0000145c                HAL_PCU_SetPortDebounce
 .text.HAL_PCU_SetClkDebounce
                0x000014c0       0x1e ./HAL/PCU/hal_pcu.o
                0x000014c0                HAL_PCU_SetClkDebounce
 *fill*         0x000014de        0x2 
 .text.HAL_PCU_SetIRQ
                0x000014e0       0xe8 ./HAL/PCU/hal_pcu.o
                0x000014e0                HAL_PCU_SetIRQ
 .text.Interrupt36_Handler
                0x000015c8        0x8 ./HAL/PCU/hal_pcu.o
                0x000015c8                Interrupt36_Handler
 .text.Interrupt37_Handler
                0x000015d0        0x8 ./HAL/PCU/hal_pcu.o
                0x000015d0                Interrupt37_Handler
 .text.Interrupt38_Handler
                0x000015d8        0x8 ./HAL/PCU/hal_pcu.o
                0x000015d8                Interrupt38_Handler
 .text.Interrupt39_Handler
                0x000015e0        0x8 ./HAL/PCU/hal_pcu.o
                0x000015e0                Interrupt39_Handler
 .text.Interrupt40_Handler
                0x000015e8        0x8 ./HAL/PCU/hal_pcu.o
                0x000015e8                Interrupt40_Handler
 .text.Interrupt41_Handler
                0x000015f0        0x8 ./HAL/PCU/hal_pcu.o
                0x000015f0                Interrupt41_Handler
 .text.Interrupt42_Handler
                0x000015f8        0x8 ./HAL/PCU/hal_pcu.o
                0x000015f8                Interrupt42_Handler
 .text.PRV_NMI_IRQHandler
                0x00001600       0x70 ./HAL/HPL/NMI/hpl_nmi.o
 .text.HPL_NMI_SetSource
                0x00001670       0x58 ./HAL/HPL/NMI/hpl_nmi.o
                0x00001670                HPL_NMI_SetSource
 .text.NMI_Handler
                0x000016c8        0x8 ./HAL/HPL/NMI/hpl_nmi.o
                0x000016c8                NMI_Handler
 .text.HardFault_Handler
                0x000016d0        0x2 ./ABOV/Source/startup_a34xxxx.o
                0x000016d0                HardFault_Handler
 .text.Default_Handler
                0x000016d2        0x2 ./ABOV/Source/startup_a34xxxx.o
                0x000016d2                DebugMon_Handler
                0x000016d2                Interrupt31_Handler
                0x000016d2                Interrupt71_Handler
                0x000016d2                Interrupt93_Handler
                0x000016d2                Interrupt107_Handler
                0x000016d2                PendSV_Handler
                0x000016d2                Interrupt18_Handler
                0x000016d2                Interrupt11_Handler
                0x000016d2                Interrupt56_Handler
                0x000016d2                Interrupt117_Handler
                0x000016d2                Interrupt29_Handler
                0x000016d2                Interrupt103_Handler
                0x000016d2                Interrupt106_Handler
                0x000016d2                Interrupt72_Handler
                0x000016d2                Interrupt89_Handler
                0x000016d2                Interrupt21_Handler
                0x000016d2                Interrupt81_Handler
                0x000016d2                Interrupt28_Handler
                0x000016d2                Interrupt33_Handler
                0x000016d2                Interrupt8_Handler
                0x000016d2                Interrupt73_Handler
                0x000016d2                Interrupt61_Handler
                0x000016d2                Interrupt5_Handler
                0x000016d2                UsageFault_Handler
                0x000016d2                Interrupt35_Handler
                0x000016d2                Interrupt75_Handler
                0x000016d2                Interrupt27_Handler
                0x000016d2                Interrupt26_Handler
                0x000016d2                Interrupt87_Handler
                0x000016d2                Interrupt123_Handler
                0x000016d2                Interrupt124_Handler
                0x000016d2                Interrupt90_Handler
                0x000016d2                Interrupt83_Handler
                0x000016d2                Interrupt122_Handler
                0x000016d2                Interrupt44_Handler
                0x000016d2                Interrupt34_Handler
                0x000016d2                Interrupt121_Handler
                0x000016d2                Interrupt7_Handler
                0x000016d2                Interrupt0_Handler
                0x000016d2                Interrupt54_Handler
                0x000016d2                Interrupt76_Handler
                0x000016d2                Interrupt22_Handler
                0x000016d2                Interrupt120_Handler
                0x000016d2                Interrupt52_Handler
                0x000016d2                Interrupt105_Handler
                0x000016d2                Interrupt69_Handler
                0x000016d2                Interrupt4_Handler
                0x000016d2                Interrupt115_Handler
                0x000016d2                Interrupt74_Handler
                0x000016d2                Interrupt24_Handler
                0x000016d2                Interrupt16_Handler
                0x000016d2                Default_Handler
                0x000016d2                Interrupt23_Handler
                0x000016d2                Interrupt17_Handler
                0x000016d2                Interrupt92_Handler
                0x000016d2                Interrupt9_Handler
                0x000016d2                Interrupt19_Handler
                0x000016d2                Interrupt118_Handler
                0x000016d2                Interrupt97_Handler
                0x000016d2                Interrupt32_Handler
                0x000016d2                Interrupt6_Handler
                0x000016d2                Interrupt53_Handler
                0x000016d2                Interrupt60_Handler
                0x000016d2                Interrupt79_Handler
                0x000016d2                Interrupt85_Handler
                0x000016d2                Interrupt98_Handler
                0x000016d2                Interrupt96_Handler
                0x000016d2                Interrupt45_Handler
                0x000016d2                MemManage_Handler
                0x000016d2                SVC_Handler
                0x000016d2                Interrupt10_Handler
                0x000016d2                Interrupt25_Handler
                0x000016d2                Interrupt88_Handler
                0x000016d2                Interrupt20_Handler
                0x000016d2                Interrupt101_Handler
                0x000016d2                Interrupt100_Handler
                0x000016d2                Interrupt43_Handler
                0x000016d2                Interrupt116_Handler
                0x000016d2                Interrupt91_Handler
                0x000016d2                Interrupt99_Handler
                0x000016d2                Interrupt102_Handler
                0x000016d2                Interrupt14_Handler
                0x000016d2                Interrupt82_Handler
                0x000016d2                Interrupt13_Handler
                0x000016d2                Interrupt58_Handler
                0x000016d2                Interrupt59_Handler
                0x000016d2                Interrupt46_Handler
                0x000016d2                Interrupt15_Handler
                0x000016d2                Interrupt51_Handler
                0x000016d2                Interrupt119_Handler
                0x000016d2                Interrupt70_Handler
                0x000016d2                Interrupt86_Handler
                0x000016d2                Interrupt48_Handler
                0x000016d2                BusFault_Handler
                0x000016d2                Interrupt94_Handler
                0x000016d2                Interrupt77_Handler
                0x000016d2                Interrupt55_Handler
                0x000016d2                Interrupt95_Handler
                0x000016d2                Interrupt50_Handler
                0x000016d2                Interrupt78_Handler
                0x000016d2                Interrupt30_Handler
                0x000016d2                Interrupt47_Handler
                0x000016d2                Interrupt57_Handler
                0x000016d2                Interrupt12_Handler
                0x000016d2                Interrupt84_Handler
                0x000016d2                Interrupt62_Handler
                0x000016d2                Interrupt104_Handler
                0x000016d2                Interrupt49_Handler
                0x000016d2                Interrupt80_Handler
 .text.Reset_Handler
                0x000016d4       0x60 ./ABOV/Source/startup_a34xxxx.o
                0x000016d4                Reset_Handler
 .text.SystemInit
                0x00001734       0x48 ./ABOV/Source/system_a34xxxx.o
                0x00001734                SystemInit
 .text.SystemDelayUS
                0x0000177c       0x1c ./ABOV/Source/system_a34xxxx.o
                0x0000177c                SystemDelayUS
 .text          0x00001798       0x30 C:/Program Files (x86)/ABOV/eMStudio32/bin/13.2 Rel1/bin/../lib/gcc/arm-none-eabi/13.2.1/thumb/v7e-m/nofp\libgcc.a(_aeabi_uldivmod.o)
                0x00001798                __aeabi_uldivmod
 .text.__udivmoddi4
                0x000017c8      0x2bc C:/Program Files (x86)/ABOV/eMStudio32/bin/13.2 Rel1/bin/../lib/gcc/arm-none-eabi/13.2.1/thumb/v7e-m/nofp\libgcc.a(_udivmoddi4.o)
                0x000017c8                __udivmoddi4
 .text          0x00001a84        0x4 C:/Program Files (x86)/ABOV/eMStudio32/bin/13.2 Rel1/bin/../lib/gcc/arm-none-eabi/13.2.1/thumb/v7e-m/nofp\libgcc.a(_dvmd_tls.o)
                0x00001a84                __aeabi_idiv0
                0x00001a84                __aeabi_ldiv0
 .text.exit     0x00001a88       0x24 C:/Program Files (x86)/ABOV/eMStudio32/bin/13.2 Rel1/bin/../lib/gcc/arm-none-eabi/13.2.1/thumb/v7e-m/nofp\libg_nano.a(libc_a-exit.o)
                0x00001a88                exit
 .text.memset   0x00001aac       0x10 C:/Program Files (x86)/ABOV/eMStudio32/bin/13.2 Rel1/bin/../lib/gcc/arm-none-eabi/13.2.1/thumb/v7e-m/nofp\libg_nano.a(libc_a-memset.o)
                0x00001aac                memset
 .text.__libc_init_array
                0x00001abc       0x48 C:/Program Files (x86)/ABOV/eMStudio32/bin/13.2 Rel1/bin/../lib/gcc/arm-none-eabi/13.2.1/thumb/v7e-m/nofp\libg_nano.a(libc_a-init.o)
                0x00001abc                __libc_init_array
 .text._exit    0x00001b04        0x4 C:/Program Files (x86)/ABOV/eMStudio32/bin/13.2 Rel1/bin/../lib/gcc/arm-none-eabi/13.2.1/thumb/v7e-m/nofp\libnosys.a(_exit.o)
                0x00001b04                _exit
 *(.init)
 .init          0x00001b08        0x4 C:/Program Files (x86)/ABOV/eMStudio32/bin/13.2 Rel1/bin/../lib/gcc/arm-none-eabi/13.2.1/thumb/v7e-m/nofp/crti.o
                0x00001b08                _init
 .init          0x00001b0c        0x8 C:/Program Files (x86)/ABOV/eMStudio32/bin/13.2 Rel1/bin/../lib/gcc/arm-none-eabi/13.2.1/thumb/v7e-m/nofp/crtn.o
 *(.fini)
 .fini          0x00001b14        0x4 C:/Program Files (x86)/ABOV/eMStudio32/bin/13.2 Rel1/bin/../lib/gcc/arm-none-eabi/13.2.1/thumb/v7e-m/nofp/crti.o
                0x00001b14                _fini
 .fini          0x00001b18        0x8 C:/Program Files (x86)/ABOV/eMStudio32/bin/13.2 Rel1/bin/../lib/gcc/arm-none-eabi/13.2.1/thumb/v7e-m/nofp/crtn.o
 *crtbegin.o(.ctors)
 *crtbegin?.o(.ctors)
 *(EXCLUDE_FILE(*crtend.o *crtend?.o) .ctors)
 *(SORT_BY_NAME(.ctors.*))
 *(.ctors)
 *crtbegin.o(.dtors)
 *crtbegin?.o(.dtors)
 *(EXCLUDE_FILE(*crtend.o *crtend?.o) .dtors)
 *(SORT_BY_NAME(.dtors.*))
 *(.dtors)
 *(.rodata*)
 .rodata        0x00001b20        0x9 ./Main/prv_scu_clk.o
 *(.eh_frame*)
 *fill*         0x00001b29        0x3 
 .eh_frame      0x00001b2c        0x0 C:/Program Files (x86)/ABOV/eMStudio32/bin/13.2 Rel1/bin/../lib/gcc/arm-none-eabi/13.2.1/thumb/v7e-m/nofp/crtbegin.o
 .eh_frame      0x00001b2c        0x4 C:/Program Files (x86)/ABOV/eMStudio32/bin/13.2 Rel1/bin/../lib/gcc/arm-none-eabi/13.2.1/thumb/v7e-m/nofp/crtend.o

.glue_7         0x00001b30        0x0
 .glue_7        0x00001b30        0x0 linker stubs

.glue_7t        0x00001b30        0x0
 .glue_7t       0x00001b30        0x0 linker stubs

.vfp11_veneer   0x00001b30        0x0
 .vfp11_veneer  0x00001b30        0x0 linker stubs

.v4_bx          0x00001b30        0x0
 .v4_bx         0x00001b30        0x0 linker stubs

.iplt           0x00001b30        0x0
 .iplt          0x00001b30        0x0 C:/Program Files (x86)/ABOV/eMStudio32/bin/13.2 Rel1/bin/../lib/gcc/arm-none-eabi/13.2.1/thumb/v7e-m/nofp/crtbegin.o

.ARM.extab
 *(.ARM.extab* .gnu.linkonce.armextab.*)
                0x00001b30                        __exidx_start = .

.ARM.exidx      0x00001b30        0x8
 *(.ARM.exidx* .gnu.linkonce.armexidx.*)
 .ARM.exidx     0x00001b30        0x8 C:/Program Files (x86)/ABOV/eMStudio32/bin/13.2 Rel1/bin/../lib/gcc/arm-none-eabi/13.2.1/thumb/v7e-m/nofp/crt0.o
                                 0x10 (size before relaxing)
 .ARM.exidx.text.__udivmoddi4
                0x00001b38        0x0 C:/Program Files (x86)/ABOV/eMStudio32/bin/13.2 Rel1/bin/../lib/gcc/arm-none-eabi/13.2.1/thumb/v7e-m/nofp\libgcc.a(_udivmoddi4.o)
                                  0x8 (size before relaxing)
                0x00001b38                        __exidx_end = .
                0x00001b38                        __ram_func = .

.rel.dyn        0x00001b38        0x0
 .rel.iplt      0x00001b38        0x0 C:/Program Files (x86)/ABOV/eMStudio32/bin/13.2 Rel1/bin/../lib/gcc/arm-none-eabi/13.2.1/thumb/v7e-m/nofp/crtbegin.o

.code_section_on_ram
                0x20000000        0x0 load address 0x00001b38
                0x20000000                        __code_section_on_ram_start__ = .
 *(.code_section_on_ram*)
                0x20000000                        __code_section_on_ram_end__ = .
                0x20000000                        . = ALIGN (0x4)

.copy.table     0x00001b38       0x18
                0x00001b38                        . = ALIGN (0x4)
                0x00001b38                        __copy_table_start__ = .
                0x00001b38        0x4 LONG 0x1b50 __etext
                0x00001b3c        0x4 LONG 0x20000000 __data_start__
                0x00001b40        0x4 LONG 0x6 ((__data_end__ - __data_start__) / 0x4)
                0x00001b44        0x4 LONG 0x1b38 __ram_func
                0x00001b48        0x4 LONG 0x20000000 __code_section_on_ram_start__
                0x00001b4c        0x4 LONG 0x0 ((__code_section_on_ram_end__ - __code_section_on_ram_start__) / 0x4)
                0x00001b50                        __copy_table_end__ = .

.zero.table     0x00001b50        0x0
                0x00001b50                        . = ALIGN (0x4)
                0x00001b50                        __zero_table_start__ = .
                0x00001b50                        __zero_table_end__ = .
                0x00001b50                        __etext = ALIGN (0x4)

.data           0x20000000       0x18 load address 0x00001b50
                0x20000000                        __data_start__ = .
 *(vtable)
 *(.data)
 *(.data.*)
 .data.SystemDelayUSCount
                0x20000000        0x4 ./HAL/SCU/hal_scu_clk.o
                0x20000000                SystemDelayUSCount
 .data.SystemDelayMSCount
                0x20000004        0x4 ./HAL/SCU/hal_scu_clk.o
                0x20000004                SystemDelayMSCount
 .data.SystemPeriClock
                0x20000008        0x4 ./HAL/SCU/hal_scu_clk.o
                0x20000008                SystemPeriClock
 .data.SystemCoreClock
                0x2000000c        0x4 ./HAL/SCU/hal_scu_clk.o
                0x2000000c                SystemCoreClock
                0x20000010                        . = ALIGN (0x4)
                0x20000010                        PROVIDE (__preinit_array_start = .)
 *(.preinit_array)
                0x20000010                        PROVIDE (__preinit_array_end = .)
                0x20000010                        . = ALIGN (0x4)
                0x20000010                        PROVIDE (__init_array_start = .)
 *(SORT_BY_NAME(.init_array.*))
 *(.init_array)
 .init_array    0x20000010        0x4 C:/Program Files (x86)/ABOV/eMStudio32/bin/13.2 Rel1/bin/../lib/gcc/arm-none-eabi/13.2.1/thumb/v7e-m/nofp/crtbegin.o
                0x20000014                        PROVIDE (__init_array_end = .)
                0x20000014                        . = ALIGN (0x4)
                [!provide]                        PROVIDE (__fini_array_start = .)
 *(SORT_BY_NAME(.fini_array.*))
 *(.fini_array)
 .fini_array    0x20000014        0x4 C:/Program Files (x86)/ABOV/eMStudio32/bin/13.2 Rel1/bin/../lib/gcc/arm-none-eabi/13.2.1/thumb/v7e-m/nofp/crtbegin.o
                [!provide]                        PROVIDE (__fini_array_end = .)
 *(.jcr*)
                0x20000018                        . = ALIGN (0x4)
                0x20000018                        __data_end__ = .

.tm_clone_table
                0x20000018        0x0 load address 0x00001b68
 .tm_clone_table
                0x20000018        0x0 C:/Program Files (x86)/ABOV/eMStudio32/bin/13.2 Rel1/bin/../lib/gcc/arm-none-eabi/13.2.1/thumb/v7e-m/nofp/crtbegin.o
 .tm_clone_table
                0x20000018        0x0 C:/Program Files (x86)/ABOV/eMStudio32/bin/13.2 Rel1/bin/../lib/gcc/arm-none-eabi/13.2.1/thumb/v7e-m/nofp/crtend.o

.igot.plt       0x20000018        0x0 load address 0x00001b68
 .igot.plt      0x20000018        0x0 C:/Program Files (x86)/ABOV/eMStudio32/bin/13.2 Rel1/bin/../lib/gcc/arm-none-eabi/13.2.1/thumb/v7e-m/nofp/crtbegin.o

.bss            0x20000018      0x35c
                0x20000018                        . = ALIGN (0x4)
                0x20000018                        __bss_start__ = .
 *(.bss)
 *(.bss.*)
 .bss.completed.1
                0x20000018        0x1 C:/Program Files (x86)/ABOV/eMStudio32/bin/13.2 Rel1/bin/../lib/gcc/arm-none-eabi/13.2.1/thumb/v7e-m/nofp/crtbegin.o
 *fill*         0x20000019        0x3 
 .bss.object.0  0x2000001c       0x18 C:/Program Files (x86)/ABOV/eMStudio32/bin/13.2 Rel1/bin/../lib/gcc/arm-none-eabi/13.2.1/thumb/v7e-m/nofp/crtbegin.o
 .bss.s_btnEvent
                0x20000034        0x1 ./Main/prv_user_code.o
 .bss.s_btnPressed
                0x20000035        0x1 ./Main/prv_user_code.o
 *fill*         0x20000036        0x2 
 .bss.s_un32SysTimerVal
                0x20000038        0x4 ./Main/prv_user_code.o
 .bss.s_tUcb    0x2000003c      0x23c ./HAL/UART/hal_uart.o
 .bss.s_tCcb    0x20000278       0x24 ./HAL/SCU/hal_scu_clk.o
 .bss.s_un32PLLClock
                0x2000029c        0x4 ./HAL/SCU/hal_scu_clk.o
 .bss.s_tPcb    0x200002a0       0x70 ./HAL/PCU/hal_pcu.o
 .bss.s_tNrb    0x20000310       0x60 ./HAL/HPL/NMI/hpl_nmi.o
 .bss.__stdio_exit_handler
                0x20000370        0x4 C:/Program Files (x86)/ABOV/eMStudio32/bin/13.2 Rel1/bin/../lib/gcc/arm-none-eabi/13.2.1/thumb/v7e-m/nofp\libg_nano.a(libc_a-findfp.o)
                0x20000370                __stdio_exit_handler
 *(COMMON)
                0x20000374                        . = ALIGN (0x4)
                0x20000374                        __bss_end__ = .

.heap           0x20000374      0x404
                0x20000378                        . = ALIGN (0x8)
 *fill*         0x20000374        0x4 
                0x20000378                        __end__ = .
                0x20000378                        PROVIDE (end = .)
                0x20000778                        . = (. + __HEAP_SIZE)
 *fill*         0x20000378      0x400 
                0x20000778                        . = ALIGN (0x8)
                0x20000778                        __HeapLimit = .

.stack          0x2003fc00      0x400
                0x2003fc00                        . = ALIGN (0x8)
                0x2003fc00                        __StackLimit = .
                0x20040000                        . = (. + __STACK_SIZE)
 *fill*         0x2003fc00      0x400 
                0x20040000                        . = ALIGN (0x8)
                0x20040000                        __StackTop = .
                0x20040000                        PROVIDE (__stack = __StackTop)
                0x00000001                        ASSERT ((__StackLimit >= __HeapLimit), region RAM overflowed with stack)
OUTPUT(GPIO_EINT.elf elf32-littlearm)
LOAD linker stubs

.ARM.attributes
                0x00000000       0x2a
 .ARM.attributes
                0x00000000       0x1e C:/Program Files (x86)/ABOV/eMStudio32/bin/13.2 Rel1/bin/../lib/gcc/arm-none-eabi/13.2.1/thumb/v7e-m/nofp/crti.o
 .ARM.attributes
                0x0000001e       0x2e C:/Program Files (x86)/ABOV/eMStudio32/bin/13.2 Rel1/bin/../lib/gcc/arm-none-eabi/13.2.1/thumb/v7e-m/nofp/crtbegin.o
 .ARM.attributes
                0x0000004c       0x1c C:/Program Files (x86)/ABOV/eMStudio32/bin/13.2 Rel1/bin/../lib/gcc/arm-none-eabi/13.2.1/thumb/v7e-m/nofp/crt0.o
 .ARM.attributes
                0x00000068       0x2e ./Main/main.o
 .ARM.attributes
                0x00000096       0x2e ./Main/prv_scu_clk.o
 .ARM.attributes
                0x000000c4       0x2e ./Main/prv_user_code.o
 .ARM.attributes
                0x000000f2       0x2e ./HAL/UART/hal_uart.o
 .ARM.attributes
                0x00000120       0x2e ./HAL/SCU/hal_scu_clk.o
 .ARM.attributes
                0x0000014e       0x2e ./HAL/PCU/hal_pcu.o
 .ARM.attributes
                0x0000017c       0x2e ./HAL/HPL/NMI/hpl_nmi.o
 .ARM.attributes
                0x000001aa       0x2e ./ABOV/Source/startup_a34xxxx.o
 .ARM.attributes
                0x000001d8       0x2e ./ABOV/Source/system_a34xxxx.o
 .ARM.attributes
                0x00000206       0x1e C:/Program Files (x86)/ABOV/eMStudio32/bin/13.2 Rel1/bin/../lib/gcc/arm-none-eabi/13.2.1/thumb/v7e-m/nofp\libgcc.a(_aeabi_uldivmod.o)
 .ARM.attributes
                0x00000224       0x2e C:/Program Files (x86)/ABOV/eMStudio32/bin/13.2 Rel1/bin/../lib/gcc/arm-none-eabi/13.2.1/thumb/v7e-m/nofp\libgcc.a(_udivmoddi4.o)
 .ARM.attributes
                0x00000252       0x1e C:/Program Files (x86)/ABOV/eMStudio32/bin/13.2 Rel1/bin/../lib/gcc/arm-none-eabi/13.2.1/thumb/v7e-m/nofp\libgcc.a(_dvmd_tls.o)
 .ARM.attributes
                0x00000270       0x2e C:/Program Files (x86)/ABOV/eMStudio32/bin/13.2 Rel1/bin/../lib/gcc/arm-none-eabi/13.2.1/thumb/v7e-m/nofp\libg_nano.a(libc_a-exit.o)
 .ARM.attributes
                0x0000029e       0x2e C:/Program Files (x86)/ABOV/eMStudio32/bin/13.2 Rel1/bin/../lib/gcc/arm-none-eabi/13.2.1/thumb/v7e-m/nofp\libg_nano.a(libc_a-findfp.o)
 .ARM.attributes
                0x000002cc       0x2e C:/Program Files (x86)/ABOV/eMStudio32/bin/13.2 Rel1/bin/../lib/gcc/arm-none-eabi/13.2.1/thumb/v7e-m/nofp\libg_nano.a(libc_a-memset.o)
 .ARM.attributes
                0x000002fa       0x2e C:/Program Files (x86)/ABOV/eMStudio32/bin/13.2 Rel1/bin/../lib/gcc/arm-none-eabi/13.2.1/thumb/v7e-m/nofp\libg_nano.a(libc_a-init.o)
 .ARM.attributes
                0x00000328       0x2e C:/Program Files (x86)/ABOV/eMStudio32/bin/13.2 Rel1/bin/../lib/gcc/arm-none-eabi/13.2.1/thumb/v7e-m/nofp\libnosys.a(_exit.o)
 .ARM.attributes
                0x00000356       0x2e C:/Program Files (x86)/ABOV/eMStudio32/bin/13.2 Rel1/bin/../lib/gcc/arm-none-eabi/13.2.1/thumb/v7e-m/nofp/crtend.o
 .ARM.attributes
                0x00000384       0x1e C:/Program Files (x86)/ABOV/eMStudio32/bin/13.2 Rel1/bin/../lib/gcc/arm-none-eabi/13.2.1/thumb/v7e-m/nofp/crtn.o

.comment        0x00000000       0x44
 .comment       0x00000000       0x44 ./Main/main.o
                                 0x45 (size before relaxing)
 .comment       0x00000044       0x45 ./Main/prv_scu_clk.o
 .comment       0x00000044       0x45 ./Main/prv_user_code.o
 .comment       0x00000044       0x45 ./HAL/UART/hal_uart.o
 .comment       0x00000044       0x45 ./HAL/SCU/hal_scu_clk.o
 .comment       0x00000044       0x45 ./HAL/PCU/hal_pcu.o
 .comment       0x00000044       0x45 ./HAL/HPL/NMI/hpl_nmi.o
 .comment       0x00000044       0x45 ./ABOV/Source/startup_a34xxxx.o
 .comment       0x00000044       0x45 ./ABOV/Source/system_a34xxxx.o

.debug_line_str
                0x00000000      0x1a5
 .debug_line_str
                0x00000000      0x1a5 C:/Program Files (x86)/ABOV/eMStudio32/bin/13.2 Rel1/bin/../lib/gcc/arm-none-eabi/13.2.1/thumb/v7e-m/nofp/crt0.o
                                 0xd3 (size before relaxing)
 .debug_line_str
                0x000001a5       0xc6 C:/Program Files (x86)/ABOV/eMStudio32/bin/13.2 Rel1/bin/../lib/gcc/arm-none-eabi/13.2.1/thumb/v7e-m/nofp\libgcc.a(_aeabi_uldivmod.o)
 .debug_line_str
                0x000001a5       0xca C:/Program Files (x86)/ABOV/eMStudio32/bin/13.2 Rel1/bin/../lib/gcc/arm-none-eabi/13.2.1/thumb/v7e-m/nofp\libgcc.a(_dvmd_tls.o)

.debug_info     0x00000000     0x91d6
 .debug_info    0x00000000      0x990 ./Main/main.o
 .debug_info    0x00000990      0x51d ./Main/prv_scu_clk.o
 .debug_info    0x00000ead      0xf4b ./Main/prv_user_code.o
 .debug_info    0x00001df8     0x1dc8 ./HAL/UART/hal_uart.o
 .debug_info    0x00003bc0     0x1d2e ./HAL/SCU/hal_scu_clk.o
 .debug_info    0x000058ee     0x2417 ./HAL/PCU/hal_pcu.o
 .debug_info    0x00007d05      0xaad ./HAL/HPL/NMI/hpl_nmi.o
 .debug_info    0x000087b2      0x2c6 ./ABOV/Source/startup_a34xxxx.o
 .debug_info    0x00008a78      0x75e ./ABOV/Source/system_a34xxxx.o

.debug_abbrev   0x00000000     0x1780
 .debug_abbrev  0x00000000      0x117 ./Main/main.o
 .debug_abbrev  0x00000117      0x124 ./Main/prv_scu_clk.o
 .debug_abbrev  0x0000023b      0x2eb ./Main/prv_user_code.o
 .debug_abbrev  0x00000526      0x4cd ./HAL/UART/hal_uart.o
 .debug_abbrev  0x000009f3      0x40e ./HAL/SCU/hal_scu_clk.o
 .debug_abbrev  0x00000e01      0x42f ./HAL/PCU/hal_pcu.o
 .debug_abbrev  0x00001230      0x226 ./HAL/HPL/NMI/hpl_nmi.o
 .debug_abbrev  0x00001456      0x1ac ./ABOV/Source/startup_a34xxxx.o
 .debug_abbrev  0x00001602      0x17e ./ABOV/Source/system_a34xxxx.o

.debug_aranges  0x00000000      0x4c0
 .debug_aranges
                0x00000000       0x28 ./Main/main.o
 .debug_aranges
                0x00000028       0x20 ./Main/prv_scu_clk.o
 .debug_aranges
                0x00000048       0x68 ./Main/prv_user_code.o
 .debug_aranges
                0x000000b0      0x128 ./HAL/UART/hal_uart.o
 .debug_aranges
                0x000001d8       0xf0 ./HAL/SCU/hal_scu_clk.o
 .debug_aranges
                0x000002c8      0x148 ./HAL/PCU/hal_pcu.o
 .debug_aranges
                0x00000410       0x50 ./HAL/HPL/NMI/hpl_nmi.o
 .debug_aranges
                0x00000460       0x30 ./ABOV/Source/startup_a34xxxx.o
 .debug_aranges
                0x00000490       0x30 ./ABOV/Source/system_a34xxxx.o

.debug_rnglists
                0x00000000      0x38d
 .debug_rnglists
                0x00000000       0x1a ./Main/main.o
 .debug_rnglists
                0x0000001a       0x14 ./Main/prv_scu_clk.o
 .debug_rnglists
                0x0000002e       0x49 ./Main/prv_user_code.o
 .debug_rnglists
                0x00000077       0xe0 ./HAL/UART/hal_uart.o
 .debug_rnglists
                0x00000157       0xb4 ./HAL/SCU/hal_scu_clk.o
 .debug_rnglists
                0x0000020b       0xf5 ./HAL/PCU/hal_pcu.o
 .debug_rnglists
                0x00000300       0x37 ./HAL/HPL/NMI/hpl_nmi.o
 .debug_rnglists
                0x00000337       0x37 ./ABOV/Source/startup_a34xxxx.o
 .debug_rnglists
                0x0000036e       0x1f ./ABOV/Source/system_a34xxxx.o

.debug_macro    0x00000000    0x193fa
 .debug_macro   0x00000000      0x12c ./Main/main.o
 .debug_macro   0x0000012c      0xac0 ./Main/main.o
 .debug_macro   0x00000bec       0xe7 ./Main/main.o
 .debug_macro   0x00000cd3       0x22 ./Main/main.o
 .debug_macro   0x00000cf5       0x8e ./Main/main.o
 .debug_macro   0x00000d83       0x51 ./Main/main.o
 .debug_macro   0x00000dd4      0x103 ./Main/main.o
 .debug_macro   0x00000ed7       0x6a ./Main/main.o
 .debug_macro   0x00000f41      0x1df ./Main/main.o
 .debug_macro   0x00001120       0x34 ./Main/main.o
 .debug_macro   0x00001154       0x1c ./Main/main.o
 .debug_macro   0x00001170       0x22 ./Main/main.o
 .debug_macro   0x00001192       0xfb ./Main/main.o
 .debug_macro   0x0000128d     0x1011 ./Main/main.o
 .debug_macro   0x0000229e      0x11f ./Main/main.o
 .debug_macro   0x000023bd    0x14a95 ./Main/main.o
 .debug_macro   0x00016e52       0x10 ./Main/main.o
 .debug_macro   0x00016e62       0x10 ./Main/main.o
 .debug_macro   0x00016e72       0xb6 ./Main/main.o
 .debug_macro   0x00016f28       0x10 ./Main/main.o
 .debug_macro   0x00016f38      0x1df ./Main/main.o
 .debug_macro   0x00017117       0x58 ./Main/main.o
 .debug_macro   0x0001716f       0x64 ./Main/main.o
 .debug_macro   0x000171d3       0x16 ./Main/main.o
 .debug_macro   0x000171e9      0x27b ./Main/prv_scu_clk.o
 .debug_macro   0x00017464       0x7b ./Main/prv_scu_clk.o
 .debug_macro   0x000174df       0x24 ./Main/prv_scu_clk.o
 .debug_macro   0x00017503       0x3c ./Main/prv_scu_clk.o
 .debug_macro   0x0001753f       0x34 ./Main/prv_scu_clk.o
 .debug_macro   0x00017573       0x16 ./Main/prv_scu_clk.o
 .debug_macro   0x00017589       0x9e ./Main/prv_scu_clk.o
 .debug_macro   0x00017627      0x370 ./Main/prv_scu_clk.o
 .debug_macro   0x00017997      0x112 ./Main/prv_scu_clk.o
 .debug_macro   0x00017aa9       0x10 ./Main/prv_scu_clk.o
 .debug_macro   0x00017ab9       0x16 ./Main/prv_scu_clk.o
 .debug_macro   0x00017acf       0x4a ./Main/prv_scu_clk.o
 .debug_macro   0x00017b19       0x34 ./Main/prv_scu_clk.o
 .debug_macro   0x00017b4d       0x10 ./Main/prv_scu_clk.o
 .debug_macro   0x00017b5d       0x58 ./Main/prv_scu_clk.o
 .debug_macro   0x00017bb5      0x1de ./Main/prv_scu_clk.o
 .debug_macro   0x00017d93       0x16 ./Main/prv_scu_clk.o
 .debug_macro   0x00017da9       0x16 ./Main/prv_scu_clk.o
 .debug_macro   0x00017dbf      0x170 ./Main/prv_scu_clk.o
 .debug_macro   0x00017f2f       0x16 ./Main/prv_scu_clk.o
 .debug_macro   0x00017f45       0x3c ./Main/prv_scu_clk.o
 .debug_macro   0x00017f81       0x16 ./Main/prv_scu_clk.o
 .debug_macro   0x00017f97       0x29 ./Main/prv_scu_clk.o
 .debug_macro   0x00017fc0       0x22 ./Main/prv_scu_clk.o
 .debug_macro   0x00017fe2       0x16 ./Main/prv_scu_clk.o
 .debug_macro   0x00017ff8       0xe6 ./Main/prv_scu_clk.o
 .debug_macro   0x000180de      0x293 ./Main/prv_user_code.o
 .debug_macro   0x00018371      0x295 ./HAL/UART/hal_uart.o
 .debug_macro   0x00018606       0x34 ./HAL/UART/hal_uart.o
 .debug_macro   0x0001863a      0x1cc ./HAL/UART/hal_uart.o
 .debug_macro   0x00018806      0x2b5 ./HAL/SCU/hal_scu_clk.o
 .debug_macro   0x00018abb      0x295 ./HAL/PCU/hal_pcu.o
 .debug_macro   0x00018d50       0x36 ./HAL/PCU/hal_pcu.o
 .debug_macro   0x00018d86       0x10 ./HAL/PCU/hal_pcu.o
 .debug_macro   0x00018d96      0x124 ./HAL/PCU/hal_pcu.o
 .debug_macro   0x00018eba      0x287 ./HAL/HPL/NMI/hpl_nmi.o
 .debug_macro   0x00019141       0x10 ./HAL/HPL/NMI/hpl_nmi.o
 .debug_macro   0x00019151       0x64 ./HAL/HPL/NMI/hpl_nmi.o
 .debug_macro   0x000191b5      0x12a ./ABOV/Source/startup_a34xxxx.o
 .debug_macro   0x000192df      0x11b ./ABOV/Source/system_a34xxxx.o

.debug_line     0x00000000     0x6606
 .debug_line    0x00000000      0x795 ./Main/main.o
 .debug_line    0x00000795      0x736 ./Main/prv_scu_clk.o
 .debug_line    0x00000ecb      0x8fe ./Main/prv_user_code.o
 .debug_line    0x000017c9     0x1425 ./HAL/UART/hal_uart.o
 .debug_line    0x00002bee     0x1209 ./HAL/SCU/hal_scu_clk.o
 .debug_line    0x00003df7     0x1200 ./HAL/PCU/hal_pcu.o
 .debug_line    0x00004ff7      0x985 ./HAL/HPL/NMI/hpl_nmi.o
 .debug_line    0x0000597c      0x642 ./ABOV/Source/startup_a34xxxx.o
 .debug_line    0x00005fbe      0x648 ./ABOV/Source/system_a34xxxx.o

.debug_str      0x00000000    0x6965e
 .debug_str     0x00000000    0x6965e ./Main/main.o
                              0x5e68d (size before relaxing)
 .debug_str     0x0006965e    0x631de ./Main/prv_scu_clk.o
 .debug_str     0x0006965e    0x63a9b ./Main/prv_user_code.o
 .debug_str     0x0006965e    0x64ed5 ./HAL/UART/hal_uart.o
 .debug_str     0x0006965e    0x664f8 ./HAL/SCU/hal_scu_clk.o
 .debug_str     0x0006965e    0x64ce4 ./HAL/PCU/hal_pcu.o
 .debug_str     0x0006965e    0x63918 ./HAL/HPL/NMI/hpl_nmi.o
 .debug_str     0x0006965e    0x5e5f0 ./ABOV/Source/startup_a34xxxx.o
 .debug_str     0x0006965e    0x5e72e ./ABOV/Source/system_a34xxxx.o

.debug_frame    0x00000000      0xe54
 .debug_frame   0x00000000       0x48 ./Main/main.o
 .debug_frame   0x00000048       0x30 ./Main/prv_scu_clk.o
 .debug_frame   0x00000078      0x100 ./Main/prv_user_code.o
 .debug_frame   0x00000178      0x39c ./HAL/UART/hal_uart.o
 .debug_frame   0x00000514      0x230 ./HAL/SCU/hal_scu_clk.o
 .debug_frame   0x00000744      0x394 ./HAL/PCU/hal_pcu.o
 .debug_frame   0x00000ad8       0xbc ./HAL/HPL/NMI/hpl_nmi.o
 .debug_frame   0x00000b94       0x48 ./ABOV/Source/startup_a34xxxx.o
 .debug_frame   0x00000bdc       0x40 ./ABOV/Source/system_a34xxxx.o
 .debug_frame   0x00000c1c       0x2c C:/Program Files (x86)/ABOV/eMStudio32/bin/13.2 Rel1/bin/../lib/gcc/arm-none-eabi/13.2.1/thumb/v7e-m/nofp\libgcc.a(_aeabi_uldivmod.o)
 .debug_frame   0x00000c48       0x34 C:/Program Files (x86)/ABOV/eMStudio32/bin/13.2 Rel1/bin/../lib/gcc/arm-none-eabi/13.2.1/thumb/v7e-m/nofp\libgcc.a(_udivmoddi4.o)
 .debug_frame   0x00000c7c       0x28 C:/Program Files (x86)/ABOV/eMStudio32/bin/13.2 Rel1/bin/../lib/gcc/arm-none-eabi/13.2.1/thumb/v7e-m/nofp\libg_nano.a(libc_a-exit.o)
 .debug_frame   0x00000ca4      0x144 C:/Program Files (x86)/ABOV/eMStudio32/bin/13.2 Rel1/bin/../lib/gcc/arm-none-eabi/13.2.1/thumb/v7e-m/nofp\libg_nano.a(libc_a-findfp.o)
 .debug_frame   0x00000de8       0x20 C:/Program Files (x86)/ABOV/eMStudio32/bin/13.2 Rel1/bin/../lib/gcc/arm-none-eabi/13.2.1/thumb/v7e-m/nofp\libg_nano.a(libc_a-memset.o)
 .debug_frame   0x00000e08       0x2c C:/Program Files (x86)/ABOV/eMStudio32/bin/13.2 Rel1/bin/../lib/gcc/arm-none-eabi/13.2.1/thumb/v7e-m/nofp\libg_nano.a(libc_a-init.o)
 .debug_frame   0x00000e34       0x20 C:/Program Files (x86)/ABOV/eMStudio32/bin/13.2 Rel1/bin/../lib/gcc/arm-none-eabi/13.2.1/thumb/v7e-m/nofp\libnosys.a(_exit.o)

.debug_loclists
                0x00000000     0x2ffa
 .debug_loclists
                0x00000000       0xf5 ./Main/prv_user_code.o
 .debug_loclists
                0x000000f5      0xf15 ./HAL/UART/hal_uart.o
 .debug_loclists
                0x0000100a      0xdf4 ./HAL/SCU/hal_scu_clk.o
 .debug_loclists
                0x00001dfe      0xebd ./HAL/PCU/hal_pcu.o
 .debug_loclists
                0x00002cbb      0x281 ./HAL/HPL/NMI/hpl_nmi.o
 .debug_loclists
                0x00002f3c       0x38 ./ABOV/Source/startup_a34xxxx.o
 .debug_loclists
                0x00002f74       0x86 ./ABOV/Source/system_a34xxxx.o
