Archive member included to satisfy reference by file (symbol)

C:/Program Files (x86)/ABOV/eMStudio32/bin/13.2 Rel1/bin/../lib/gcc/arm-none-eabi/13.2.1/thumb/v7e-m/nofp\libgcc.a(_aeabi_uldivmod.o)
                              ./HAL/SCU/hal_scu_clk.o (__aeabi_uldivmod)
C:/Program Files (x86)/ABOV/eMStudio32/bin/13.2 Rel1/bin/../lib/gcc/arm-none-eabi/13.2.1/thumb/v7e-m/nofp\libgcc.a(_udivmoddi4.o)
                              C:/Program Files (x86)/ABOV/eMStudio32/bin/13.2 Rel1/bin/../lib/gcc/arm-none-eabi/13.2.1/thumb/v7e-m/nofp\libgcc.a(_aeabi_uldivmod.o) (__udivmoddi4)
C:/Program Files (x86)/ABOV/eMStudio32/bin/13.2 Rel1/bin/../lib/gcc/arm-none-eabi/13.2.1/thumb/v7e-m/nofp\libgcc.a(_dvmd_tls.o)
                              C:/Program Files (x86)/ABOV/eMStudio32/bin/13.2 Rel1/bin/../lib/gcc/arm-none-eabi/13.2.1/thumb/v7e-m/nofp\libgcc.a(_aeabi_uldivmod.o) (__aeabi_ldiv0)
C:/Program Files (x86)/ABOV/eMStudio32/bin/13.2 Rel1/bin/../lib/gcc/arm-none-eabi/13.2.1/thumb/v7e-m/nofp\libg_nano.a(libc_a-exit.o)
                              C:/Program Files (x86)/ABOV/eMStudio32/bin/13.2 Rel1/bin/../lib/gcc/arm-none-eabi/13.2.1/thumb/v7e-m/nofp/crt0.o (exit)
C:/Program Files (x86)/ABOV/eMStudio32/bin/13.2 Rel1/bin/../lib/gcc/arm-none-eabi/13.2.1/thumb/v7e-m/nofp\libg_nano.a(libc_a-findfp.o)
                              C:/Program Files (x86)/ABOV/eMStudio32/bin/13.2 Rel1/bin/../lib/gcc/arm-none-eabi/13.2.1/thumb/v7e-m/nofp\libg_nano.a(libc_a-exit.o) (__stdio_exit_handler)
C:/Program Files (x86)/ABOV/eMStudio32/bin/13.2 Rel1/bin/../lib/gcc/arm-none-eabi/13.2.1/thumb/v7e-m/nofp\libg_nano.a(libc_a-fwalk.o)
                              C:/Program Files (x86)/ABOV/eMStudio32/bin/13.2 Rel1/bin/../lib/gcc/arm-none-eabi/13.2.1/thumb/v7e-m/nofp\libg_nano.a(libc_a-findfp.o) (_fwalk_sglue)
C:/Program Files (x86)/ABOV/eMStudio32/bin/13.2 Rel1/bin/../lib/gcc/arm-none-eabi/13.2.1/thumb/v7e-m/nofp\libg_nano.a(libc_a-stdio.o)
                              C:/Program Files (x86)/ABOV/eMStudio32/bin/13.2 Rel1/bin/../lib/gcc/arm-none-eabi/13.2.1/thumb/v7e-m/nofp\libg_nano.a(libc_a-findfp.o) (__sread)
C:/Program Files (x86)/ABOV/eMStudio32/bin/13.2 Rel1/bin/../lib/gcc/arm-none-eabi/13.2.1/thumb/v7e-m/nofp\libg_nano.a(libc_a-memset.o)
                              C:/Program Files (x86)/ABOV/eMStudio32/bin/13.2 Rel1/bin/../lib/gcc/arm-none-eabi/13.2.1/thumb/v7e-m/nofp/crt0.o (memset)
C:/Program Files (x86)/ABOV/eMStudio32/bin/13.2 Rel1/bin/../lib/gcc/arm-none-eabi/13.2.1/thumb/v7e-m/nofp\libg_nano.a(libc_a-closer.o)
                              C:/Program Files (x86)/ABOV/eMStudio32/bin/13.2 Rel1/bin/../lib/gcc/arm-none-eabi/13.2.1/thumb/v7e-m/nofp\libg_nano.a(libc_a-stdio.o) (_close_r)
C:/Program Files (x86)/ABOV/eMStudio32/bin/13.2 Rel1/bin/../lib/gcc/arm-none-eabi/13.2.1/thumb/v7e-m/nofp\libg_nano.a(libc_a-reent.o)
                              C:/Program Files (x86)/ABOV/eMStudio32/bin/13.2 Rel1/bin/../lib/gcc/arm-none-eabi/13.2.1/thumb/v7e-m/nofp\libg_nano.a(libc_a-closer.o) (errno)
C:/Program Files (x86)/ABOV/eMStudio32/bin/13.2 Rel1/bin/../lib/gcc/arm-none-eabi/13.2.1/thumb/v7e-m/nofp\libg_nano.a(libc_a-impure.o)
                              C:/Program Files (x86)/ABOV/eMStudio32/bin/13.2 Rel1/bin/../lib/gcc/arm-none-eabi/13.2.1/thumb/v7e-m/nofp\libg_nano.a(libc_a-reent.o) (_impure_ptr)
C:/Program Files (x86)/ABOV/eMStudio32/bin/13.2 Rel1/bin/../lib/gcc/arm-none-eabi/13.2.1/thumb/v7e-m/nofp\libg_nano.a(libc_a-lseekr.o)
                              C:/Program Files (x86)/ABOV/eMStudio32/bin/13.2 Rel1/bin/../lib/gcc/arm-none-eabi/13.2.1/thumb/v7e-m/nofp\libg_nano.a(libc_a-stdio.o) (_lseek_r)
C:/Program Files (x86)/ABOV/eMStudio32/bin/13.2 Rel1/bin/../lib/gcc/arm-none-eabi/13.2.1/thumb/v7e-m/nofp\libg_nano.a(libc_a-readr.o)
                              C:/Program Files (x86)/ABOV/eMStudio32/bin/13.2 Rel1/bin/../lib/gcc/arm-none-eabi/13.2.1/thumb/v7e-m/nofp\libg_nano.a(libc_a-stdio.o) (_read_r)
C:/Program Files (x86)/ABOV/eMStudio32/bin/13.2 Rel1/bin/../lib/gcc/arm-none-eabi/13.2.1/thumb/v7e-m/nofp\libg_nano.a(libc_a-writer.o)
                              C:/Program Files (x86)/ABOV/eMStudio32/bin/13.2 Rel1/bin/../lib/gcc/arm-none-eabi/13.2.1/thumb/v7e-m/nofp\libg_nano.a(libc_a-stdio.o) (_write_r)
C:/Program Files (x86)/ABOV/eMStudio32/bin/13.2 Rel1/bin/../lib/gcc/arm-none-eabi/13.2.1/thumb/v7e-m/nofp\libg_nano.a(libc_a-init.o)
                              C:/Program Files (x86)/ABOV/eMStudio32/bin/13.2 Rel1/bin/../lib/gcc/arm-none-eabi/13.2.1/thumb/v7e-m/nofp/crt0.o (__libc_init_array)
C:/Program Files (x86)/ABOV/eMStudio32/bin/13.2 Rel1/bin/../lib/gcc/arm-none-eabi/13.2.1/thumb/v7e-m/nofp\libg_nano.a(libc_a-lock.o)
                              C:/Program Files (x86)/ABOV/eMStudio32/bin/13.2 Rel1/bin/../lib/gcc/arm-none-eabi/13.2.1/thumb/v7e-m/nofp\libg_nano.a(libc_a-findfp.o) (__retarget_lock_init_recursive)
[...]
Memory Configuration

Name             Origin             Length             Attributes
FLASH            0x00000000         0x00200000         xr
RAM              0x20000000         0x00040000         xrw
*default*        0x00000000         0xffffffff

Linker script and memory map

LOAD C:/Program Files (x86)/ABOV/eMStudio32/bin/13.2 Rel1/bin/../lib/gcc/arm-none-eabi/13.2.1/thumb/v7e-m/nofp/crti.o
LOAD C:/Program Files (x86)/ABOV/eMStudio32/bin/13.2 Rel1/bin/../lib/gcc/arm-none-eabi/13.2.1/thumb/v7e-m/nofp/crtbegin.o
LOAD C:/Program Files (x86)/ABOV/eMStudio32/bin/13.2 Rel1/bin/../lib/gcc/arm-none-eabi/13.2.1/thumb/v7e-m/nofp/crt0.o
LOAD ./Main/main.o
LOAD ./Main/prv_scu_clk.o
LOAD ./Main/prv_user_code.o
LOAD ./HAL/WDT/hal_wdt.o
LOAD ./HAL/VREFBUF/hal_vrefbuf.o
LOAD ./HAL/USART/hal_usart.o
LOAD ./HAL/UART/hal_uart.o
LOAD ./HAL/Timer1/hal_timer1.o
LOAD ./HAL/SPI/hal_spi.o
LOAD ./HAL/SCU/hal_scu.o
LOAD ./HAL/SCU/hal_scu_clk.o
LOAD ./HAL/SCU/hal_scu_lvd.o
LOAD ./HAL/SCU/hal_scu_pwr.o
LOAD ./HAL/RTC/hal_rtc.o
LOAD ./HAL/RNG/hal_rng.o
LOAD ./HAL/QSPI/hal_qspi.o
LOAD ./HAL/QEI/hal_qei.o
LOAD ./HAL/PWM/hal_pwm.o
LOAD ./HAL/PGA/hal_pga.o
LOAD ./HAL/PCU/hal_pcu.o
LOAD ./HAL/MPWM/hal_mpwm.o
LOAD ./HAL/LPUART/hal_lpuart.o
LOAD ./HAL/LCD/hal_lcd.o
LOAD ./HAL/I2C/hal_i2c.o
LOAD ./HAL/HPL/NMI/hpl_nmi.o
LOAD ./HAL/HPL/DMA/hpl_dma.o
LOAD ./HAL/FRT/hal_frt.o
LOAD ./HAL/FMC/hal_fmc.o
LOAD ./HAL/DAC/hal_dac.o
LOAD ./HAL/CRC/hal_crc.o
LOAD ./HAL/CMP/hal_cmp.o
LOAD ./HAL/AES/hal_aes.o
LOAD ./HAL/ADC/hal_adc.o
LOAD ./Debug/Source/debug.o
LOAD ./Debug/Source/debug_cmd.o
LOAD ./Debug/Source/debug_hardfault.o
LOAD ./Debug/Source/debug_log.o
LOAD ./Debug/Source/debug_retarget.o
LOAD ./Debug/Source/debug_serial.o
LOAD ./ABOV/Source/startup_a34xxxx.o
LOAD ./ABOV/Source/system_a34xxxx.o
START GROUP
LOAD C:/Program Files (x86)/ABOV/eMStudio32/bin/13.2 Rel1/bin/../lib/gcc/arm-none-eabi/13.2.1/thumb/v7e-m/nofp\libgcc.a
LOAD C:/Program Files (x86)/ABOV/eMStudio32/bin/13.2 Rel1/bin/../lib/gcc/arm-none-eabi/13.2.1/thumb/v7e-m/nofp\libg_nano.a
LOAD C:/Program Files (x86)/ABOV/eMStudio32/bin/13.2 Rel1/bin/../lib/gcc/arm-none-eabi/13.2.1/thumb/v7e-m/nofp\libc_nano.a
END GROUP
START GROUP
LOAD C:/Program Files (x86)/ABOV/eMStudio32/bin/13.2 Rel1/bin/../lib/gcc/arm-none-eabi/13.2.1/thumb/v7e-m/nofp\libgcc.a
LOAD C:/Program Files (x86)/ABOV/eMStudio32/bin/13.2 Rel1/bin/../lib/gcc/arm-none-eabi/13.2.1/thumb/v7e-m/nofp\libc_nano.a
LOAD C:/Program Files (x86)/ABOV/eMStudio32/bin/13.2 Rel1/bin/../lib/gcc/arm-none-eabi/13.2.1/thumb/v7e-m/nofp\libnosys.a
END GROUP
START GROUP
LOAD C:/Program Files (x86)/ABOV/eMStudio32/bin/13.2 Rel1/bin/../lib/gcc/arm-none-eabi/13.2.1/thumb/v7e-m/nofp\libgcc.a
LOAD C:/Program Files (x86)/ABOV/eMStudio32/bin/13.2 Rel1/bin/../lib/gcc/arm-none-eabi/13.2.1/thumb/v7e-m/nofp\libc_nano.a
LOAD C:/Program Files (x86)/ABOV/eMStudio32/bin/13.2 Rel1/bin/../lib/gcc/arm-none-eabi/13.2.1/thumb/v7e-m/nofp\libnosys.a
END GROUP
LOAD C:/Program Files (x86)/ABOV/eMStudio32/bin/13.2 Rel1/bin/../lib/gcc/arm-none-eabi/13.2.1/thumb/v7e-m/nofp/crtend.o
LOAD C:/Program Files (x86)/ABOV/eMStudio32/bin/13.2 Rel1/bin/../lib/gcc/arm-none-eabi/13.2.1/thumb/v7e-m/nofp/crtn.o
                0x00000000                        __ROM_BASE = 0x0
                0x00200000                        __ROM_SIZE = 0x200000
                0x20000000                        __RAM_BASE = 0x20000000
                0x00040000                        __RAM_SIZE = 0x40000
                0x00000400                        __STACK_SIZE = 0x400
                0x00000400                        __HEAP_SIZE = 0x400

.text           0x00000000     0x13b0
 *(.vectors)
 .vectors       0x00000000      0x3c0 ./ABOV/Source/startup_a34xxxx.o
                0x00000000                __Vectors
 *(.text*)
 .text.deregister_tm_clones
                0x000003c0       0x1c C:/Program Files (x86)/ABOV/eMStudio32/bin/13.2 Rel1/bin/../lib/gcc/arm-none-eabi/13.2.1/thumb/v7e-m/nofp/crtbegin.o
 .text.register_tm_clones
                0x000003dc       0x24 C:/Program Files (x86)/ABOV/eMStudio32/bin/13.2 Rel1/bin/../lib/gcc/arm-none-eabi/13.2.1/thumb/v7e-m/nofp/crtbegin.o
 .text.__do_global_dtors_aux
                0x00000400       0x28 C:/Program Files (x86)/ABOV/eMStudio32/bin/13.2 Rel1/bin/../lib/gcc/arm-none-eabi/13.2.1/thumb/v7e-m/nofp/crtbegin.o
 .text.frame_dummy
                0x00000428       0x24 C:/Program Files (x86)/ABOV/eMStudio32/bin/13.2 Rel1/bin/../lib/gcc/arm-none-eabi/13.2.1/thumb/v7e-m/nofp/crtbegin.o
 .text          0x0000044c       0x7c C:/Program Files (x86)/ABOV/eMStudio32/bin/13.2 Rel1/bin/../lib/gcc/arm-none-eabi/13.2.1/thumb/v7e-m/nofp/crt0.o
                0x0000044c                _stack_init
                0x00000454                _start
                0x00000454                _mainCRTStartup
 .text.PRV_PORT_Init
                0x000004c8      0x104 ./Main/main.o
 .text.main     0x000005cc       0x12 ./Main/main.o
                0x000005cc                main
 *fill*         0x000005de        0x2 
 .text.PRV_SCU_CLK_Init
                0x000005e0       0x90 ./Main/prv_scu_clk.o
                0x000005e0                PRV_SCU_CLK_Init
 .text.SysTick_Handler
                0x00000670       0x14 ./Main/prv_user_code.o
                0x00000670                SysTick_Handler
 .text.SYSTICK_Wait
                0x00000684       0x14 ./Main/prv_user_code.o
                0x00000684                SYSTICK_Wait
 .text.LED_ON   0x00000698        0xa ./Main/prv_user_code.o
                0x00000698                LED_ON
 .text.LED_OFF  0x000006a2        0xa ./Main/prv_user_code.o
                0x000006a2                LED_OFF
 .text.GPIO_Configure
                0x000006ac       0x18 ./Main/prv_user_code.o
                0x000006ac                GPIO_Configure
 .text.GPIO_inputRun
                0x000006c4       0x3c ./Main/prv_user_code.o
                0x000006c4                GPIO_inputRun
 .text.PRV_USER_Code
                0x00000700       0x40 ./Main/prv_user_code.o
                0x00000700                PRV_USER_Code
 .text.SCUCLK_SetFlashLatency
                0x00000740       0x58 ./HAL/SCU/hal_scu_clk.o
 .text.SCUCLK_SetMClk
                0x00000798       0xe4 ./HAL/SCU/hal_scu_clk.o
 .text.SCUCLK_SetClkOut
                0x0000087c       0x68 ./HAL/SCU/hal_scu_clk.o
 .text.SCUCLK_SetPLLSrcDiv
                0x000008e4       0x78 ./HAL/SCU/hal_scu_clk.o
 .text.PRV_SCUCLK_PLLDelay
                0x0000095c       0x40 ./HAL/SCU/hal_scu_clk.o
 .text.PRV_SCUCLK_IRQHandler
                0x0000099c       0x78 ./HAL/SCU/hal_scu_clk.o
 .text.HAL_SCU_CLK_SetMClk
                0x00000a14       0xc0 ./HAL/SCU/hal_scu_clk.o
                0x00000a14                HAL_SCU_CLK_SetMClk
 .text.HAL_SCU_CLK_SetSrcEnable
                0x00000ad4       0x62 ./HAL/SCU/hal_scu_clk.o
                0x00000ad4                HAL_SCU_CLK_SetSrcEnable
 *fill*         0x00000b36        0x2 
 .text.HAL_SCU_CLK_SetPLLConfig
                0x00000b38       0xe4 ./HAL/SCU/hal_scu_clk.o
                0x00000b38                HAL_SCU_CLK_SetPLLConfig
 .text.HAL_SCU_CLK_SetOutput
                0x00000c1c       0x1c ./HAL/SCU/hal_scu_clk.o
                0x00000c1c                HAL_SCU_CLK_SetOutput
 .text.HAL_SCU_CLK_SetPClkDiv
                0x00000c38       0x30 ./HAL/SCU/hal_scu_clk.o
                0x00000c38                HAL_SCU_CLK_SetPClkDiv
 .text.Interrupt1_Handler
                0x00000c68        0xa ./HAL/SCU/hal_scu_clk.o
                0x00000c68                Interrupt1_Handler
 .text.Interrupt2_Handler
                0x00000c72        0xa ./HAL/SCU/hal_scu_clk.o
                0x00000c72                Interrupt2_Handler
 .text.Interrupt3_Handler
                0x00000c7c        0xa ./HAL/SCU/hal_scu_clk.o
                0x00000c7c                Interrupt3_Handler
 .text.PRV_PCU_GetVaildPort
                0x00000c86        0xe ./HAL/PCU/hal_pcu.o
 .text.PRV_PCU_IRQHandler
                0x00000c94       0x54 ./HAL/PCU/hal_pcu.o
 .text.PCU0_INT_IRQHandler
                0x00000ce8       0x18 ./HAL/PCU/hal_pcu.o
 .text.PCU1_INT_IRQHandler
                0x00000d00       0x18 ./HAL/PCU/hal_pcu.o
 .text.PCU2_INT_IRQHandler
                0x00000d18       0x18 ./HAL/PCU/hal_pcu.o
 .text.PCU3_INT_IRQHandler
                0x00000d30       0x18 ./HAL/PCU/hal_pcu.o
 .text.PCU4_INT_IRQHandler
                0x00000d48       0x18 ./HAL/PCU/hal_pcu.o
 .text.PCU5_INT_IRQHandler
                0x00000d60       0x18 ./HAL/PCU/hal_pcu.o
 .text.PCU6_INT_IRQHandler
                0x00000d78       0x18 ./HAL/PCU/hal_pcu.o
 .text.HAL_PCU_SetAltMode
                0x00000d90       0xa0 ./HAL/PCU/hal_pcu.o
                0x00000d90                HAL_PCU_SetAltMode
 .text.HAL_PCU_GetInputValue
                0x00000e30       0x2e ./HAL/PCU/hal_pcu.o
                0x00000e30                HAL_PCU_GetInputValue
 .text.HAL_PCU_SetOutputBit
                0x00000e5e       0x40 ./HAL/PCU/hal_pcu.o
                0x00000e5e                HAL_PCU_SetOutputBit
 .text.Interrupt36_Handler
                0x00000e9e        0x8 ./HAL/PCU/hal_pcu.o
                0x00000e9e                Interrupt36_Handler
 .text.Interrupt37_Handler
                0x00000ea6        0x8 ./HAL/PCU/hal_pcu.o
                0x00000ea6                Interrupt37_Handler
 .text.Interrupt38_Handler
                0x00000eae        0x8 ./HAL/PCU/hal_pcu.o
                0x00000eae                Interrupt38_Handler
 .text.Interrupt39_Handler
                0x00000eb6        0x8 ./HAL/PCU/hal_pcu.o
                0x00000eb6                Interrupt39_Handler
 .text.Interrupt40_Handler
                0x00000ebe        0x8 ./HAL/PCU/hal_pcu.o
                0x00000ebe                Interrupt40_Handler
 .text.Interrupt41_Handler
                0x00000ec6        0x8 ./HAL/PCU/hal_pcu.o
                0x00000ec6                Interrupt41_Handler
 .text.Interrupt42_Handler
                0x00000ece        0x8 ./HAL/PCU/hal_pcu.o
                0x00000ece                Interrupt42_Handler
 *fill*         0x00000ed6        0x2 
 .text.PRV_NMI_IRQHandler
                0x00000ed8       0x70 ./HAL/HPL/NMI/hpl_nmi.o
 .text.NMI_Handler
                0x00000f48        0x8 ./HAL/HPL/NMI/hpl_nmi.o
                0x00000f48                NMI_Handler
 .text.HardFault_Handler
                0x00000f50        0x2 ./ABOV/Source/startup_a34xxxx.o
                0x00000f50                HardFault_Handler
 .text.Default_Handler
                0x00000f52        0x2 ./ABOV/Source/startup_a34xxxx.o
                0x00000f52                Interrupt108_Handler
                0x00000f52                DebugMon_Handler
                0x00000f52                Interrupt114_Handler
                0x00000f52                Interrupt31_Handler
                0x00000f52                Interrupt71_Handler
                0x00000f52                Interrupt93_Handler
                0x00000f52                Interrupt107_Handler
                0x00000f52                PendSV_Handler
                0x00000f52                Interrupt18_Handler
                0x00000f52                Interrupt11_Handler
                0x00000f52                Interrupt56_Handler
                0x00000f52                Interrupt117_Handler
                0x00000f52                Interrupt29_Handler
                0x00000f52                Interrupt103_Handler
                0x00000f52                Interrupt106_Handler
                0x00000f52                Interrupt72_Handler
                0x00000f52                Interrupt89_Handler
                0x00000f52                Interrupt21_Handler
                0x00000f52                Interrupt81_Handler
                0x00000f52                Interrupt28_Handler
                0x00000f52                Interrupt33_Handler
                0x00000f52                Interrupt64_Handler
                0x00000f52                Interrupt8_Handler
                0x00000f52                Interrupt73_Handler
                0x00000f52                Interrupt61_Handler
                0x00000f52                Interrupt5_Handler
                0x00000f52                UsageFault_Handler
                0x00000f52                Interrupt35_Handler
                0x00000f52                Interrupt75_Handler
                0x00000f52                Interrupt27_Handler
                0x00000f52                Interrupt26_Handler
                0x00000f52                Interrupt87_Handler
                0x00000f52                Interrupt123_Handler
                0x00000f52                Interrupt124_Handler
                0x00000f52                Interrupt68_Handler
                0x00000f52                Interrupt90_Handler
                0x00000f52                Interrupt83_Handler
                0x00000f52                Interrupt122_Handler
                0x00000f52                Interrupt44_Handler
                0x00000f52                Interrupt34_Handler
                0x00000f52                Interrupt121_Handler
                0x00000f52                Interrupt66_Handler
                0x00000f52                Interrupt7_Handler
                0x00000f52                Interrupt111_Handler
                0x00000f52                Interrupt0_Handler
                0x00000f52                Interrupt54_Handler
                0x00000f52                Interrupt76_Handler
                0x00000f52                Interrupt22_Handler
                0x00000f52                Interrupt120_Handler
                0x00000f52                Interrupt52_Handler
                0x00000f52                Interrupt105_Handler
                0x00000f52                Interrupt69_Handler
                0x00000f52                Interrupt4_Handler
                0x00000f52                Interrupt115_Handler
                0x00000f52                Interrupt74_Handler
                0x00000f52                Interrupt24_Handler
                0x00000f52                Interrupt16_Handler
                0x00000f52                Default_Handler
                0x00000f52                Interrupt23_Handler
                0x00000f52                Interrupt17_Handler
                0x00000f52                Interrupt92_Handler
                0x00000f52                Interrupt9_Handler
                0x00000f52                Interrupt19_Handler
                0x00000f52                Interrupt118_Handler
                0x00000f52                Interrupt97_Handler
                0x00000f52                Interrupt113_Handler
                0x00000f52                Interrupt32_Handler
                0x00000f52                Interrupt6_Handler
                0x00000f52                Interrupt53_Handler
                0x00000f52                Interrupt60_Handler
                0x00000f52                Interrupt79_Handler
                0x00000f52                Interrupt85_Handler
                0x00000f52                Interrupt98_Handler
                0x00000f52                Interrupt96_Handler
                0x00000f52                Interrupt109_Handler
                0x00000f52                Interrupt45_Handler
                0x00000f52                MemManage_Handler
                0x00000f52                SVC_Handler
                0x00000f52                Interrupt10_Handler
                0x00000f52                Interrupt25_Handler
                0x00000f52                Interrupt88_Handler
                0x00000f52                Interrupt65_Handler
                0x00000f52                Interrupt20_Handler
                0x00000f52                Interrupt101_Handler
                0x00000f52                Interrupt100_Handler
                0x00000f52                Interrupt112_Handler
                0x00000f52                Interrupt43_Handler
                0x00000f52                Interrupt116_Handler
                0x00000f52                Interrupt91_Handler
                0x00000f52                Interrupt99_Handler
                0x00000f52                Interrupt102_Handler
                0x00000f52                Interrupt14_Handler
                0x00000f52                Interrupt82_Handler
                0x00000f52                Interrupt13_Handler
                0x00000f52                Interrupt110_Handler
                0x00000f52                Interrupt58_Handler
                0x00000f52                Interrupt59_Handler
                0x00000f52                Interrupt46_Handler
                0x00000f52                Interrupt15_Handler
                0x00000f52                Interrupt51_Handler
                0x00000f52                Interrupt119_Handler
                0x00000f52                Interrupt70_Handler
                0x00000f52                Interrupt86_Handler
                0x00000f52                Interrupt48_Handler
                0x00000f52                BusFault_Handler
                0x00000f52                Interrupt94_Handler
                0x00000f52                Interrupt77_Handler
                0x00000f52                Interrupt55_Handler
                0x00000f52                Interrupt95_Handler
                0x00000f52                Interrupt50_Handler
                0x00000f52                Interrupt78_Handler
                0x00000f52                Interrupt30_Handler
                0x00000f52                Interrupt47_Handler
                0x00000f52                Interrupt57_Handler
                0x00000f52                Interrupt63_Handler
                0x00000f52                Interrupt12_Handler
                0x00000f52                Interrupt84_Handler
                0x00000f52                Interrupt67_Handler
                0x00000f52                Interrupt62_Handler
                0x00000f52                Interrupt104_Handler
                0x00000f52                Interrupt49_Handler
                0x00000f52                Interrupt80_Handler
 .text.Reset_Handler
                0x00000f54       0x60 ./ABOV/Source/startup_a34xxxx.o
                0x00000f54                Reset_Handler
 .text.SystemInit
                0x00000fb4       0x48 ./ABOV/Source/system_a34xxxx.o
                0x00000fb4                SystemInit
 .text.SystemDelayUS
                0x00000ffc       0x1c ./ABOV/Source/system_a34xxxx.o
                0x00000ffc                SystemDelayUS
 .text          0x00001018       0x30 C:/Program Files (x86)/ABOV/eMStudio32/bin/13.2 Rel1/bin/../lib/gcc/arm-none-eabi/13.2.1/thumb/v7e-m/nofp\libgcc.a(_aeabi_uldivmod.o)
                0x00001018                __aeabi_uldivmod
 .text.__udivmoddi4
                0x00001048      0x2bc C:/Program Files (x86)/ABOV/eMStudio32/bin/13.2 Rel1/bin/../lib/gcc/arm-none-eabi/13.2.1/thumb/v7e-m/nofp\libgcc.a(_udivmoddi4.o)
                0x00001048                __udivmoddi4
 .text          0x00001304        0x4 C:/Program Files (x86)/ABOV/eMStudio32/bin/13.2 Rel1/bin/../lib/gcc/arm-none-eabi/13.2.1/thumb/v7e-m/nofp\libgcc.a(_dvmd_tls.o)
                0x00001304                __aeabi_idiv0
                0x00001304                __aeabi_ldiv0
 .text.exit     0x00001308       0x24 C:/Program Files (x86)/ABOV/eMStudio32/bin/13.2 Rel1/bin/../lib/gcc/arm-none-eabi/13.2.1/thumb/v7e-m/nofp\libg_nano.a(libc_a-exit.o)
                0x00001308                exit
 .text.memset   0x0000132c       0x10 C:/Program Files (x86)/ABOV/eMStudio32/bin/13.2 Rel1/bin/../lib/gcc/arm-none-eabi/13.2.1/thumb/v7e-m/nofp\libg_nano.a(libc_a-memset.o)
                0x0000132c                memset
 .text.__libc_init_array
                0x0000133c       0x48 C:/Program Files (x86)/ABOV/eMStudio32/bin/13.2 Rel1/bin/../lib/gcc/arm-none-eabi/13.2.1/thumb/v7e-m/nofp\libg_nano.a(libc_a-init.o)
                0x0000133c                __libc_init_array
 .text._exit    0x00001384        0x4 C:/Program Files (x86)/ABOV/eMStudio32/bin/13.2 Rel1/bin/../lib/gcc/arm-none-eabi/13.2.1/thumb/v7e-m/nofp\libnosys.a(_exit.o)
                0x00001384                _exit
 *(.init)
 .init          0x00001388        0x4 C:/Program Files (x86)/ABOV/eMStudio32/bin/13.2 Rel1/bin/../lib/gcc/arm-none-eabi/13.2.1/thumb/v7e-m/nofp/crti.o
                0x00001388                _init
 .init          0x0000138c        0x8 C:/Program Files (x86)/ABOV/eMStudio32/bin/13.2 Rel1/bin/../lib/gcc/arm-none-eabi/13.2.1/thumb/v7e-m/nofp/crtn.o
 *(.fini)
 .fini          0x00001394        0x4 C:/Program Files (x86)/ABOV/eMStudio32/bin/13.2 Rel1/bin/../lib/gcc/arm-none-eabi/13.2.1/thumb/v7e-m/nofp/crti.o
                0x00001394                _fini
 .fini          0x00001398        0x8 C:/Program Files (x86)/ABOV/eMStudio32/bin/13.2 Rel1/bin/../lib/gcc/arm-none-eabi/13.2.1/thumb/v7e-m/nofp/crtn.o
 *crtbegin.o(.ctors)
 *crtbegin?.o(.ctors)
 *(EXCLUDE_FILE(*crtend.o *crtend?.o) .ctors)
 *(SORT_BY_NAME(.ctors.*))
 *(.ctors)
 *crtbegin.o(.dtors)
 *crtbegin?.o(.dtors)
 *(EXCLUDE_FILE(*crtend.o *crtend?.o) .dtors)
 *(SORT_BY_NAME(.dtors.*))
 *(.dtors)
 *(.rodata*)
 .rodata        0x000013a0        0x9 ./Main/prv_scu_clk.o
 *(.eh_frame*)
 *fill*         0x000013a9        0x3 
 .eh_frame      0x000013ac        0x0 C:/Program Files (x86)/ABOV/eMStudio32/bin/13.2 Rel1/bin/../lib/gcc/arm-none-eabi/13.2.1/thumb/v7e-m/nofp/crtbegin.o
 .eh_frame      0x000013ac        0x4 C:/Program Files (x86)/ABOV/eMStudio32/bin/13.2 Rel1/bin/../lib/gcc/arm-none-eabi/13.2.1/thumb/v7e-m/nofp/crtend.o

.glue_7         0x000013b0        0x0
 .glue_7        0x000013b0        0x0 linker stubs

.glue_7t        0x000013b0        0x0
 .glue_7t       0x000013b0        0x0 linker stubs

.vfp11_veneer   0x000013b0        0x0
 .vfp11_veneer  0x000013b0        0x0 linker stubs

.v4_bx          0x000013b0        0x0
 .v4_bx         0x000013b0        0x0 linker stubs

.iplt           0x000013b0        0x0
 .iplt          0x000013b0        0x0 C:/Program Files (x86)/ABOV/eMStudio32/bin/13.2 Rel1/bin/../lib/gcc/arm-none-eabi/13.2.1/thumb/v7e-m/nofp/crtbegin.o

.ARM.extab
 *(.ARM.extab* .gnu.linkonce.armextab.*)
                0x000013b0                        __exidx_start = .

.ARM.exidx      0x000013b0        0x8
 *(.ARM.exidx* .gnu.linkonce.armexidx.*)
 .ARM.exidx     0x000013b0        0x8 C:/Program Files (x86)/ABOV/eMStudio32/bin/13.2 Rel1/bin/../lib/gcc/arm-none-eabi/13.2.1/thumb/v7e-m/nofp/crt0.o
                                 0x10 (size before relaxing)
 .ARM.exidx.text.__udivmoddi4
                0x000013b8        0x0 C:/Program Files (x86)/ABOV/eMStudio32/bin/13.2 Rel1/bin/../lib/gcc/arm-none-eabi/13.2.1/thumb/v7e-m/nofp\libgcc.a(_udivmoddi4.o)
                                  0x8 (size before relaxing)
                0x000013b8                        __exidx_end = .
                0x000013b8                        __ram_func = .

.rel.dyn        0x000013b8        0x0
 .rel.iplt      0x000013b8        0x0 C:/Program Files (x86)/ABOV/eMStudio32/bin/13.2 Rel1/bin/../lib/gcc/arm-none-eabi/13.2.1/thumb/v7e-m/nofp/crtbegin.o

.code_section_on_ram
                0x20000000        0x0 load address 0x000013b8
                0x20000000                        __code_section_on_ram_start__ = .
 *(.code_section_on_ram*)
                0x20000000                        __code_section_on_ram_end__ = .
                0x20000000                        . = ALIGN (0x4)

.copy.table     0x000013b8       0x18
                0x000013b8                        . = ALIGN (0x4)
                0x000013b8                        __copy_table_start__ = .
                0x000013b8        0x4 LONG 0x13d0 __etext
                0x000013bc        0x4 LONG 0x20000000 __data_start__
                0x000013c0        0x4 LONG 0x6 ((__data_end__ - __data_start__) / 0x4)
                0x000013c4        0x4 LONG 0x13b8 __ram_func
                0x000013c8        0x4 LONG 0x20000000 __code_section_on_ram_start__
                0x000013cc        0x4 LONG 0x0 ((__code_section_on_ram_end__ - __code_section_on_ram_start__) / 0x4)
                0x000013d0                        __copy_table_end__ = .

.zero.table     0x000013d0        0x0
                0x000013d0                        . = ALIGN (0x4)
                0x000013d0                        __zero_table_start__ = .
                0x000013d0                        __zero_table_end__ = .
                0x000013d0                        __etext = ALIGN (0x4)

.data           0x20000000       0x18 load address 0x000013d0
                0x20000000                        __data_start__ = .
 *(vtable)
 *(.data)
 *(.data.*)
 .data.SystemDelayUSCount
                0x20000000        0x4 ./HAL/SCU/hal_scu_clk.o
                0x20000000                SystemDelayUSCount
 .data.SystemDelayMSCount
                0x20000004        0x4 ./HAL/SCU/hal_scu_clk.o
                0x20000004                SystemDelayMSCount
 .data.SystemPeriClock
                0x20000008        0x4 ./HAL/SCU/hal_scu_clk.o
                0x20000008                SystemPeriClock
 .data.SystemCoreClock
                0x2000000c        0x4 ./HAL/SCU/hal_scu_clk.o
                0x2000000c                SystemCoreClock
                0x20000010                        . = ALIGN (0x4)
                0x20000010                        PROVIDE (__preinit_array_start = .)
 *(.preinit_array)
                0x20000010                        PROVIDE (__preinit_array_end = .)
                0x20000010                        . = ALIGN (0x4)
                0x20000010                        PROVIDE (__init_array_start = .)
 *(SORT_BY_NAME(.init_array.*))
 *(.init_array)
 .init_array    0x20000010        0x4 C:/Program Files (x86)/ABOV/eMStudio32/bin/13.2 Rel1/bin/../lib/gcc/arm-none-eabi/13.2.1/thumb/v7e-m/nofp/crtbegin.o
                0x20000014                        PROVIDE (__init_array_end = .)
                0x20000014                        . = ALIGN (0x4)
                [!provide]                        PROVIDE (__fini_array_start = .)
 *(SORT_BY_NAME(.fini_array.*))
 *(.fini_array)
 .fini_array    0x20000014        0x4 C:/Program Files (x86)/ABOV/eMStudio32/bin/13.2 Rel1/bin/../lib/gcc/arm-none-eabi/13.2.1/thumb/v7e-m/nofp/crtbegin.o
                [!provide]                        PROVIDE (__fini_array_end = .)
 *(.jcr*)
                0x20000018                        . = ALIGN (0x4)
                0x20000018                        __data_end__ = .

.tm_clone_table
                0x20000018        0x0 load address 0x000013e8
 .tm_clone_table
                0x20000018        0x0 C:/Program Files (x86)/ABOV/eMStudio32/bin/13.2 Rel1/bin/../lib/gcc/arm-none-eabi/13.2.1/thumb/v7e-m/nofp/crtbegin.o
 .tm_clone_table
                0x20000018        0x0 C:/Program Files (x86)/ABOV/eMStudio32/bin/13.2 Rel1/bin/../lib/gcc/arm-none-eabi/13.2.1/thumb/v7e-m/nofp/crtend.o

.igot.plt       0x20000018        0x0 load address 0x000013e8
 .igot.plt      0x20000018        0x0 C:/Program Files (x86)/ABOV/eMStudio32/bin/13.2 Rel1/bin/../lib/gcc/arm-none-eabi/13.2.1/thumb/v7e-m/nofp/crtbegin.o

.bss            0x20000018      0x11c
                0x20000018                        . = ALIGN (0x4)
                0x20000018                        __bss_start__ = .
 *(.bss)
 *(.bss.*)
 .bss.completed.1
                0x20000018        0x1 C:/Program Files (x86)/ABOV/eMStudio32/bin/13.2 Rel1/bin/../lib/gcc/arm-none-eabi/13.2.1/thumb/v7e-m/nofp/crtbegin.o
 *fill*         0x20000019        0x3 
 .bss.object.0  0x2000001c       0x18 C:/Program Files (x86)/ABOV/eMStudio32/bin/13.2 Rel1/bin/../lib/gcc/arm-none-eabi/13.2.1/thumb/v7e-m/nofp/crtbegin.o
 .bss.s_un32SysTimerVal
                0x20000034        0x4 ./Main/prv_user_code.o
 .bss.s_tCcb    0x20000038       0x24 ./HAL/SCU/hal_scu_clk.o
 .bss.s_un32PLLClock
                0x2000005c        0x4 ./HAL/SCU/hal_scu_clk.o
 .bss.s_tPcb    0x20000060       0x70 ./HAL/PCU/hal_pcu.o
 .bss.s_tNrb    0x200000d0       0x60 ./HAL/HPL/NMI/hpl_nmi.o
 .bss.__stdio_exit_handler
                0x20000130        0x4 C:/Program Files (x86)/ABOV/eMStudio32/bin/13.2 Rel1/bin/../lib/gcc/arm-none-eabi/13.2.1/thumb/v7e-m/nofp\libg_nano.a(libc_a-findfp.o)
                0x20000130                __stdio_exit_handler
 *(COMMON)
                0x20000134                        . = ALIGN (0x4)
                0x20000134                        __bss_end__ = .

.heap           0x20000134      0x404
                0x20000138                        . = ALIGN (0x8)
 *fill*         0x20000134        0x4 
                0x20000138                        __end__ = .
                0x20000138                        PROVIDE (end = .)
                0x20000538                        . = (. + __HEAP_SIZE)
 *fill*         0x20000138      0x400 
                0x20000538                        . = ALIGN (0x8)
                0x20000538                        __HeapLimit = .

.stack          0x2003fc00      0x400
                0x2003fc00                        . = ALIGN (0x8)
                0x2003fc00                        __StackLimit = .
                0x20040000                        . = (. + __STACK_SIZE)
 *fill*         0x2003fc00      0x400 
                0x20040000                        . = ALIGN (0x8)
                0x20040000                        __StackTop = .
                0x20040000                        PROVIDE (__stack = __StackTop)
                0x00000001                        ASSERT ((__StackLimit >= __HeapLimit), region RAM overflowed with stack)
OUTPUT(GPIO_Input.elf elf32-littlearm)
LOAD linker stubs

.ARM.attributes
                0x00000000       0x2a
 .ARM.attributes
                0x00000000       0x1e C:/Program Files (x86)/ABOV/eMStudio32/bin/13.2 Rel1/bin/../lib/gcc/arm-none-eabi/13.2.1/thumb/v7e-m/nofp/crti.o
 .ARM.attributes
                0x0000001e       0x2e C:/Program Files (x86)/ABOV/eMStudio32/bin/13.2 Rel1/bin/../lib/gcc/arm-none-eabi/13.2.1/thumb/v7e-m/nofp/crtbegin.o
 .ARM.attributes
                0x0000004c       0x1c C:/Program Files (x86)/ABOV/eMStudio32/bin/13.2 Rel1/bin/../lib/gcc/arm-none-eabi/13.2.1/thumb/v7e-m/nofp/crt0.o
 .ARM.attributes
                0x00000068       0x2e ./Main/main.o
 .ARM.attributes
                0x00000096       0x2e ./Main/prv_scu_clk.o
 .ARM.attributes
                0x000000c4       0x2e ./Main/prv_user_code.o
 .ARM.attributes
                0x000000f2       0x2e ./HAL/SCU/hal_scu_clk.o
 .ARM.attributes
                0x00000120       0x2e ./HAL/PCU/hal_pcu.o
 .ARM.attributes
                0x0000014e       0x2e ./HAL/HPL/NMI/hpl_nmi.o
 .ARM.attributes
                0x0000017c       0x2e ./ABOV/Source/startup_a34xxxx.o
 .ARM.attributes
                0x000001aa       0x2e ./ABOV/Source/system_a34xxxx.o
 .ARM.attributes
                0x000001d8       0x1e C:/Program Files (x86)/ABOV/eMStudio32/bin/13.2 Rel1/bin/../lib/gcc/arm-none-eabi/13.2.1/thumb/v7e-m/nofp\libgcc.a(_aeabi_uldivmod.o)
 .ARM.attributes
                0x000001f6       0x2e C:/Program Files (x86)/ABOV/eMStudio32/bin/13.2 Rel1/bin/../lib/gcc/arm-none-eabi/13.2.1/thumb/v7e-m/nofp\libgcc.a(_udivmoddi4.o)
 .ARM.attributes
                0x00000224       0x1e C:/Program Files (x86)/ABOV/eMStudio32/bin/13.2 Rel1/bin/../lib/gcc/arm-none-eabi/13.2.1/thumb/v7e-m/nofp\libgcc.a(_dvmd_tls.o)
 .ARM.attributes
                0x00000242       0x2e C:/Program Files (x86)/ABOV/eMStudio32/bin/13.2 Rel1/bin/../lib/gcc/arm-none-eabi/13.2.1/thumb/v7e-m/nofp\libg_nano.a(libc_a-exit.o)
 .ARM.attributes
                0x00000270       0x2e C:/Program Files (x86)/ABOV/eMStudio32/bin/13.2 Rel1/bin/../lib/gcc/arm-none-eabi/13.2.1/thumb/v7e-m/nofp\libg_nano.a(libc_a-findfp.o)
 .ARM.attributes
                0x0000029e       0x2e C:/Program Files (x86)/ABOV/eMStudio32/bin/13.2 Rel1/bin/../lib/gcc/arm-none-eabi/13.2.1/thumb/v7e-m/nofp\libg_nano.a(libc_a-memset.o)
 .ARM.attributes
                0x000002cc       0x2e C:/Program Files (x86)/ABOV/eMStudio32/bin/13.2 Rel1/bin/../lib/gcc/arm-none-eabi/13.2.1/thumb/v7e-m/nofp\libg_nano.a(libc_a-init.o)
 .ARM.attributes
                0x000002fa       0x2e C:/Program Files (x86)/ABOV/eMStudio32/bin/13.2 Rel1/bin/../lib/gcc/arm-none-eabi/13.2.1/thumb/v7e-m/nofp\libnosys.a(_exit.o)
 .ARM.attributes
                0x00000328       0x2e C:/Program Files (x86)/ABOV/eMStudio32/bin/13.2 Rel1/bin/../lib/gcc/arm-none-eabi/13.2.1/thumb/v7e-m/nofp/crtend.o
 .ARM.attributes
                0x00000356       0x1e C:/Program Files (x86)/ABOV/eMStudio32/bin/13.2 Rel1/bin/../lib/gcc/arm-none-eabi/13.2.1/thumb/v7e-m/nofp/crtn.o

.comment        0x00000000       0x44
 .comment       0x00000000       0x44 ./Main/main.o
                                 0x45 (size before relaxing)
 .comment       0x00000044       0x45 ./Main/prv_scu_clk.o
 .comment       0x00000044       0x45 ./Main/prv_user_code.o
 .comment       0x00000044       0x45 ./HAL/SCU/hal_scu_clk.o
 .comment       0x00000044       0x45 ./HAL/PCU/hal_pcu.o
 .comment       0x00000044       0x45 ./HAL/HPL/NMI/hpl_nmi.o
 .comment       0x00000044       0x45 ./ABOV/Source/startup_a34xxxx.o
 .comment       0x00000044       0x45 ./ABOV/Source/system_a34xxxx.o

.debug_line_str
                0x00000000      0x1a5
 .debug_line_str
                0x00000000      0x1a5 C:/Program Files (x86)/ABOV/eMStudio32/bin/13.2 Rel1/bin/../lib/gcc/arm-none-eabi/13.2.1/thumb/v7e-m/nofp/crt0.o
                                 0xd3 (size before relaxing)
 .debug_line_str
                0x000001a5       0xc6 C:/Program Files (x86)/ABOV/eMStudio32/bin/13.2 Rel1/bin/../lib/gcc/arm-none-eabi/13.2.1/thumb/v7e-m/nofp\libgcc.a(_aeabi_uldivmod.o)
 .debug_line_str
                0x000001a5       0xca C:/Program Files (x86)/ABOV/eMStudio32/bin/13.2 Rel1/bin/../lib/gcc/arm-none-eabi/13.2.1/thumb/v7e-m/nofp\libgcc.a(_dvmd_tls.o)

.debug_info     0x00000000     0x6fce
 .debug_info    0x00000000      0x990 ./Main/main.o
 .debug_info    0x00000990      0x51d ./Main/prv_scu_clk.o
 .debug_info    0x00000ead      0xb0b ./Main/prv_user_code.o
 .debug_info    0x000019b8     0x1d2e ./HAL/SCU/hal_scu_clk.o
 .debug_info    0x000036e6     0x2417 ./HAL/PCU/hal_pcu.o
 .debug_info    0x00005afd      0xaad ./HAL/HPL/NMI/hpl_nmi.o
 .debug_info    0x000065aa      0x2c6 ./ABOV/Source/startup_a34xxxx.o
 .debug_info    0x00006870      0x75e ./ABOV/Source/system_a34xxxx.o

.debug_abbrev   0x00000000     0x124c
 .debug_abbrev  0x00000000      0x117 ./Main/main.o
 .debug_abbrev  0x00000117      0x124 ./Main/prv_scu_clk.o
 .debug_abbrev  0x0000023b      0x284 ./Main/prv_user_code.o
 .debug_abbrev  0x000004bf      0x40e ./HAL/SCU/hal_scu_clk.o
 .debug_abbrev  0x000008cd      0x42f ./HAL/PCU/hal_pcu.o
 .debug_abbrev  0x00000cfc      0x226 ./HAL/HPL/NMI/hpl_nmi.o
 .debug_abbrev  0x00000f22      0x1ac ./ABOV/Source/startup_a34xxxx.o
 .debug_abbrev  0x000010ce      0x17e ./ABOV/Source/system_a34xxxx.o

.debug_aranges  0x00000000      0x380
 .debug_aranges
                0x00000000       0x28 ./Main/main.o
 .debug_aranges
                0x00000028       0x20 ./Main/prv_scu_clk.o
 .debug_aranges
                0x00000048       0x50 ./Main/prv_user_code.o
 .debug_aranges
                0x00000098       0xf0 ./HAL/SCU/hal_scu_clk.o
 .debug_aranges
                0x00000188      0x148 ./HAL/PCU/hal_pcu.o
 .debug_aranges
                0x000002d0       0x50 ./HAL/HPL/NMI/hpl_nmi.o
 .debug_aranges
                0x00000320       0x30 ./ABOV/Source/startup_a34xxxx.o
 .debug_aranges
                0x00000350       0x30 ./ABOV/Source/system_a34xxxx.o

.debug_rnglists
                0x00000000      0x29b
 .debug_rnglists
                0x00000000       0x1a ./Main/main.o
 .debug_rnglists
                0x0000001a       0x14 ./Main/prv_scu_clk.o
 .debug_rnglists
                0x0000002e       0x37 ./Main/prv_user_code.o
 .debug_rnglists
                0x00000065       0xb4 ./HAL/SCU/hal_scu_clk.o
 .debug_rnglists
                0x00000119       0xf5 ./HAL/PCU/hal_pcu.o
 .debug_rnglists
                0x0000020e       0x37 ./HAL/HPL/NMI/hpl_nmi.o
 .debug_rnglists
                0x00000245       0x37 ./ABOV/Source/startup_a34xxxx.o
 .debug_rnglists
                0x0000027c       0x1f ./ABOV/Source/system_a34xxxx.o

.debug_macro    0x00000000    0x18e55
 .debug_macro   0x00000000      0x12d ./Main/main.o
 .debug_macro   0x0000012d      0xac0 ./Main/main.o
 .debug_macro   0x00000bed       0xe7 ./Main/main.o
 .debug_macro   0x00000cd4       0x22 ./Main/main.o
 .debug_macro   0x00000cf6       0x8e ./Main/main.o
 .debug_macro   0x00000d84       0x51 ./Main/main.o
 .debug_macro   0x00000dd5      0x103 ./Main/main.o
 .debug_macro   0x00000ed8       0x6a ./Main/main.o
 .debug_macro   0x00000f42      0x1df ./Main/main.o
 .debug_macro   0x00001121       0x34 ./Main/main.o
 .debug_macro   0x00001155       0x1c ./Main/main.o
 .debug_macro   0x00001171       0x22 ./Main/main.o
 .debug_macro   0x00001193       0xfb ./Main/main.o
 .debug_macro   0x0000128e     0x1011 ./Main/main.o
 .debug_macro   0x0000229f      0x11f ./Main/main.o
 .debug_macro   0x000023be    0x14a95 ./Main/main.o
 .debug_macro   0x00016e53       0x10 ./Main/main.o
 .debug_macro   0x00016e63       0x10 ./Main/main.o
 .debug_macro   0x00016e73       0xb6 ./Main/main.o
 .debug_macro   0x00016f29       0xe3 ./Main/main.o
 .debug_macro   0x0001700c       0x58 ./Main/main.o
 .debug_macro   0x00017064       0x5e ./Main/main.o
 .debug_macro   0x000170c2       0x16 ./Main/main.o
 .debug_macro   0x000170d8      0x27c ./Main/prv_scu_clk.o
 .debug_macro   0x00017354       0x7b ./Main/prv_scu_clk.o
 .debug_macro   0x000173cf       0x24 ./Main/prv_scu_clk.o
 .debug_macro   0x000173f3       0x3c ./Main/prv_scu_clk.o
 .debug_macro   0x0001742f       0x34 ./Main/prv_scu_clk.o
 .debug_macro   0x00017463       0x16 ./Main/prv_scu_clk.o
 .debug_macro   0x00017479       0x9e ./Main/prv_scu_clk.o
 .debug_macro   0x00017517      0x370 ./Main/prv_scu_clk.o
 .debug_macro   0x00017887      0x112 ./Main/prv_scu_clk.o
 .debug_macro   0x00017999       0x10 ./Main/prv_scu_clk.o
 .debug_macro   0x000179a9       0x16 ./Main/prv_scu_clk.o
 .debug_macro   0x000179bf       0x4a ./Main/prv_scu_clk.o
 .debug_macro   0x00017a09       0x34 ./Main/prv_scu_clk.o
 .debug_macro   0x00017a3d       0x10 ./Main/prv_scu_clk.o
 .debug_macro   0x00017a4d       0x58 ./Main/prv_scu_clk.o
 .debug_macro   0x00017aa5      0x1de ./Main/prv_scu_clk.o
 .debug_macro   0x00017c83       0x16 ./Main/prv_scu_clk.o
 .debug_macro   0x00017c99       0x16 ./Main/prv_scu_clk.o
 .debug_macro   0x00017caf      0x170 ./Main/prv_scu_clk.o
 .debug_macro   0x00017e1f       0x16 ./Main/prv_scu_clk.o
 .debug_macro   0x00017e35       0x3c ./Main/prv_scu_clk.o
 .debug_macro   0x00017e71       0x16 ./Main/prv_scu_clk.o
 .debug_macro   0x00017e87       0x29 ./Main/prv_scu_clk.o
 .debug_macro   0x00017eb0       0x22 ./Main/prv_scu_clk.o
 .debug_macro   0x00017ed2       0x16 ./Main/prv_scu_clk.o
 .debug_macro   0x00017ee8       0xe6 ./Main/prv_scu_clk.o
 .debug_macro   0x00017fce      0x28e ./Main/prv_user_code.o
 .debug_macro   0x0001825c      0x2b6 ./HAL/SCU/hal_scu_clk.o
 .debug_macro   0x00018512      0x296 ./HAL/PCU/hal_pcu.o
 .debug_macro   0x000187a8       0x36 ./HAL/PCU/hal_pcu.o
 .debug_macro   0x000187de       0x10 ./HAL/PCU/hal_pcu.o
 .debug_macro   0x000187ee      0x124 ./HAL/PCU/hal_pcu.o
 .debug_macro   0x00018912      0x288 ./HAL/HPL/NMI/hpl_nmi.o
 .debug_macro   0x00018b9a       0x10 ./HAL/HPL/NMI/hpl_nmi.o
 .debug_macro   0x00018baa       0x64 ./HAL/HPL/NMI/hpl_nmi.o
 .debug_macro   0x00018c0e      0x12b ./ABOV/Source/startup_a34xxxx.o
 .debug_macro   0x00018d39      0x11c ./ABOV/Source/system_a34xxxx.o

.debug_line     0x00000000     0x5319
 .debug_line    0x00000000      0x7e1 ./Main/main.o
 .debug_line    0x000007e1      0x775 ./Main/prv_scu_clk.o
 .debug_line    0x00000f56      0x843 ./Main/prv_user_code.o
 .debug_line    0x00001799     0x1263 ./HAL/SCU/hal_scu_clk.o
 .debug_line    0x000029fc     0x1251 ./HAL/PCU/hal_pcu.o
 .debug_line    0x00003c4d      0x9d6 ./HAL/HPL/NMI/hpl_nmi.o
 .debug_line    0x00004623      0x678 ./ABOV/Source/startup_a34xxxx.o
 .debug_line    0x00004c9b      0x67e ./ABOV/Source/system_a34xxxx.o

.debug_str      0x00000000    0x67a3f
 .debug_str     0x00000000    0x67a3f ./Main/main.o
                              0x5e250 (size before relaxing)
 .debug_str     0x00067a3f    0x62da1 ./Main/prv_scu_clk.o
 .debug_str     0x00067a3f    0x63228 ./Main/prv_user_code.o
 .debug_str     0x00067a3f    0x660bb ./HAL/SCU/hal_scu_clk.o
 .debug_str     0x00067a3f    0x648a7 ./HAL/PCU/hal_pcu.o
 .debug_str     0x00067a3f    0x634db ./HAL/HPL/NMI/hpl_nmi.o
 .debug_str     0x00067a3f    0x5e1b3 ./ABOV/Source/startup_a34xxxx.o
 .debug_str     0x00067a3f    0x5e2f1 ./ABOV/Source/system_a34xxxx.o

.debug_frame    0x00000000      0xa60
 .debug_frame   0x00000000       0x44 ./Main/main.o
 .debug_frame   0x00000044       0x30 ./Main/prv_scu_clk.o
 .debug_frame   0x00000074       0xac ./Main/prv_user_code.o
 .debug_frame   0x00000120      0x230 ./HAL/SCU/hal_scu_clk.o
 .debug_frame   0x00000350      0x394 ./HAL/PCU/hal_pcu.o
 .debug_frame   0x000006e4       0xbc ./HAL/HPL/NMI/hpl_nmi.o
 .debug_frame   0x000007a0       0x48 ./ABOV/Source/startup_a34xxxx.o
 .debug_frame   0x000007e8       0x40 ./ABOV/Source/system_a34xxxx.o
 .debug_frame   0x00000828       0x2c C:/Program Files (x86)/ABOV/eMStudio32/bin/13.2 Rel1/bin/../lib/gcc/arm-none-eabi/13.2.1/thumb/v7e-m/nofp\libgcc.a(_aeabi_uldivmod.o)
 .debug_frame   0x00000854       0x34 C:/Program Files (x86)/ABOV/eMStudio32/bin/13.2 Rel1/bin/../lib/gcc/arm-none-eabi/13.2.1/thumb/v7e-m/nofp\libgcc.a(_udivmoddi4.o)
 .debug_frame   0x00000888       0x28 C:/Program Files (x86)/ABOV/eMStudio32/bin/13.2 Rel1/bin/../lib/gcc/arm-none-eabi/13.2.1/thumb/v7e-m/nofp\libg_nano.a(libc_a-exit.o)
 .debug_frame   0x000008b0      0x144 C:/Program Files (x86)/ABOV/eMStudio32/bin/13.2 Rel1/bin/../lib/gcc/arm-none-eabi/13.2.1/thumb/v7e-m/nofp\libg_nano.a(libc_a-findfp.o)
 .debug_frame   0x000009f4       0x20 C:/Program Files (x86)/ABOV/eMStudio32/bin/13.2 Rel1/bin/../lib/gcc/arm-none-eabi/13.2.1/thumb/v7e-m/nofp\libg_nano.a(libc_a-memset.o)
 .debug_frame   0x00000a14       0x2c C:/Program Files (x86)/ABOV/eMStudio32/bin/13.2 Rel1/bin/../lib/gcc/arm-none-eabi/13.2.1/thumb/v7e-m/nofp\libg_nano.a(libc_a-init.o)
 .debug_frame   0x00000a40       0x20 C:/Program Files (x86)/ABOV/eMStudio32/bin/13.2 Rel1/bin/../lib/gcc/arm-none-eabi/13.2.1/thumb/v7e-m/nofp\libnosys.a(_exit.o)

.debug_loclists
                0x00000000     0x20c0
 .debug_loclists
                0x00000000       0xd0 ./Main/prv_user_code.o
 .debug_loclists
                0x000000d0      0xdf4 ./HAL/SCU/hal_scu_clk.o
 .debug_loclists
                0x00000ec4      0xebd ./HAL/PCU/hal_pcu.o
 .debug_loclists
                0x00001d81      0x281 ./HAL/HPL/NMI/hpl_nmi.o
 .debug_loclists
                0x00002002       0x38 ./ABOV/Source/startup_a34xxxx.o
 .debug_loclists
                0x0000203a       0x86 ./ABOV/Source/system_a34xxxx.o
